 addon

 Timestamp is 5aead0b4 (Thu May  3 11:04:52 2018)

 Preferred load address is 0000000180000000

 Start         Length     Name                   Class
 0001:00000000 00000180H .text$di                CODE
 0001:00000180 00020c90H .text$mn                CODE
 0001:00020e10 000000e0H .text$mn$00             CODE
 0001:00020ef0 000004f0H .text$x                 CODE
 0001:000213e0 0000027cH .text$yd                CODE
 0002:00000000 000002c8H .idata$5                DATA
 0002:000002c8 00000020H .00cfg                  DATA
 0002:000002e8 00000008H .CRT$XCA                DATA
 0002:000002f0 00000038H .CRT$XCC                DATA
 0002:00000328 00000010H .CRT$XCL                DATA
 0002:00000338 00000018H .CRT$XCU                DATA
 0002:00000350 00000008H .CRT$XCZ                DATA
 0002:00000358 00000008H .CRT$XIA                DATA
 0002:00000360 00000028H .CRT$XIC                DATA
 0002:00000388 00000008H .CRT$XIZ                DATA
 0002:00000390 00000008H .CRT$XPA                DATA
 0002:00000398 00000010H .CRT$XPX                DATA
 0002:000003a8 00000008H .CRT$XPXA               DATA
 0002:000003b0 00000008H .CRT$XPZ                DATA
 0002:000003b8 00000008H .CRT$XTA                DATA
 0002:000003c0 00000010H .CRT$XTZ                DATA
 0002:000003c8 00000000H .gfids$y                DATA
 0002:000003d0 0000eee8H .rdata                  DATA
 0002:0000f2b8 00000e3cH .rdata$r                DATA
 0002:000100f4 000003fcH .rdata$zzzdbg           DATA
 0002:000104f0 00000008H .rtc$IAA                DATA
 0002:000104f8 00000008H .rtc$IZZ                DATA
 0002:00010500 00000008H .rtc$TAA                DATA
 0002:00010508 00000008H .rtc$TZZ                DATA
 0002:00010510 00001df0H .xdata                  DATA
 0002:00012300 000001dcH .xdata$x                DATA
 0002:000124dc 00000020H .didat$2                DATA
 0002:000124fc 00000024H .didat$3                DATA
 0002:00012520 00000050H .didat$4                DATA
 0002:00012570 00000270H .didat$6                DATA
 0002:000127e0 00000050H .didat$7                DATA
 0002:00012830 00000050H .edata                  DATA
 0002:00012880 00000014H .idata$2                DATA
 0002:00012894 00000014H .idata$3                DATA
 0002:000128a8 000002c8H .idata$4                DATA
 0002:00012b70 00000672H .idata$6                DATA
 0003:00000000 00000bc0H .data                   DATA
 0003:00000bc0 00000540H .data$r                 DATA
 0003:00001100 00000050H .didat$5                DATA
 0003:00001150 00001a84H .bss                    DATA
 0004:00000000 000020d0H .pdata                  DATA
 0005:00000000 00000060H .rsrc$01                DATA
 0005:00000060 00000180H .rsrc$02                DATA

  Address         Publics by Value              Rva+Base               Lib:Object

 0000:00000000       __guard_iat_count          0000000000000000     <absolute>
 0000:00000000       __dynamic_value_reloc_table 0000000000000000     <absolute>
 0000:00000000       __hybrid_code_map          0000000000000000     <absolute>
 0000:00000000       __hybrid_code_map_count    0000000000000000     <absolute>
 0000:00000000       __guard_iat_table          0000000000000000     <absolute>
 0000:00000000       __guard_longjmp_table      0000000000000000     <absolute>
 0000:00000000       __hybrid_auxiliary_iat     0000000000000000     <absolute>
 0000:00000000       __guard_longjmp_count      0000000000000000     <absolute>
 0000:00000000       __guard_fids_count         0000000000000000     <absolute>
 0000:00000000       __enclave_config           0000000000000000     <absolute>
 0000:00000000       ___safe_se_handler_table   0000000000000000     <absolute>
 0000:00000000       ___safe_se_handler_count   0000000000000000     <absolute>
 0000:00000000       __guard_fids_table         0000000000000000     <absolute>
 0000:00000100       __guard_flags              0000000000000100     <absolute>
 0000:00000000       __ImageBase                0000000180000000     <linker-defined>
 0001:00000180       ?what@exception@stdext@@UEBAPEBDXZ 0000000180001180 f i curtaincontrol.obj
 0001:000001a0       ?_Raise@exception@stdext@@QEBAXXZ 00000001800011a0 f i curtaincontrol.obj
 0001:000001e0       ?_Unlock@?$basic_streambuf@DU?$char_traits@D@std@@@std@@UEAAXXZ 00000001800011e0 f i curtaincontrol.obj
 0001:000001e0       ?_Doraise@exception@stdext@@MEBAXXZ 00000001800011e0 f i curtaincontrol.obj
 0001:000001e0       _guard_check_icall_nop     00000001800011e0 f i LIBCMT:guard_support.obj
 0001:000001e0       ?_Lock@?$basic_streambuf@DU?$char_traits@D@std@@@std@@UEAAXXZ 00000001800011e0 f i curtaincontrol.obj
 0001:000001e0       ?imbue@?$basic_streambuf@DU?$char_traits@D@std@@@std@@MEAAXAEBVlocale@2@@Z 00000001800011e0 f i curtaincontrol.obj
 0001:000001f0       ??_Eruntime_error@std@@UEAAPEAXI@Z 00000001800011f0 f i * CIL library *:* CIL module *
 0001:000001f0       ??_Gexception@stdext@@UEAAPEAXI@Z 00000001800011f0 f i curtaincontrol.obj
 0001:000001f0       ??_Eexception@stdext@@UEAAPEAXI@Z 00000001800011f0 f i * CIL library *:* CIL module *
 0001:000001f0       ??_Gruntime_error@std@@UEAAPEAXI@Z 00000001800011f0 f i curtaincontrol.obj
 0001:00000220       ??0runtime_error@std@@QEAA@PEBD@Z 0000000180001220 f i curtaincontrol.obj
 0001:00000240       ?NODE_SET_METHOD@node@@YAXV?$Local@VObject@v8@@@v8@@PEBDP6AXAEBV?$FunctionCallbackInfo@VValue@v8@@@3@@Z@Z 0000000180001240 f i curtaincontrol.obj
 0001:00000310       ??1_Locinfo@std@@QEAA@XZ   0000000180001310 f i curtaincontrol.obj
 0001:000003b0       ??_E_Facet_base@std@@UEAAPEAXI@Z 00000001800013b0 f i * CIL library *:* CIL module *
 0001:000003b0       ??_G_Facet_base@std@@UEAAPEAXI@Z 00000001800013b0 f i curtaincontrol.obj
 0001:000003e0       ?_Incref@facet@locale@std@@UEAAXXZ 00000001800013e0 f i curtaincontrol.obj
 0001:000003f0       ?_Decref@facet@locale@std@@UEAAPEAV_Facet_base@3@XZ 00000001800013f0 f i curtaincontrol.obj
 0001:00000400       DllMain                    0000000180001400 f i LIBCMT:dll_dllmain_stub.obj
 0001:00000400       ?do_encoding@codecvt_base@std@@MEBAHXZ 0000000180001400 f i curtaincontrol.obj
 0001:00000400       ?do_max_length@codecvt_base@std@@MEBAHXZ 0000000180001400 f i curtaincontrol.obj
 0001:00000400       _get_startup_argv_mode     0000000180001400 f i LIBCMT:argv_mode.obj
 0001:00000410       ?do_tolower@?$ctype@D@std@@MEBADD@Z 0000000180001410 f i curtaincontrol.obj
 0001:00000420       ?do_tolower@?$ctype@D@std@@MEBAPEBDPEADPEBD@Z 0000000180001420 f i curtaincontrol.obj
 0001:00000480       ?do_toupper@?$ctype@D@std@@MEBADD@Z 0000000180001480 f i curtaincontrol.obj
 0001:00000490       ?do_toupper@?$ctype@D@std@@MEBAPEBDPEADPEBD@Z 0000000180001490 f i curtaincontrol.obj
 0001:000004f0       ?do_narrow@?$ctype@D@std@@MEBADDD@Z 00000001800014f0 f i curtaincontrol.obj
 0001:000004f0       ?do_widen@?$ctype@D@std@@MEBADD@Z 00000001800014f0 f i curtaincontrol.obj
 0001:00000500       ?do_widen@?$ctype@D@std@@MEBAPEBDPEBD0PEAD@Z 0000000180001500 f i curtaincontrol.obj
 0001:00000520       ?do_narrow@?$ctype@D@std@@MEBAPEBDPEBD0DPEAD@Z 0000000180001520 f i curtaincontrol.obj
 0001:00000540       ??_E?$ctype@D@std@@MEAAPEAXI@Z 0000000180001540 f i * CIL library *:* CIL module *
 0001:00000540       ??_G?$ctype@D@std@@MEAAPEAXI@Z 0000000180001540 f i curtaincontrol.obj
 0001:000005b0       ??_Gerror_category@std@@UEAAPEAXI@Z 00000001800015b0 f i curtaincontrol.obj
 0001:000005b0       ??_E_Iostream_error_category@std@@UEAAPEAXI@Z 00000001800015b0 f i * CIL library *:* CIL module *
 0001:000005b0       ??_Eerror_category@std@@UEAAPEAXI@Z 00000001800015b0 f i * CIL library *:* CIL module *
 0001:000005b0       ??_G_Iostream_error_category@std@@UEAAPEAXI@Z 00000001800015b0 f i curtaincontrol.obj
 0001:000005e0       ?default_error_condition@error_category@std@@UEBA?AVerror_condition@2@H@Z 00000001800015e0 f i curtaincontrol.obj
 0001:000005f0       ?equivalent@error_category@std@@UEBA_NHAEBVerror_condition@2@@Z 00000001800015f0 f i curtaincontrol.obj
 0001:00000650       ?equivalent@error_category@std@@UEBA_NAEBVerror_code@2@H@Z 0000000180001650 f i curtaincontrol.obj
 0001:00000670       ?make_error_code@std@@YA?AVerror_code@1@W4io_errc@1@@Z 0000000180001670 f i curtaincontrol.obj
 0001:000006c0       ?_Makestr@_System_error@std@@CA?AV?$basic_string@DU?$char_traits@D@std@@V?$allocator@D@2@@2@Verror_code@2@V32@@Z 00000001800016c0 f i curtaincontrol.obj
 0001:00000890       ??0_System_error@std@@IEAA@Verror_code@1@AEBV?$basic_string@DU?$char_traits@D@std@@V?$allocator@D@2@@1@@Z 0000000180001890 f i curtaincontrol.obj
 0001:00000a20       ??_E_System_error@std@@UEAAPEAXI@Z 0000000180001a20 f i * CIL library *:* CIL module *
 0001:00000a20       ??_G_System_error@std@@UEAAPEAXI@Z 0000000180001a20 f i curtaincontrol.obj
 0001:00000a20       ??_Efailure@ios_base@std@@UEAAPEAXI@Z 0000000180001a20 f i * CIL library *:* CIL module *
 0001:00000a20       ??_Gfailure@ios_base@std@@UEAAPEAXI@Z 0000000180001a20 f i curtaincontrol.obj
 0001:00000a50       ?name@_Iostream_error_category@std@@UEBAPEBDXZ 0000000180001a50 f i curtaincontrol.obj
 0001:00000a60       ?message@_Iostream_error_category@std@@UEBA?AV?$basic_string@DU?$char_traits@D@std@@V?$allocator@D@2@@2@H@Z 0000000180001a60 f i curtaincontrol.obj
 0001:00000ae0       ??0failure@ios_base@std@@QEAA@PEBDAEBVerror_code@2@@Z 0000000180001ae0 f i curtaincontrol.obj
 0001:00000bd0       ??_Gios_base@std@@UEAAPEAXI@Z 0000000180001bd0 f i curtaincontrol.obj
 0001:00000bd0       ??_Eios_base@std@@UEAAPEAXI@Z 0000000180001bd0 f i * CIL library *:* CIL module *
 0001:00000c10       ??_D?$basic_ofstream@DU?$char_traits@D@std@@@std@@QEAAXXZ 0000000180001c10 f i curtaincontrol.obj
 0001:00000ca0       ?writeMessege@demo@@YAXQEAD@Z 0000000180001ca0 f   curtaincontrol.obj
 0001:00000d90       ?callPythonScript@demo@@YAXXZ 0000000180001d90 f   curtaincontrol.obj
 0001:00000f80       ?closeCurtain@demo@@YAXAEBV?$FunctionCallbackInfo@VValue@v8@@@v8@@@Z 0000000180001f80 f   curtaincontrol.obj
 0001:00000fc0       ?openCurtain@demo@@YAXAEBV?$FunctionCallbackInfo@VValue@v8@@@v8@@@Z 0000000180001fc0 f   curtaincontrol.obj
 0001:00001000       ?init@demo@@YAXV?$Local@VObject@v8@@@v8@@@Z 0000000180002000 f   curtaincontrol.obj
 0001:00001050       ?open@?$basic_ofstream@DU?$char_traits@D@std@@@std@@QEAAXPEBDHH@Z 0000000180002050 f i curtaincontrol.obj
 0001:00001200       ??0?$basic_ofstream@DU?$char_traits@D@std@@@std@@QEAA@XZ 0000000180002200 f i curtaincontrol.obj
 0001:000014a0       ?imbue@?$basic_filebuf@DU?$char_traits@D@std@@@std@@MEAAXAEBVlocale@2@@Z 00000001800024a0 f i curtaincontrol.obj
 0001:000014d0       ?sync@?$basic_filebuf@DU?$char_traits@D@std@@@std@@MEAAHXZ 00000001800024d0 f i curtaincontrol.obj
 0001:00001520       ?setbuf@?$basic_filebuf@DU?$char_traits@D@std@@@std@@MEAAPEAV?$basic_streambuf@DU?$char_traits@D@std@@@2@PEAD_J@Z 0000000180002520 f i curtaincontrol.obj
 0001:00001580       ?seekpos@?$basic_filebuf@DU?$char_traits@D@std@@@std@@MEAA?AV?$fpos@U_Mbstatet@@@2@V32@H@Z 0000000180002580 f i curtaincontrol.obj
 0001:00001660       ?seekoff@?$basic_filebuf@DU?$char_traits@D@std@@@std@@MEAA?AV?$fpos@U_Mbstatet@@@2@_JHH@Z 0000000180002660 f i curtaincontrol.obj
 0001:00001750       ?uflow@?$basic_filebuf@DU?$char_traits@D@std@@@std@@MEAAHXZ 0000000180002750 f i curtaincontrol.obj
 0001:00001ac0       ?underflow@?$basic_filebuf@DU?$char_traits@D@std@@@std@@MEAAHXZ 0000000180002ac0 f i curtaincontrol.obj
 0001:00001bf0       ?pbackfail@?$basic_filebuf@DU?$char_traits@D@std@@@std@@MEAAHH@Z 0000000180002bf0 f i curtaincontrol.obj
 0001:00001cd0       ?overflow@?$basic_filebuf@DU?$char_traits@D@std@@@std@@MEAAHH@Z 0000000180002cd0 f i curtaincontrol.obj
 0001:00001fa0       ?_Unlock@?$basic_filebuf@DU?$char_traits@D@std@@@std@@UEAAXXZ 0000000180002fa0 f i curtaincontrol.obj
 0001:00001fc0       ?_Lock@?$basic_filebuf@DU?$char_traits@D@std@@@std@@UEAAXXZ 0000000180002fc0 f i curtaincontrol.obj
 0001:00001fe0       ??1?$basic_filebuf@DU?$char_traits@D@std@@@std@@UEAA@XZ 0000000180002fe0 f i curtaincontrol.obj
 0001:00002090       ?write@?$basic_ostream@DU?$char_traits@D@std@@@std@@QEAAAEAV12@PEBD_J@Z 0000000180003090 f i curtaincontrol.obj
 0001:000023d0       ?showmanyc@?$basic_streambuf@DU?$char_traits@D@std@@@std@@MEAA_JXZ 00000001800033d0 f i curtaincontrol.obj
 0001:000023d0       ?sync@?$basic_streambuf@DU?$char_traits@D@std@@@std@@MEAAHXZ 00000001800033d0 f i curtaincontrol.obj
 0001:000023e0       ?setbuf@?$basic_streambuf@DU?$char_traits@D@std@@@std@@MEAAPEAV12@PEAD_J@Z 00000001800033e0 f i curtaincontrol.obj
 0001:000023f0       ?seekpos@?$basic_streambuf@DU?$char_traits@D@std@@@std@@MEAA?AV?$fpos@U_Mbstatet@@@2@V32@H@Z 00000001800033f0 f i curtaincontrol.obj
 0001:000023f0       ?seekoff@?$basic_streambuf@DU?$char_traits@D@std@@@std@@MEAA?AV?$fpos@U_Mbstatet@@@2@_JHH@Z 00000001800033f0 f i curtaincontrol.obj
 0001:00002410       ?xsputn@?$basic_streambuf@DU?$char_traits@D@std@@@std@@MEAA_JPEBD_J@Z 0000000180003410 f i curtaincontrol.obj
 0001:000024e0       ?xsgetn@?$basic_streambuf@DU?$char_traits@D@std@@@std@@MEAA_JPEAD_J@Z 00000001800034e0 f i curtaincontrol.obj
 0001:000025a0       ?uflow@?$basic_streambuf@DU?$char_traits@D@std@@@std@@MEAAHXZ 00000001800035a0 f i curtaincontrol.obj
 0001:000025e0       ?pbackfail@?$basic_streambuf@DU?$char_traits@D@std@@@std@@MEAAHH@Z 00000001800035e0 f i curtaincontrol.obj
 0001:000025e0       ?underflow@?$basic_streambuf@DU?$char_traits@D@std@@@std@@MEAAHXZ 00000001800035e0 f i curtaincontrol.obj
 0001:000025e0       ?overflow@?$basic_streambuf@DU?$char_traits@D@std@@@std@@MEAAHH@Z 00000001800035e0 f i curtaincontrol.obj
 0001:000025f0       ??_E?$basic_ofstream@DU?$char_traits@D@std@@@std@@UEAAPEAXI@Z 00000001800035f0 f i * CIL library *:* CIL module *
 0001:000025f0       ??_G?$basic_ofstream@DU?$char_traits@D@std@@@std@@UEAAPEAXI@Z 00000001800035f0 f i curtaincontrol.obj
 0001:00002630       ??_E?$basic_filebuf@DU?$char_traits@D@std@@@std@@UEAAPEAXI@Z 0000000180003630 f i * CIL library *:* CIL module *
 0001:00002630       ??_G?$basic_filebuf@DU?$char_traits@D@std@@@std@@UEAAPEAXI@Z 0000000180003630 f i curtaincontrol.obj
 0001:00002670       ??_E?$basic_ostream@DU?$char_traits@D@std@@@std@@UEAAPEAXI@Z 0000000180003670 f i * CIL library *:* CIL module *
 0001:00002670       ??_G?$basic_ostream@DU?$char_traits@D@std@@@std@@UEAAPEAXI@Z 0000000180003670 f i curtaincontrol.obj
 0001:000026e0       ??_E?$basic_streambuf@DU?$char_traits@D@std@@@std@@UEAAPEAXI@Z 00000001800036e0 f i * CIL library *:* CIL module *
 0001:000026e0       ??_G?$basic_streambuf@DU?$char_traits@D@std@@@std@@UEAAPEAXI@Z 00000001800036e0 f i curtaincontrol.obj
 0001:00002760       ??_Glocale@std@@QEAAPEAXI@Z 0000000180003760 f i curtaincontrol.obj
 0001:000027c0       ??_G?$basic_ios@DU?$char_traits@D@std@@@std@@UEAAPEAXI@Z 00000001800037c0 f i curtaincontrol.obj
 0001:000027c0       ??_E?$basic_ios@DU?$char_traits@D@std@@@std@@UEAAPEAXI@Z 00000001800037c0 f i * CIL library *:* CIL module *
 0001:00002800       ?do_length@?$codecvt@DDU_Mbstatet@@@std@@MEBAHAEAU_Mbstatet@@PEBD1_K@Z 0000000180003800 f i curtaincontrol.obj
 0001:00002820       ?do_unshift@?$codecvt@DDU_Mbstatet@@@std@@MEBAHAEAU_Mbstatet@@PEAD1AEAPEAD@Z 0000000180003820 f i curtaincontrol.obj
 0001:00002830       ?do_out@?$codecvt@DDU_Mbstatet@@@std@@MEBAHAEAU_Mbstatet@@PEBD1AEAPEBDPEAD3AEAPEAD@Z 0000000180003830 f i curtaincontrol.obj
 0001:00002830       ?do_in@?$codecvt@DDU_Mbstatet@@@std@@MEBAHAEAU_Mbstatet@@PEBD1AEAPEBDPEAD3AEAPEAD@Z 0000000180003830 f i curtaincontrol.obj
 0001:00002850       ?do_always_noconv@?$codecvt@DDU_Mbstatet@@@std@@MEBA_NXZ 0000000180003850 f i curtaincontrol.obj
 0001:00002850       __acrt_uninitialize_command_line 0000000180003850 f i libucrt:argv_data.obj
 0001:00002860       ??0sentry@?$basic_ostream@DU?$char_traits@D@std@@@std@@QEAA@AEAV12@@Z 0000000180003860 f i curtaincontrol.obj
 0001:000028d0       ?assign@?$basic_string@DU?$char_traits@D@std@@V?$allocator@D@2@@std@@QEAAAEAV12@_KD@Z 00000001800038d0 f i curtaincontrol.obj
 0001:00002a40       ?append@?$basic_string@DU?$char_traits@D@std@@V?$allocator@D@2@@std@@QEAAAEAV12@_KD@Z 0000000180003a40 f i curtaincontrol.obj
 0001:00002ad0       ?append@?$basic_string@DU?$char_traits@D@std@@V?$allocator@D@2@@std@@QEAAAEAV12@QEBD_K@Z 0000000180003ad0 f i curtaincontrol.obj
 0001:00002b50       ?_Reset_back@?$basic_filebuf@DU?$char_traits@D@std@@@std@@AEAAXXZ 0000000180003b50 f i curtaincontrol.obj
 0001:00002b80       ?_Initcvt@?$basic_filebuf@DU?$char_traits@D@std@@@std@@IEAAXPEBV?$codecvt@DDU_Mbstatet@@@2@@Z 0000000180003b80 f i curtaincontrol.obj
 0001:00002c20       ?_Endwrite@?$basic_filebuf@DU?$char_traits@D@std@@@std@@IEAA_NXZ 0000000180003c20 f i curtaincontrol.obj
 0001:00002e40       ?_Init@?$basic_filebuf@DU?$char_traits@D@std@@@std@@IEAAXPEAU_iobuf@@W4_Initfl@12@@Z 0000000180003e40 f i curtaincontrol.obj
 0001:00002f30       ?close@?$basic_filebuf@DU?$char_traits@D@std@@@std@@QEAAPEAV12@XZ 0000000180003f30 f i curtaincontrol.obj
 0001:00003000       ??0?$basic_ostream@DU?$char_traits@D@std@@@std@@QEAA@PEAV?$basic_streambuf@DU?$char_traits@D@std@@@1@_N@Z 0000000180004000 f i curtaincontrol.obj
 0001:00003180       ??_E?$codecvt@DDU_Mbstatet@@@std@@MEAAPEAXI@Z 0000000180004180 f i * CIL library *:* CIL module *
 0001:00003180       ??_G?$codecvt@DDU_Mbstatet@@@std@@MEAAPEAXI@Z 0000000180004180 f i curtaincontrol.obj
 0001:000031b0       ?assign@?$basic_string@DU?$char_traits@D@std@@V?$allocator@D@2@@std@@QEAAAEAV12@QEBD_K@Z 00000001800041b0 f i curtaincontrol.obj
 0001:00003310       ?flush@?$basic_ostream@DU?$char_traits@D@std@@@std@@QEAAAEAV12@XZ 0000000180004310 f i curtaincontrol.obj
 0001:00003510       ??0?$basic_streambuf@DU?$char_traits@D@std@@@std@@IEAA@XZ 0000000180004510 f i curtaincontrol.obj
 0001:000035b0       ?widen@?$basic_ios@DU?$char_traits@D@std@@@std@@QEBADD@Z 00000001800045b0 f i curtaincontrol.obj
 0001:00003650       ??$use_facet@V?$ctype@D@std@@@std@@YAAEBV?$ctype@D@0@AEBVlocale@0@@Z 0000000180004650 f i curtaincontrol.obj
 0001:00003860       ??$?6U?$char_traits@D@std@@@std@@YAAEAV?$basic_ostream@DU?$char_traits@D@std@@@0@AEAV10@PEBD@Z 0000000180004860 f i curtaincontrol.obj
 0001:00003cd0       ??$use_facet@V?$codecvt@DDU_Mbstatet@@@std@@@std@@YAAEBV?$codecvt@DDU_Mbstatet@@@0@AEBVlocale@0@@Z 0000000180004cd0 f i curtaincontrol.obj
 0001:000041d0       ?_Fail@?$_Default_allocate_traits@$00@std@@SAXXZ 00000001800051d0 f i curtaincontrol.obj
 0001:000041e0       ?_Xlen@?$basic_string@DU?$char_traits@D@std@@V?$allocator@D@2@@std@@SAXXZ 00000001800051e0 f i curtaincontrol.obj
 0001:00004200       ?put@?$basic_ostream@DU?$char_traits@D@std@@@std@@QEAAAEAV12@D@Z 0000000180005200 f i curtaincontrol.obj
 0001:00004450       ??$_Immortalize_impl@V_Iostream_error_category@std@@@std@@YAHPEAX0PEAPEAX@Z 0000000180005450 f i curtaincontrol.obj
 0001:00004468       ??_E?$basic_ostream@DU?$char_traits@D@std@@@std@@$4PPPPPPPM@A@EAAPEAXI@Z 0000000180005468 f i curtaincontrol.obj
 0001:00004474       ??_E?$basic_ofstream@DU?$char_traits@D@std@@@std@@$4PPPPPPPM@A@EAAPEAXI@Z 0000000180005474 f i curtaincontrol.obj
 0001:000044cc       __imp_load_?GetCurrent@Isolate@v8@@SAPEAV12@XZ 00000001800054cc f   node:node.exe
 0001:000044d8       __tailMerge_node_exe       00000001800054d8     node:node.exe
 0001:00004551       __imp_load_??1HandleScope@v8@@QEAA@XZ 0000000180005551 f   node:node.exe
 0001:0000455d       __imp_load_??0HandleScope@v8@@QEAA@PEAVIsolate@1@@Z 000000018000555d f   node:node.exe
 0001:00004569       __imp_load_?GetFunction@FunctionTemplate@v8@@QEAA?AV?$Local@VFunction@v8@@@2@XZ 0000000180005569 f   node:node.exe
 0001:00004575       __imp_load_?New@FunctionTemplate@v8@@SA?AV?$Local@VFunctionTemplate@v8@@@2@PEAVIsolate@2@P6AXAEBV?$FunctionCallbackInfo@VValue@v8@@@2@@ZV?$Local@VValue@v8@@@2@V?$Local@VSignature@v8@@@2@HW4ConstructorBehavior@2@@Z 0000000180005575 f   node:node.exe
 0001:00004581       __imp_load_?NewFromUtf8@String@v8@@SA?AV?$Local@VString@v8@@@2@PEAVIsolate@2@PEBDW4NewStringType@12@H@Z 0000000180005581 f   node:node.exe
 0001:0000458d       __imp_load_?Set@Object@v8@@QEAA_NV?$Local@VValue@v8@@@2@0@Z 000000018000558d f   node:node.exe
 0001:00004599       __imp_load_?SetName@Function@v8@@QEAAXV?$Local@VString@v8@@@2@@Z 0000000180005599 f   node:node.exe
 0001:000045a5       __imp_load_node_module_register 00000001800055a5 f   node:node.exe
 0001:000045b4       ??0_Init_locks@std@@QEAA@XZ 00000001800055b4 f   libcpmt:xlock.obj
 0001:00004600       ??0_Lockit@std@@QEAA@H@Z   0000000180005600 f   libcpmt:xlock.obj
 0001:0000463c       ??1_Init_locks@std@@QEAA@XZ 000000018000563c f   libcpmt:xlock.obj
 0001:00004680       ??1_Lockit@std@@QEAA@XZ    0000000180005680 f   libcpmt:xlock.obj
 0001:000046b4       ??0exception@std@@QEAA@AEBV01@@Z 00000001800056b4 f i libcpmt:xonce.obj
 0001:000046ec       ??_Ebad_array_new_length@std@@UEAAPEAXI@Z 00000001800056ec f i LIBCMT:throw_bad_alloc.obj
 0001:000046ec       ??_Glength_error@std@@UEAAPEAXI@Z 00000001800056ec f i libcpmt:xthrow.obj
 0001:000046ec       ??_Eexception@std@@UEAAPEAXI@Z 00000001800056ec f i libcpmt:xonce.obj
 0001:000046ec       ??_Glogic_error@std@@UEAAPEAXI@Z 00000001800056ec f i libcpmt:xthrow.obj
 0001:000046ec       ??_Gbad_array_new_length@std@@UEAAPEAXI@Z 00000001800056ec f i LIBCMT:throw_bad_alloc.obj
 0001:000046ec       ??_Ebad_alloc@std@@UEAAPEAXI@Z 00000001800056ec f i libcpmt:xthrow.obj
 0001:000046ec       ??_Ebad_exception@std@@UEAAPEAXI@Z 00000001800056ec f i libvcruntime:frame.obj
 0001:000046ec       ??_Elength_error@std@@UEAAPEAXI@Z 00000001800056ec f i libcpmt:xthrow.obj
 0001:000046ec       ??_Gbad_alloc@std@@UEAAPEAXI@Z 00000001800056ec f i libcpmt:xthrow.obj
 0001:000046ec       ??_Gexception@std@@UEAAPEAXI@Z 00000001800056ec f i libcpmt:xonce.obj
 0001:000046ec       ??_Elogic_error@std@@UEAAPEAXI@Z 00000001800056ec f i libcpmt:xthrow.obj
 0001:000046ec       ??_Gbad_exception@std@@UEAAPEAXI@Z 00000001800056ec f i libvcruntime:frame.obj
 0001:00004730       ?_Execute_once@std@@YAHAEAUonce_flag@1@P6AHPEAX1PEAPEAX@Z1@Z 0000000180005730 f   libcpmt:xonce.obj
 0001:00004738       ?what@exception@std@@UEBAPEBDXZ 0000000180005738 f i libcpmt:xonce.obj
 0001:0000474c       ??0_Init_cout@std@@QEAA@XZ 000000018000574c f i libcpmt:cout.obj
 0001:000047b8       ??4?$_Yarn@D@std@@QEAAAEAV01@PEBD@Z 00000001800057b8 f i libcpmt:locale0.obj
 0001:00004830       ??_G_Fac_node@std@@QEAAPEAXI@Z 0000000180005830 f i libcpmt:locale0.obj
 0001:000048bc       ??_G_Locimp@locale@std@@MEAAPEAXI@Z 00000001800058bc f i libcpmt:locale0.obj
 0001:000048bc       ??_E_Locimp@locale@std@@MEAAPEAXI@Z 00000001800058bc f i libcpmt:locale0.obj
 0001:00004928       ?_Facet_Register@std@@YAXPEAV_Facet_base@1@@Z 0000000180005928 f   libcpmt:locale0.obj
 0001:00004960       ?_Getgloballocale@locale@std@@CAPEAV_Locimp@12@XZ 0000000180005960 f   libcpmt:locale0.obj
 0001:00004968       ?_Init@locale@std@@CAPEAV_Locimp@12@_N@Z 0000000180005968 f   libcpmt:locale0.obj
 0001:00004a40       ?_Locimp_dtor@_Locimp@locale@std@@CAXPEAV123@@Z 0000000180005a40 f   libcpmt:locale0.obj
 0001:00004ae8       ?_Locinfo_ctor@_Locinfo@std@@SAXPEAV12@PEBD@Z 0000000180005ae8 f   libcpmt:locale0.obj
 0001:00004b54       ?_Locinfo_dtor@_Locinfo@std@@SAXPEAV12@@Z 0000000180005b54 f   libcpmt:locale0.obj
 0001:00004b70       ?_New_Locimp@_Locimp@locale@std@@CAPEAV123@_N@Z 0000000180005b70 f   libcpmt:locale0.obj
 0001:00004be0       _Deletegloballocale        0000000180005be0 f   libcpmt:locale0.obj
 0001:00004c68       ??0bad_alloc@std@@QEAA@AEBV01@@Z 0000000180005c68 f i libcpmt:xthrow.obj
 0001:00004ca8       ??0bad_alloc@std@@QEAA@XZ  0000000180005ca8 f i libcpmt:xthrow.obj
 0001:00004cc8       ??0length_error@std@@QEAA@AEBV01@@Z 0000000180005cc8 f i libcpmt:xthrow.obj
 0001:00004d08       ??0length_error@std@@QEAA@PEBD@Z 0000000180005d08 f i libcpmt:xthrow.obj
 0001:00004d54       ??0logic_error@std@@QEAA@AEBV01@@Z 0000000180005d54 f i libcpmt:xthrow.obj
 0001:00004d94       ?_Xbad_alloc@std@@YAXXZ    0000000180005d94 f   libcpmt:xthrow.obj
 0001:00004d94       ?__scrt_throw_std_bad_alloc@@YAXXZ 0000000180005d94 f   LIBCMT:throw_bad_alloc.obj
 0001:00004db4       ?_Xlength_error@std@@YAXPEBD@Z 0000000180005db4 f   libcpmt:xthrow.obj
 0001:00004dd8       ?_Addstd@ios_base@std@@SAXPEAV12@@Z 0000000180005dd8 f   libcpmt:ios.obj
 0001:00004e50       ?_Ios_base_dtor@ios_base@std@@CAXPEAV12@@Z 0000000180005e50 f   libcpmt:ios.obj
 0001:00004e94       ?_Tidy@ios_base@std@@AEAAXXZ 0000000180005e94 f i libcpmt:ios.obj
 0001:00004f24       ??$_Xfiopen@D@std@@YAPEAU_iobuf@@PEBDHH@Z 0000000180005f24 f i libcpmt:fiopen.obj
 0001:0000502c       ?_Fiopen@std@@YAPEAU_iobuf@@PEBDHH@Z 000000018000602c f   libcpmt:fiopen.obj
 0001:00005034       ?_Syserror_map@std@@YAPEBDH@Z 0000000180006034 f   libcpmt:syserror.obj
 0001:0000505c       _Getctype                  000000018000605c f   libcpmt:_tolower.obj
 0001:00005124       _Tolower                   0000000180006124 f   libcpmt:_tolower.obj
 0001:00005254       _Toupper                   0000000180006254 f   libcpmt:_toupper.obj
 0001:00005394       _Mtxdst                    0000000180006394 f   libcpmt:xmtx.obj
 0001:0000539c       _Mtxinit                   000000018000639c f   libcpmt:xmtx.obj
 0001:000053ac       _Mtxlock                   00000001800063ac f   libcpmt:xmtx.obj
 0001:000053b4       _Mtxunlock                 00000001800063b4 f   libcpmt:xmtx.obj
 0001:0000588c       __crtInitOnceExecuteOnce   000000018000688c f   libcpmt:winapisupp.obj
 0001:00005968       __crtInitializeCriticalSectionEx 0000000180006968 f   libcpmt:winapisupp.obj
 0001:000059c8       ?_Atexit@@YAXP6AXXZ@Z      00000001800069c8 f   libcpmt:iosptrs.obj
 0001:00005a08       __local_stdio_printf_options 0000000180006a08 f i libcpmt:locale.obj
 0001:00005a10       __crtLCMapStringA          0000000180006a10 f   libcpmt:StlLCMapStringA.obj
 0001:00005cc4       GetTableIndexFromLocaleName 0000000180006cc4 f   libcpmt:winapinls.obj
 0001:00005d54       __crtDownlevelLocaleNameToLCID 0000000180006d54 f   libcpmt:winapinls.obj
 0001:00005d88       __crtLCMapStringEx         0000000180006d88 f   libcpmt:winapinls.obj
 0001:00005e44       __wcsnicmp_ascii           0000000180006e44 f   libcpmt:winapinls.obj
 0001:00005ec0       __security_check_cookie    0000000180006ec0 f   LIBCMT:_amdsecgs_.obj
 0001:00005ee4       ??2@YAPEAX_K@Z             0000000180006ee4 f   LIBCMT:new_scalar.obj
 0001:00005f20       __scrt_acquire_startup_lock 0000000180006f20 f   LIBCMT:utility.obj
 0001:00005f5c       __scrt_dllmain_after_initialize_c 0000000180006f5c f   LIBCMT:utility.obj
 0001:00005f90       __scrt_dllmain_before_initialize_c 0000000180006f90 f   LIBCMT:utility.obj
 0001:00005fa8       __scrt_dllmain_crt_thread_attach 0000000180006fa8 f   LIBCMT:utility.obj
 0001:00005fd0       __scrt_dllmain_crt_thread_detach 0000000180006fd0 f   LIBCMT:utility.obj
 0001:00005fe8       __scrt_dllmain_exception_filter 0000000180006fe8 f   LIBCMT:utility.obj
 0001:0000604c       __scrt_dllmain_uninitialize_c 000000018000704c f   LIBCMT:utility.obj
 0001:0000607c       __scrt_dllmain_uninitialize_critical 000000018000707c f   LIBCMT:utility.obj
 0001:00006090       __scrt_initialize_crt      0000000180007090 f   LIBCMT:utility.obj
 0001:000060dc       __scrt_initialize_onexit_tables 00000001800070dc f   LIBCMT:utility.obj
 0001:000061bc       __scrt_is_nonwritable_in_current_image 00000001800071bc f   LIBCMT:utility.obj
 0001:00006258       __scrt_release_startup_lock 0000000180007258 f   LIBCMT:utility.obj
 0001:0000627c       __scrt_uninitialize_crt    000000018000727c f   LIBCMT:utility.obj
 0001:000062a8       _onexit                    00000001800072a8 f   LIBCMT:utility.obj
 0001:000062f8       atexit                     00000001800072f8 f   LIBCMT:utility.obj
 0001:00006310       ??3@YAXPEAX_K@Z            0000000180007310 f   LIBCMT:delete_scalar_size.obj
 0001:00006310       ??_V@YAXPEAX@Z             0000000180007310 f   LIBCMT:delete_array.obj
 0001:0000665c       _DllMainCRTStartup         000000018000765c f   LIBCMT:dll_dllmain.obj
 0001:0000669c       __GSHandlerCheck           000000018000769c f   LIBCMT:_gshandler_.obj
 0001:000066bc       __GSHandlerCheckCommon     00000001800076bc f   LIBCMT:_gshandler_.obj
 0001:00006718       _guard_check_icall         0000000180007718 f i LIBCMT:checkcfg.obj
 0001:00006720       ??_Gtype_info@@UEAAPEAXI@Z 0000000180007720 f i LIBCMT:std_type_info_static.obj
 0001:00006720       ??_Etype_info@@UEAAPEAXI@Z 0000000180007720 f i LIBCMT:std_type_info_static.obj
 0001:00006760       __chkstk                   0000000180007760 f   LIBCMT:_chkstk_.obj
 0001:00006760       _alloca_probe              0000000180007760 f   LIBCMT:_chkstk_.obj
 0001:000067b4       __raise_securityfailure    00000001800077b4 f   LIBCMT:gs_report.obj
 0001:000067e8       __report_gsfailure         00000001800077e8 f   LIBCMT:gs_report.obj
 0001:000068bc       __report_rangecheckfailure 00000001800078bc f   LIBCMT:gs_report.obj
 0001:000068d0       __report_securityfailure   00000001800078d0 f   LIBCMT:gs_report.obj
 0001:00006a50       ??3@YAXPEAX@Z              0000000180007a50 f   LIBCMT:delete_scalar.obj
 0001:00006a58       ??0bad_array_new_length@std@@QEAA@AEBV01@@Z 0000000180007a58 f i LIBCMT:throw_bad_alloc.obj
 0001:00006a98       ??0bad_array_new_length@std@@QEAA@XZ 0000000180007a98 f i LIBCMT:throw_bad_alloc.obj
 0001:00006ab8       ?__scrt_throw_std_bad_array_new_length@@YAXXZ 0000000180007ab8 f   LIBCMT:throw_bad_alloc.obj
 0001:00006ad8       __isa_available_init       0000000180007ad8 f   LIBCMT:_cpu_disp_.obj
 0001:00006c94       __scrt_is_ucrt_dll_in_use  0000000180007c94 f   LIBCMT:ucrt_detection.obj
 0001:00006ca0       __crt_debugger_hook        0000000180007ca0 f   LIBCMT:utility_desktop.obj
 0001:00006ca8       __scrt_fastfail            0000000180007ca8 f   LIBCMT:utility_desktop.obj
 0001:00006df4       __security_init_cookie     0000000180007df4 f   LIBCMT:gs_support.obj
 0001:00006ea4       ?__scrt_initialize_type_info@@YAXXZ 0000000180007ea4 f   LIBCMT:tncleanup.obj
 0001:00006eb4       ?__scrt_uninitialize_type_info@@YAXXZ 0000000180007eb4 f   LIBCMT:tncleanup.obj
 0001:00006ec0       __local_stdio_scanf_options 0000000180007ec0 f i LIBCMT:default_local_stdio_options.obj
 0001:00006ec8       __scrt_initialize_default_local_stdio_options 0000000180007ec8 f   LIBCMT:default_local_stdio_options.obj
 0001:00006ee4       __scrt_get_dyn_tls_init_callback 0000000180007ee4 f   LIBCMT:dyn_tls_init.obj
 0001:00006eec       _RTC_Initialize            0000000180007eec f   LIBCMT:_initsect_.obj
 0001:00006f38       _RTC_Terminate             0000000180007f38 f   LIBCMT:_initsect_.obj
 0001:00006fa0       memcpy                     0000000180007fa0 f   libvcruntime:memcpy.obj
 0001:00006fa0       memmove                    0000000180007fa0 f   libvcruntime:memcpy.obj
 0001:000073e8       _purecall                  00000001800083e8 f   libvcruntime:purevirt.obj
 0001:00007420       __std_exception_copy       0000000180008420 f   libvcruntime:std_exception.obj
 0001:000074b0       __std_exception_destroy    00000001800084b0 f   libvcruntime:std_exception.obj
 0001:000074d8       _CxxThrowException         00000001800084d8 f   libvcruntime:throw.obj
 0001:000075b0       ?_ExecutionInCatch@@YAHPEAU_xDISPATCHER_CONTEXT@@PEBU_s_FuncInfo@@@Z 00000001800085b0 f   libvcruntime:risctrnsctrl.obj
 0001:00007624       ?_GetEstablisherFrame@@YAPEA_KPEA_KPEAU_xDISPATCHER_CONTEXT@@PEBU_s_FuncInfo@@0@Z 0000000180008624 f   libvcruntime:risctrnsctrl.obj
 0001:000076f0       ?_GetRangeOfTrysToCheck@@YAPEBU_s_TryBlockMapEntry@@PEA_KPEBU_s_FuncInfo@@HHPEAI2PEAU_xDISPATCHER_CONTEXT@@@Z 00000001800086f0 f   libvcruntime:risctrnsctrl.obj
 0001:0000781c       ?__FrameUnwindToEmptyState@@YAXPEA_KPEAU_xDISPATCHER_CONTEXT@@PEBU_s_FuncInfo@@@Z 000000018000881c f   libvcruntime:risctrnsctrl.obj
 0001:000078b0       _CallSETranslator          00000001800088b0 f   libvcruntime:risctrnsctrl.obj
 0001:00007908       _CreateFrameInfo           0000000180008908 f   libvcruntime:risctrnsctrl.obj
 0001:00007944       _FindAndUnlinkFrame        0000000180008944 f   libvcruntime:risctrnsctrl.obj
 0001:000079a0       _GetImageBase              00000001800089a0 f   libvcruntime:risctrnsctrl.obj
 0001:000079b4       _GetThrowImageBase         00000001800089b4 f   libvcruntime:risctrnsctrl.obj
 0001:000079c8       _SetImageBase              00000001800089c8 f   libvcruntime:risctrnsctrl.obj
 0001:000079e0       _SetThrowImageBase         00000001800089e0 f   libvcruntime:risctrnsctrl.obj
 0001:000079f8       _UnwindNestedFrames        00000001800089f8 f   libvcruntime:risctrnsctrl.obj
 0001:00007b1c       __CxxFrameHandler3         0000000180008b1c f   libvcruntime:risctrnsctrl.obj
 0001:00007bb0       memset                     0000000180008bb0 f   libvcruntime:memset.obj
 0001:00007d60       __DestructExceptionObject  0000000180008d60 f   libvcruntime:ehhelpers.obj
 0001:00007de4       ?_CallMemberFunction0@@YAXQEAX0@Z 0000000180008de4 f i libvcruntime:ehhelpers.obj
 0001:00007de8       _IsExceptionObjectToBeDestroyed 0000000180008de8 f   libvcruntime:ehhelpers.obj
 0001:00007e18       __AdjustPointer            0000000180008e18 f   libvcruntime:ehhelpers.obj
 0001:00007e3c       __FrameUnwindFilter        0000000180008e3c f   libvcruntime:ehhelpers.obj
 0001:00007e88       __std_terminate            0000000180008e88 f   libvcruntime:ehhelpers.obj
 0001:00007eb0       memchr                     0000000180008eb0 f   libvcruntime:memchr.obj
 0001:00007f30       memcmp                     0000000180008f30 f   libvcruntime:memcmp.obj
 0001:00007ff8       __vcrt_initialize          0000000180008ff8 f   libvcruntime:initialization.obj
 0001:0000802c       __vcrt_thread_attach       000000018000902c f   libvcruntime:initialization.obj
 0001:00008040       __vcrt_thread_detach       0000000180009040 f   libvcruntime:initialization.obj
 0001:00008054       __vcrt_uninitialize        0000000180009054 f   libvcruntime:initialization.obj
 0001:00008074       __vcrt_uninitialize_critical 0000000180009074 f   libvcruntime:initialization.obj
 0001:00008084       __C_specific_handler       0000000180009084 f   libvcruntime:_riscchandler_.obj
 0001:00008290       __std_type_info_compare    0000000180009290 f   libvcruntime:std_type_info.obj
 0001:000082b8       __std_type_info_destroy_list 00000001800092b8 f   libvcruntime:std_type_info.obj
 0001:000082e4       __vcrt_initialize_pure_virtual_call_handler 00000001800092e4 f   libvcruntime:purevirt_data.obj
 0001:00008308       __vcrt_freefls             0000000180009308 f   libvcruntime:per_thread_data.obj
 0001:00008328       __vcrt_freeptd             0000000180009328 f   libvcruntime:per_thread_data.obj
 0001:00008378       __vcrt_getptd              0000000180009378 f   libvcruntime:per_thread_data.obj
 0001:00008394       __vcrt_getptd_noexit       0000000180009394 f   libvcruntime:per_thread_data.obj
 0001:0000844c       __vcrt_initialize_ptd      000000018000944c f   libvcruntime:per_thread_data.obj
 0001:000084a0       __vcrt_uninitialize_ptd    00000001800094a0 f   libvcruntime:per_thread_data.obj
 0001:000084c4       ?__GetCurrentState@@YAHPEA_KPEAU_xDISPATCHER_CONTEXT@@PEBU_s_FuncInfo@@@Z 00000001800094c4 f   libvcruntime:riscehstate.obj
 0001:000084ec       ?__GetUnwindTryBlock@@YAHPEA_KPEAU_xDISPATCHER_CONTEXT@@PEBU_s_FuncInfo@@@Z 00000001800094ec f   libvcruntime:riscehstate.obj
 0001:00008518       ?__SetState@@YAXPEA_KPEAU_xDISPATCHER_CONTEXT@@PEBU_s_FuncInfo@@H@Z 0000000180009518 f   libvcruntime:riscehstate.obj
 0001:00008524       ?__SetUnwindTryBlock@@YAXPEA_KPEAU_xDISPATCHER_CONTEXT@@PEBU_s_FuncInfo@@H@Z 0000000180009524 f   libvcruntime:riscehstate.obj
 0001:00008560       ?__StateFromControlPc@@YAHPEBU_s_FuncInfo@@PEAU_xDISPATCHER_CONTEXT@@@Z 0000000180009560 f   libvcruntime:riscehstate.obj
 0001:00008568       ?__StateFromIp@@YAHPEBU_s_FuncInfo@@PEAU_xDISPATCHER_CONTEXT@@_K@Z 0000000180009568 f   libvcruntime:riscehstate.obj
 0001:000085d4       ??0bad_exception@std@@QEAA@AEBV01@@Z 00000001800095d4 f i libvcruntime:frame.obj
 0001:00008614       ??0bad_exception@std@@QEAA@XZ 0000000180009614 f i libvcruntime:frame.obj
 0001:00008634       ??1bad_exception@std@@UEAA@XZ 0000000180009634 f i libvcruntime:frame.obj
 0001:00008634       ??1bad_alloc@std@@UEAA@XZ  0000000180009634 f i libcpmt:xthrow.obj
 0001:00008634       ??1bad_array_new_length@std@@UEAA@XZ 0000000180009634 f i LIBCMT:throw_bad_alloc.obj
 0001:00008634       ??1length_error@std@@UEAA@XZ 0000000180009634 f i libcpmt:xthrow.obj
 0001:00008f90       ?_CallMemberFunction1@@YAXQEAX00@Z 0000000180009f90 f i libvcruntime:frame.obj
 0001:00008f9c       ?_CallMemberFunction2@@YAXQEAX00H@Z 0000000180009f9c f i libvcruntime:frame.obj
 0001:00008fac       __BuildCatchObject         0000000180009fac f   libvcruntime:frame.obj
 0001:00009070       __BuildCatchObjectHelper   000000018000a070 f   libvcruntime:frame.obj
 0001:00009274       __CxxCallCatchBlock        000000018000a274 f   libvcruntime:frame.obj
 0001:00009460       __FrameUnwindToState       000000018000a460 f   libvcruntime:frame.obj
 0001:000095f4       __InternalCxxFrameHandler  000000018000a5f4 f   libvcruntime:frame.obj
 0001:00009844       __TypeMatch                000000018000a844 f   libvcruntime:frame.obj
 0001:00009988       __vcrt_initialize_locks    000000018000a988 f   libvcruntime:locks.obj
 0001:000099d0       __vcrt_uninitialize_locks  000000018000a9d0 f   libvcruntime:locks.obj
 0001:00009be0       __vcrt_FlsAlloc            000000018000abe0 f   libvcruntime:winapi_downlevel.obj
 0001:00009c34       __vcrt_FlsFree             000000018000ac34 f   libvcruntime:winapi_downlevel.obj
 0001:00009c88       __vcrt_FlsGetValue         000000018000ac88 f   libvcruntime:winapi_downlevel.obj
 0001:00009cdc       __vcrt_FlsSetValue         000000018000acdc f   libvcruntime:winapi_downlevel.obj
 0001:00009d44       __vcrt_InitializeCriticalSectionEx 000000018000ad44 f   libvcruntime:winapi_downlevel.obj
 0001:00009dbc       __vcrt_initialize_winapi_thunks 000000018000adbc f   libvcruntime:winapi_downlevel.obj
 0001:00009e00       __vcrt_uninitialize_winapi_thunks 000000018000ae00 f   libvcruntime:winapi_downlevel.obj
 0001:00009e50       _local_unwind              000000018000ae50 f   libvcruntime:_jmpuwind_.obj
 0001:00009e80       _NLG_Notify                000000018000ae80 f   libvcruntime:_jmpuwind_.obj
 0001:00009ea0       __NLG_Dispatch2            000000018000aea0 f   libvcruntime:_jmpuwind_.obj
 0001:00009eb0       __NLG_Return2              000000018000aeb0 f   libvcruntime:_jmpuwind_.obj
 0001:00009eb4       __except_validate_context_record 000000018000aeb4 f   libvcruntime:jbcxrval.obj
 0001:00009f00       _CallSettingFrame          000000018000af00 f   libvcruntime:handlers.obj
 0001:00009f40       abort                      000000018000af40 f   libucrt:abort.obj
 0001:00009f98       fputc                      000000018000af98 f   libucrt:fputc.obj
 0001:0000a0b0       __acrt_call_reportfault    000000018000b0b0 f   libucrt:invalid_parameter.obj
 0001:0000a20c       __acrt_initialize_invalid_parameter_handler 000000018000b20c f   libucrt:invalid_parameter.obj
 0001:0000a214       _invalid_parameter         000000018000b214 f   libucrt:invalid_parameter.obj
 0001:0000a2c4       _invalid_parameter_noinfo  000000018000b2c4 f   libucrt:invalid_parameter.obj
 0001:0000a2e4       _invalid_parameter_noinfo_noreturn 000000018000b2e4 f   libucrt:invalid_parameter.obj
 0001:0000a314       _invoke_watson             000000018000b314 f   libucrt:invalid_parameter.obj
 0001:0000a580       __acrt_stdio_flush_nolock  000000018000b580 f   libucrt:fflush.obj
 0001:0000a5fc       _fflush_nolock             000000018000b5fc f   libucrt:fflush.obj
 0001:0000a648       _flushall                  000000018000b648 f   libucrt:fflush.obj
 0001:0000a650       fflush                     000000018000b650 f   libucrt:fflush.obj
 0001:0000a6b8       _fclose_nolock             000000018000b6b8 f   libucrt:fclose.obj
 0001:0000a73c       fclose                     000000018000b73c f   libucrt:fclose.obj
 0001:0000a7a0       _fgetc_nolock              000000018000b7a0 f   libucrt:fgetc.obj
 0001:0000a7e4       fgetc                      000000018000b7e4 f   libucrt:fgetc.obj
 0001:0000a8e0       system                     000000018000b8e0 f   libucrt:system.obj
 0001:0000aa1c       __acrt_initialize_stdio    000000018000ba1c f   libucrt:_file.obj
 0001:0000ab3c       __acrt_iob_func            000000018000bb3c f   libucrt:_file.obj
 0001:0000ab50       __acrt_uninitialize_stdio  000000018000bb50 f   libucrt:_file.obj
 0001:0000abac       _get_stream_buffer_pointers 000000018000bbac f   libucrt:_file.obj
 0001:0000abf4       _lock_file                 000000018000bbf4 f   libucrt:_file.obj
 0001:0000ac00       _unlock_file               000000018000bc00 f   libucrt:_file.obj
 0001:0000acb0       _fwrite_nolock             000000018000bcb0 f   libucrt:fwrite.obj
 0001:0000ae48       fwrite                     000000018000be48 f   libucrt:fwrite.obj
 0001:0000aecc       __acrt_errno_from_os_error 000000018000becc f   libucrt:errno.obj
 0001:0000af14       __acrt_errno_map_os_error  000000018000bf14 f   libucrt:errno.obj
 0001:0000af64       __doserrno                 000000018000bf64 f   libucrt:errno.obj
 0001:0000af84       _errno                     000000018000bf84 f   libucrt:errno.obj
 0001:0000afa4       fgetpos                    000000018000bfa4 f   libucrt:fgetpos.obj
 0001:0000b120       setvbuf                    000000018000c120 f   libucrt:setvbuf.obj
 0001:0000b1bc       free                       000000018000c1bc f   libucrt:free.obj
 0001:0000b1d0       _ungetc_nolock             000000018000c1d0 f   libucrt:ungetc.obj
 0001:0000b2e0       ungetc                     000000018000c2e0 f   libucrt:ungetc.obj
 0001:0000b338       fsetpos                    000000018000c338 f   libucrt:fsetpos.obj
 0001:0000b588       _fseeki64                  000000018000c588 f   libucrt:fseek.obj
 0001:0000b590       fseek                      000000018000c590 f   libucrt:fseek.obj
 0001:0000b598       ??0_LocaleUpdate@@QEAA@QEAU__crt_locale_pointers@@@Z 000000018000c598 f i libucrt:stricmp.obj
 0001:0000b628       __ascii_stricmp            000000018000c628 f   libucrt:stricmp.obj
 0001:0000b668       _stricmp                   000000018000c668 f   libucrt:stricmp.obj
 0001:0000b6b0       _stricmp_l                 000000018000c6b0 f   libucrt:stricmp.obj
 0001:0000b764       __acrt_initialize_locks    000000018000c764 f   libucrt:locks.obj
 0001:0000b7ac       __acrt_lock                000000018000c7ac f   libucrt:locks.obj
 0001:0000b7c8       __acrt_uninitialize_locks  000000018000c7c8 f   libucrt:locks.obj
 0001:0000b800       __acrt_unlock              000000018000c800 f   libucrt:locks.obj
 0001:0000b81c       _lock_locales              000000018000c81c f   libucrt:locks.obj
 0001:0000b838       _unlock_locales            000000018000c838 f   libucrt:locks.obj
 0001:0000b848       terminate                  000000018000c848 f   libucrt:terminate.obj
 0001:0000b868       malloc                     000000018000c868 f   libucrt:malloc.obj
 0001:0000bb78       setlocale                  000000018000cb78 f   libucrt:setlocale.obj
 0001:0000bc7c       _fsopen                    000000018000cc7c f   libucrt:fopen.obj
 0001:0000bc84       _calloc_base               000000018000cc84 f   libucrt:calloc_base.obj
 0001:0000bcfc       __pctype_func              000000018000ccfc f   libucrt:ctype.obj
 0001:0000bd2c       islower                    000000018000cd2c f i libucrt:_ctype.obj
 0001:0000bda0       isupper                    000000018000cda0 f i libucrt:_ctype.obj
 0001:0000be14       _wcsdup                    000000018000ce14 f   libucrt:wcsdup.obj
 0001:0000be98       ___lc_codepage_func        000000018000ce98 f   libucrt:initctype.obj
 0001:0000bec8       ___lc_locale_name_func     000000018000cec8 f   libucrt:initctype.obj
 0001:0000befc       __acrt_locale_initialize_ctype 000000018000cefc f   libucrt:initctype.obj
 0001:0000c4e8       calloc                     000000018000d4e8 f   libucrt:calloc.obj
 0001:0000c4f0       _malloc_base               000000018000d4f0 f   libucrt:malloc_base.obj
 0001:0000c550       _realloc_base              000000018000d550 f   libucrt:realloc_base.obj
 0001:0000c5d0       pow                        000000018000d5d0 f   libucrt:pow.obj
 0001:0000dc70       powf                       000000018000ec70 f   libucrt:powf.obj
 0001:0000eb38       __strncnt                  000000018000fb38 f   libucrt:strncnt.obj
 0001:0000eb50       _free_base                 000000018000fb50 f   libucrt:free_base.obj
 0001:0000ec08       _ismbblead                 000000018000fc08 f   libucrt:ismbbyte.obj
 0001:0000ec60       _tolower_l                 000000018000fc60 f   libucrt:tolower_toupper.obj
 0001:0000eda0       wcscpy_s                   000000018000fda0 f   libucrt:wcscpy_s.obj
 0001:0000ee08       wcsnlen                    000000018000fe08 f   libucrt:strnlen.obj
 0001:0000efd0       __acrt_initialize_new_handler 000000018000ffd0 f   libucrt:new_handler.obj
 0001:0000efd8       _callnewh                  000000018000ffd8 f   libucrt:new_handler.obj
 0001:0000f008       _query_new_handler         0000000180010008 f   libucrt:new_handler.obj
 0001:0000f03c       _seh_filter_dll            000000018001003c f   libucrt:exception_filter.obj
 0001:0000f050       _seh_filter_exe            0000000180010050 f   libucrt:exception_filter.obj
 0001:0000f45c       __acrt_initialize_thread_local_exit_callback 000000018001045c f   libucrt:exit.obj
 0001:0000f464       _cexit                     0000000180010464 f   libucrt:exit.obj
 0001:0000f474       _exit                      0000000180010474 f   libucrt:exit.obj
 0001:0000f480       _is_c_termination_complete 0000000180010480 f   libucrt:exit.obj
 0001:0000f644       __acrt_allocate_buffer_for_argv 0000000180010644 f   libucrt:argv_parsing.obj
 0001:0000f6a4       _configure_narrow_argv     00000001800106a4 f   libucrt:argv_parsing.obj
 0001:0000faf4       __dcrt_get_or_create_narrow_environment_nolock 0000000180010af4 f   libucrt:environment_initialization.obj
 0001:0000fb30       __dcrt_uninitialize_environments_nolock 0000000180010b30 f   libucrt:environment_initialization.obj
 0001:0000fb68       _initialize_narrow_environment 0000000180010b68 f   libucrt:environment_initialization.obj
 0001:0000fef8       _crt_atexit                0000000180010ef8 f   libucrt:onexit.obj
 0001:0000ff08       _execute_onexit_table      0000000180010f08 f   libucrt:onexit.obj
 0001:0000ff44       _initialize_onexit_table   0000000180010f44 f   libucrt:onexit.obj
 0001:0000ff84       _register_onexit_function  0000000180010f84 f   libucrt:onexit.obj
 0001:0001010c       __acrt_initialize          000000018001110c f   libucrt:initialization.obj
 0001:00010120       __acrt_thread_attach       0000000180011120 f   libucrt:initialization.obj
 0001:00010134       __acrt_thread_detach       0000000180011134 f   libucrt:initialization.obj
 0001:00010144       __acrt_uninitialize        0000000180011144 f   libucrt:initialization.obj
 0001:0001017c       __acrt_uninitialize_critical 000000018001117c f   libucrt:initialization.obj
 0001:0001018c       _initterm                  000000018001118c f   libucrt:initterm.obj
 0001:000101f0       _initterm_e                00000001800111f0 f   libucrt:initterm.obj
 0001:00010230       strcpy_s                   0000000180011230 f   libucrt:strcpy_s.obj
 0001:00010290       wcsncmp                    0000000180011290 f   libucrt:wcsncmp.obj
 0001:000102bc       ??$parse_integer@KV?$c_string_character_source@_W@__crt_strtox@@@__crt_strtox@@YAKQEAU__crt_locale_pointers@@V?$c_string_character_source@_W@0@H_N@Z 00000001800112bc f i libucrt:atox.obj
 0001:00010980       _wtol                      0000000180011980 f   libucrt:atox.obj
 0001:000109f4       __acrt_get_sigabrt_handler 00000001800119f4 f   libucrt:signal.obj
 0001:00010a24       __acrt_initialize_signal_handlers 0000000180011a24 f   libucrt:signal.obj
 0001:00010a44       raise                      0000000180011a44 f   libucrt:signal.obj
 0001:00010cb8       _fileno                    0000000180011cb8 f   libucrt:fileno.obj
 0001:00010dc0       __acrt_stdio_flush_and_write_narrow_nolock 0000000180011dc0 f   libucrt:_flsbuf.obj
 0001:00011090       __acrt_initialize_lowio    0000000180012090 f   libucrt:ioinit.obj
 0001:000110cc       __acrt_uninitialize_lowio  00000001800120cc f   libucrt:ioinit.obj
 0001:00011484       __acrt_freeptd             0000000180012484 f   libucrt:per_thread_data.obj
 0001:000114c8       __acrt_getptd              00000001800124c8 f   libucrt:per_thread_data.obj
 0001:00011594       __acrt_getptd_head         0000000180012594 f   libucrt:per_thread_data.obj
 0001:0001163c       __acrt_getptd_noexit       000000018001263c f   libucrt:per_thread_data.obj
 0001:0001170c       __acrt_initialize_ptd      000000018001270c f   libucrt:per_thread_data.obj
 0001:00011748       __acrt_uninitialize_ptd    0000000180012748 f   libucrt:per_thread_data.obj
 0001:000117f8       _commit                    00000001800127f8 f   libucrt:commit.obj
 0001:00011e44       _write                     0000000180012e44 f   libucrt:write.obj
 0001:00011f30       _write_nolock              0000000180012f30 f   libucrt:write.obj
 0001:000122e8       _close                     00000001800132e8 f   libucrt:close.obj
 0001:0001238c       _close_nolock              000000018001338c f   libucrt:close.obj
 0001:00012448       ?__acrt_stdio_allocate_stream@@YA?AV__crt_stdio_stream@@XZ 0000000180013448 f   libucrt:stream.obj
 0001:000124a0       ?__acrt_stdio_free_stream@@YAXV__crt_stdio_stream@@@Z 00000001800134a0 f   libucrt:stream.obj
 0001:000125a8       __acrt_stdio_free_buffer_nolock 00000001800135a8 f   libucrt:_freebuf.obj
 0001:000125e8       __acrt_stdio_refill_and_read_narrow_nolock 00000001800135e8 f   libucrt:_filbuf.obj
 0001:000128c4       _dupenv_s                  00000001800138c4 f   libucrt:getenv.obj
 0001:0001305c       _spawnve                   000000018001405c f   libucrt:spawnv.obj
 0001:00013390       _spawnvpe                  0000000180014390 f   libucrt:spawnvp.obj
 0001:00013398       _waccess_s                 0000000180014398 f   libucrt:waccess.obj
 0001:00013444       _access_s                  0000000180014444 f   libucrt:access.obj
 0001:0001372c       __acrt_AppPolicyGetProcessTerminationMethodInternal 000000018001472c f   libucrt:winapi_thunks.obj
 0001:0001377c       __acrt_AreFileApisANSI     000000018001477c f   libucrt:winapi_thunks.obj
 0001:000137b8       __acrt_CompareStringEx     00000001800147b8 f   libucrt:winapi_thunks.obj
 0001:00013894       __acrt_EnumSystemLocalesEx 0000000180014894 f   libucrt:winapi_thunks.obj
 0001:0001392c       __acrt_FlsAlloc            000000018001492c f   libucrt:winapi_thunks.obj
 0001:00013974       __acrt_FlsFree             0000000180014974 f   libucrt:winapi_thunks.obj
 0001:000139bc       __acrt_FlsGetValue         00000001800149bc f   libucrt:winapi_thunks.obj
 0001:00013a04       __acrt_FlsSetValue         0000000180014a04 f   libucrt:winapi_thunks.obj
 0001:00013a58       __acrt_GetLocaleInfoEx     0000000180014a58 f   libucrt:winapi_thunks.obj
 0001:00013adc       __acrt_GetUserDefaultLocaleName 0000000180014adc f   libucrt:winapi_thunks.obj
 0001:00013b40       __acrt_InitializeCriticalSectionEx 0000000180014b40 f   libucrt:winapi_thunks.obj
 0001:00013ba4       __acrt_IsValidLocaleName   0000000180014ba4 f   libucrt:winapi_thunks.obj
 0001:00013bfc       __acrt_LCIDToLocaleName    0000000180014bfc f   libucrt:winapi_thunks.obj
 0001:00013c6c       __acrt_LCMapStringEx       0000000180014c6c f   libucrt:winapi_thunks.obj
 0001:00013d48       __acrt_LocaleNameToLCID    0000000180014d48 f   libucrt:winapi_thunks.obj
 0001:00013d98       __acrt_can_use_vista_locale_apis 0000000180014d98 f   libucrt:winapi_thunks.obj
 0001:00013dc8       __acrt_eagerly_load_locale_apis 0000000180014dc8 f   libucrt:winapi_thunks.obj
 0001:00013f24       __acrt_initialize_winapi_thunks 0000000180014f24 f   libucrt:winapi_thunks.obj
 0001:00013f6c       __acrt_uninitialize_winapi_thunks 0000000180014f6c f   libucrt:winapi_thunks.obj
 0001:00013fb0       _fcloseall                 0000000180014fb0 f   libucrt:closeall.obj
 0001:00014064       __acrt_stdio_begin_temporary_buffering_nolock 0000000180015064 f   libucrt:_sftbuf.obj
 0001:00014134       __acrt_stdio_end_temporary_buffering_nolock 0000000180015134 f   libucrt:_sftbuf.obj
 0001:00014654       _ftelli64                  0000000180015654 f   libucrt:ftell.obj
 0001:0001465c       _ftelli64_nolock           000000018001565c f   libucrt:ftell.obj
 0001:00014664       __acrt_stdio_allocate_buffer_nolock 0000000180015664 f   libucrt:_getbuf.obj
 0001:00014854       _lseeki64                  0000000180015854 f   libucrt:lseek.obj
 0001:0001485c       _lseeki64_nolock           000000018001585c f   libucrt:lseek.obj
 0001:00014864       __acrt_update_locale_info  0000000180015864 f   libucrt:locale_update.obj
 0001:00014898       __acrt_update_multibyte_info 0000000180015898 f   libucrt:locale_update.obj
 0001:00014b34       __acrt_copy_locale_name    0000000180015b34 f   libucrt:wsetlocale.obj
 0001:00014bb8       __acrt_set_locale_changed  0000000180015bb8 f   libucrt:wsetlocale.obj
 0001:00014bc4       __acrt_uninitialize_locale 0000000180015bc4 f   libucrt:wsetlocale.obj
 0001:00014bf4       __lc_lctowcs               0000000180015bf4 f   libucrt:wsetlocale.obj
 0001:00014c98       __lc_wcstolc               0000000180015c98 f   libucrt:wsetlocale.obj
 0001:00014f10       _expandlocale              0000000180015f10 f   libucrt:wsetlocale.obj
 0001:0001530c       _wcscats                   000000018001630c f   libucrt:wsetlocale.obj
 0001:00015374       _wsetlocale                0000000180016374 f   libucrt:wsetlocale.obj
 0001:00015da0       _mbstowcs_s_l              0000000180016da0 f   libucrt:mbstowcs.obj
 0001:00015ed4       mbstowcs_s                 0000000180016ed4 f   libucrt:mbstowcs.obj
 0001:00016224       _wcstombs_s_l              0000000180017224 f   libucrt:wcstombs.obj
 0001:00016310       ??$__acrt_stdio_parse_mode@D@@YA?AU__acrt_stdio_stream_mode@@QEBD@Z 0000000180017310 f i libucrt:openfile.obj
 0001:000165bc       _openfile                  00000001800175bc f   libucrt:openfile.obj
 0001:00016658       _query_new_mode            0000000180017658 f   libucrt:new_mode.obj
 0001:00016660       __acrt_initialize_heap     0000000180017660 f   libucrt:heap_handle.obj
 0001:0001667c       __acrt_uninitialize_heap   000000018001767c f   libucrt:heap_handle.obj
 0001:00016688       _isctype_l                 0000000180017688 f   libucrt:isctype.obj
 0001:00016914       __acrt_GetLocaleInfoA      0000000180017914 f   libucrt:getlocaleinfoa.obj
 0001:00016adc       __acrt_GetStringTypeA      0000000180017adc f   libucrt:getstringtypea.obj
 0001:00016f84       __acrt_LCMapStringA        0000000180017f84 f   libucrt:lcmapstringa.obj
 0001:0001701c       iswctype                   000000018001801c f   libucrt:iswctype.obj
 0001:0001708c       _raise_exc                 000000018001808c f   libucrt:fpexcept.obj
 0001:000170b4       _raise_exc_ex              00000001800180b4 f   libucrt:fpexcept.obj
 0001:000173bc       _raise_excf                00000001800183bc f   libucrt:fpexcept.obj
 0001:000173e8       _set_errno_from_matherr    00000001800183e8 f   libucrt:fpexcept.obj
 0001:00017418       _clrfp                     0000000180018418 f   libucrt:fpctrl.obj
 0001:00017438       _ctrlfp                    0000000180018438 f   libucrt:fpctrl.obj
 0001:000174b4       _set_statfp                00000001800184b4 f   libucrt:fpctrl.obj
 0001:000174d4       _statfp                    00000001800184d4 f   libucrt:fpctrl.obj
 0001:000174e8       _mbtowc_l                  00000001800184e8 f   libucrt:mbtowc.obj
 0001:00017630       mbtowc                     0000000180018630 f   libucrt:mbtowc.obj
 0001:00017640       __acrt_initialize_fma3     0000000180018640 f   libucrt:fma3_available.obj
 0001:000176b0       _pow_special               00000001800186b0 f   libucrt:pow_special.obj
 0001:000177d4       _powf_special              00000001800187d4 f   libucrt:pow_special.obj
 0001:00017960       _wcsicmp                   0000000180018960 f   libucrt:wcsicmp.obj
 0001:000179e4       _wcsicmp_l                 00000001800189e4 f   libucrt:wcsicmp.obj
 0001:00017ad4       __acrt_initialize_timeset  0000000180018ad4 f   libucrt:timeset.obj
 0001:00017b18       _isleadbyte_l              0000000180018b18 f i libucrt:_wctype.obj
 0001:00017b58       __acrt_get_process_end_policy 0000000180018b58 f   libucrt:win_policies.obj
 0001:000180f8       __acrt_expand_narrow_argv_wildcards 00000001800190f8 f   libucrt:argv_wildcards.obj
 0001:00018840       __acrt_initialize_multibyte 0000000180019840 f   libucrt:mbctype.obj
 0001:000188a0       __acrt_update_thread_multibyte_data 00000001800198a0 f   libucrt:mbctype.obj
 0001:000188bc       _setmbcp_nolock            00000001800198bc f   libucrt:mbctype.obj
 0001:00018b7c       __acrt_initialize_command_line 0000000180019b7c f   libucrt:argv_data.obj
 0001:00018ba4       __dcrt_get_narrow_environment_from_os 0000000180019ba4 f   libucrt:get_environment_from_os.obj
 0001:000190b4       __dcrt_set_variable_in_narrow_environment_nolock 000000018001a0b4 f   libucrt:setenv.obj
 0001:000190bc       _recalloc                  000000018001a0bc f   libucrt:recalloc.obj
 0001:000190c4       _recalloc_base             000000018001a0c4 f   libucrt:recalloc.obj
 0001:0001915c       __acrt_execute_initializers 000000018001a15c f   libucrt:shared_initialization.obj
 0001:000191dc       __acrt_execute_uninitializers 000000018001a1dc f   libucrt:shared_initialization.obj
 0001:00019218       __acrt_has_user_matherr    000000018001a218 f   libucrt:matherr.obj
 0001:00019238       __acrt_initialize_user_matherr 000000018001a238 f   libucrt:matherr.obj
 0001:00019240       __acrt_invoke_user_matherr 000000018001a240 f   libucrt:matherr.obj
 0001:00019270       _isatty                    000000018001a270 f   libucrt:isatty.obj
 0001:000192d0       __acrt_lowio_create_handle_array 000000018001a2d0 f   libucrt:osfinfo.obj
 0001:00019368       __acrt_lowio_destroy_handle_array 000000018001a368 f   libucrt:osfinfo.obj
 0001:000193b8       __acrt_lowio_ensure_fh_exists 000000018001a3b8 f   libucrt:osfinfo.obj
 0001:00019460       __acrt_lowio_lock_fh       000000018001a460 f   libucrt:osfinfo.obj
 0001:00019484       __acrt_lowio_set_os_handle 000000018001a484 f   libucrt:osfinfo.obj
 0001:00019544       __acrt_lowio_unlock_fh     000000018001a544 f   libucrt:osfinfo.obj
 0001:00019568       _alloc_osfhnd              000000018001a568 f   libucrt:osfinfo.obj
 0001:0001968c       _free_osfhnd               000000018001a68c f   libucrt:osfinfo.obj
 0001:00019748       _get_osfhandle             000000018001a748 f   libucrt:osfinfo.obj
 0001:000197c0       __acrt_add_locale_ref      000000018001a7c0 f   libucrt:locale_refcounting.obj
 0001:0001984c       __acrt_free_locale         000000018001a84c f   libucrt:locale_refcounting.obj
 0001:000199c4       __acrt_locale_add_lc_time_reference 000000018001a9c4 f   libucrt:locale_refcounting.obj
 0001:000199ec       __acrt_locale_free_lc_time_if_unreferenced 000000018001a9ec f   libucrt:locale_refcounting.obj
 0001:00019a24       __acrt_locale_release_lc_time_reference 000000018001aa24 f   libucrt:locale_refcounting.obj
 0001:00019a4c       __acrt_release_locale_ref  000000018001aa4c f   libucrt:locale_refcounting.obj
 0001:00019af4       __acrt_update_thread_locale_data 000000018001aaf4 f   libucrt:locale_refcounting.obj
 0001:00019b64       _updatetlocinfoEx_nolock   000000018001ab64 f   libucrt:locale_refcounting.obj
 0001:00019bcc       _putwch_nolock             000000018001abcc f   libucrt:putwch.obj
 0001:0001a1a4       _read                      000000018001b1a4 f   libucrt:read.obj
 0001:0001a2c0       _read_nolock               000000018001b2c0 f   libucrt:read.obj
 0001:0001a74c       _strnicoll                 000000018001b74c f   libucrt:strnicol.obj
 0001:0001a764       _strnicoll_l               000000018001b764 f   libucrt:strnicol.obj
 0001:0001a864       wcscat_s                   000000018001b864 f   libucrt:wcscat_s.obj
 0001:0001a8e4       strcat_s                   000000018001b8e4 f   libucrt:strcat_s.obj
 0001:0001ac8c       __acrt_pack_narrow_command_line_and_environment 000000018001bc8c f   libucrt:cenvarg.obj
 0001:0001adf0       __acrt_getpath             000000018001bdf0 f   libucrt:getpath.obj
 0001:0001aea0       __acrt_copy_path_to_wide_string 000000018001bea0 f   libucrt:string_utilities.obj
 0001:0001b064       __acrt_DownlevelLCIDToLocaleName 000000018001c064 f   libucrt:lcidtoname_downlevel.obj
 0001:0001b148       __acrt_DownlevelLocaleNameToLCID 000000018001c148 f   libucrt:lcidtoname_downlevel.obj
 0001:0001b17c       __acrt_locale_free_monetary 000000018001c17c f   libucrt:initmon.obj
 0001:0001b288       __acrt_locale_initialize_monetary 000000018001c288 f   libucrt:initmon.obj
 0001:0001b7bc       __acrt_locale_free_numeric 000000018001c7bc f   libucrt:initnum.obj
 0001:0001b828       __acrt_locale_initialize_numeric 000000018001c828 f   libucrt:initnum.obj
 0001:0001be98       __acrt_locale_free_time    000000018001ce98 f   libucrt:inittime.obj
 0001:0001bfa0       __acrt_locale_initialize_time 000000018001cfa0 f   libucrt:inittime.obj
 0001:0001c034       wcsncpy_s                  000000018001d034 f   libucrt:wcsncpy_s.obj
 0001:0001c118       wcscspn                    000000018001d118 f   libucrt:wcscspn.obj
 0001:0001c158       wcspbrk                    000000018001d158 f   libucrt:wcspbrk.obj
 0001:0001c9fc       __acrt_get_qualified_locale 000000018001d9fc f   libucrt:get_qualified_locale.obj
 0001:0001d3e8       __acrt_get_qualified_locale_downlevel 000000018001e3e8 f   libucrt:getqloc_downlevel.obj
 0001:0001d678       __acrt_MultiByteToWideChar 000000018001e678 f   libucrt:multibytetowidechar.obj
 0001:0001d680       __acrt_WideCharToMultiByte 000000018001e680 f   libucrt:widechartomultibyte.obj
 0001:0001d688       _wcsnicmp                  000000018001e688 f   libucrt:wcsnicmp.obj
 0001:0001d720       _wcsnicmp_l                000000018001e720 f   libucrt:wcsnicmp.obj
 0001:0001d850       strncmp                    000000018001e850 f   libucrt:strncmp.obj
 0001:0001d8d0       __ascii_strnicmp           000000018001e8d0 f   libucrt:strnicmp.obj
 0001:0001d92c       _strnicmp                  000000018001e92c f   libucrt:strnicmp.obj
 0001:0001d97c       _strnicmp_l                000000018001e97c f   libucrt:strnicmp.obj
 0001:0001e07c       _sopen_nolock              000000018001f07c f   libucrt:open.obj
 0001:0001e10c       _sopen_s                   000000018001f10c f   libucrt:open.obj
 0001:0001e140       _wsopen_nolock             000000018001f140 f   libucrt:open.obj
 0001:0001e52c       strncpy_s                  000000018001f52c f   libucrt:strncpy_s.obj
 0001:0001e600       __acrt_GetStringTypeW      000000018001f600 f   libucrt:getstringtypew.obj
 0001:0001e620       _get_fpsr                  000000018001f620 f   libucrt:fpsr.obj
 0001:0001e630       _set_fpsr                  000000018001f630 f   libucrt:fpsr.obj
 0001:0001e63a       _fclrf                     000000018001f63a f   libucrt:fpsr.obj
 0001:0001e64e       _frnd                      000000018001f64e f   libucrt:fpsr.obj
 0001:0001e794       _handle_error              000000018001f794 f   libucrt:libm_error.obj
 0001:0001e8bc       _handle_errorf             000000018001f8bc f   libucrt:libm_error.obj
 0001:0001e9f0       _handle_nan                000000018001f9f0 f   libucrt:libm_error.obj
 0001:0001ea0c       _handle_nanf               000000018001fa0c f   libucrt:libm_error.obj
 0001:0001ea1c       _towlower_l                000000018001fa1c f   libucrt:towlower.obj
 0001:0001eae0       qsort                      000000018001fae0 f   libucrt:qsort.obj
 0001:0001ef30       strpbrk                    000000018001ff30 f   libucrt:strpbrk.obj
 0001:0001f310       _mbsdec                    0000000180020310 f   libucrt:mbsdec.obj
 0001:0001f318       _mbsdec_l                  0000000180020318 f   libucrt:mbsdec.obj
 0001:0001f3c0       _msize                     00000001800203c0 f   libucrt:msize.obj
 0001:0001f3c8       _msize_base                00000001800203c8 f   libucrt:msize.obj
 0001:0001f404       _query_app_type            0000000180020404 f   libucrt:report_runtime_error.obj
 0001:0001f40c       __dcrt_lowio_ensure_console_output_initialized 000000018002040c f   libucrt:initcon.obj
 0001:0001f460       __dcrt_terminate_console_output 0000000180020460 f   libucrt:initcon.obj
 0001:0001f47c       __dcrt_write_console_w     000000018002047c f   libucrt:initcon.obj
 0001:0001f88c       __acrt_CompareStringA      000000018002088c f   libucrt:comparestringa.obj
 0001:0001fa2c       _itow_s                    0000000180020a2c f   libucrt:xtoa.obj
 0001:0001fa4c       wcscmp                     0000000180020a4c f   libucrt:wcscmp.obj
 0001:0001fa84       _get_fmode                 0000000180020a84 f   libucrt:setmode.obj
 0001:0001fab4       _setmode_nolock            0000000180020ab4 f   libucrt:setmode.obj
 0001:0001fb94       _chsize_nolock             0000000180020b94 f   libucrt:chsize.obj
 0001:0001fd10       log10                      0000000180020d10 f   libucrt:log10.obj
 0001:000202bc       __acrt_LCMapStringW        00000001800212bc f   libucrt:lcmapstringw.obj
 0001:00020350       _log10_special             0000000180021350 f   libucrt:log_special.obj
 0001:00020406       IsProcessorFeaturePresent  0000000180021406 f   kernel32:KERNEL32.dll
 0001:0002040c       RtlUnwindEx                000000018002140c f   kernel32:KERNEL32.dll
 0001:00020414       ?DloadAcquireSectionWriteAccess@@YAXXZ 0000000180021414 f i DelayImp:delayhlp.obj
 0001:000204d0       ?DloadGetSRWLockFunctionPointers@@YAEXZ 00000001800214d0 f i DelayImp:delayhlp.obj
 0001:0002056c       ?DloadMakePermanentImageCommit@@YAXPEAX_K@Z 000000018002156c f i DelayImp:delayhlp.obj
 0001:00020608       ?DloadObtainSection@@YAPEAXPEAK0@Z 0000000180021608 f i DelayImp:delayhlp.obj
 0001:0002069c       ?DloadProtectSection@@YAXKPEAK@Z 000000018002169c f i DelayImp:delayhlp.obj
 0001:0002072c       ?DloadReleaseSectionWriteAccess@@YAXXZ 000000018002172c f i DelayImp:delayhlp.obj
 0001:000207d0       __delayLoadHelper2         00000001800217d0 f   DelayImp:delayhlp.obj
 0001:00020ad0       _FindPESection             0000000180021ad0 f   LIBCMT:pesect.obj
 0001:00020b20       _IsNonwritableInCurrentImage 0000000180021b20 f   LIBCMT:pesect.obj
 0001:00020b70       _ValidateImageBase         0000000180021b70 f   LIBCMT:pesect.obj
 0001:00020ba0       strrchr                    0000000180021ba0 f   libvcruntime:strrchr.obj
 0001:00020cec       strchr                     0000000180021cec f   libvcruntime:strchr.obj
 0001:00020d78       wcschr                     0000000180021d78 f   libvcruntime:wcschr.obj
 0001:00020e20       _guard_dispatch_icall_nop  0000000180021e20 f   LIBCMT:_guard_dispatch_.obj
 0001:00020e40       __guard_ss_verify_failure  0000000180021e40 f   LIBCMT:_rfgfailure_.obj
 0001:00020e4b       __guard_ss_verify_failure_rcx 0000000180021e4b     LIBCMT:_rfgfailure_.obj
 0001:00020e51       __guard_ss_verify_failure_rdx 0000000180021e51     LIBCMT:_rfgfailure_.obj
 0001:00020e57       __guard_ss_verify_failure_r8 0000000180021e57     LIBCMT:_rfgfailure_.obj
 0001:00020e5d       __guard_ss_verify_failure_r9 0000000180021e5d     LIBCMT:_rfgfailure_.obj
 0001:00020e63       __guard_ss_verify_failure_r10 0000000180021e63     LIBCMT:_rfgfailure_.obj
 0001:00020e70       __guard_ss_verify_failure_default 0000000180021e70 f   LIBCMT:_rfgfailure_.obj
 0001:00020ed0       __guard_ss_verify_sp       0000000180021ed0 f   LIBCMT:_rfgfailure_.obj
 0001:00020ee0       __guard_ss_verify_sp_default 0000000180021ee0 f   LIBCMT:_rfgfailure_.obj
 0002:00000000       __imp_GetModuleHandleA     0000000180023000     kernel32:KERNEL32.dll
 0002:00000008       __imp_VirtualQuery         0000000180023008     kernel32:KERNEL32.dll
 0002:00000010       __imp_GetLastError         0000000180023010     kernel32:KERNEL32.dll
 0002:00000018       __imp_WideCharToMultiByte  0000000180023018     kernel32:KERNEL32.dll
 0002:00000020       __imp_EnterCriticalSection 0000000180023020     kernel32:KERNEL32.dll
 0002:00000028       __imp_LeaveCriticalSection 0000000180023028     kernel32:KERNEL32.dll
 0002:00000030       __imp_DeleteCriticalSection 0000000180023030     kernel32:KERNEL32.dll
 0002:00000038       __imp_SetLastError         0000000180023038     kernel32:KERNEL32.dll
 0002:00000040       __imp_InitializeCriticalSectionAndSpinCount 0000000180023040     kernel32:KERNEL32.dll
 0002:00000048       __imp_Sleep                0000000180023048     kernel32:KERNEL32.dll
 0002:00000050       __imp_TlsAlloc             0000000180023050     kernel32:KERNEL32.dll
 0002:00000058       __imp_TlsGetValue          0000000180023058     kernel32:KERNEL32.dll
 0002:00000060       __imp_TlsSetValue          0000000180023060     kernel32:KERNEL32.dll
 0002:00000068       __imp_TlsFree              0000000180023068     kernel32:KERNEL32.dll
 0002:00000070       __imp_GetSystemTimeAsFileTime 0000000180023070     kernel32:KERNEL32.dll
 0002:00000078       __imp_GetModuleHandleW     0000000180023078     kernel32:KERNEL32.dll
 0002:00000080       __imp_GetProcAddress       0000000180023080     kernel32:KERNEL32.dll
 0002:00000088       __imp_EncodePointer        0000000180023088     kernel32:KERNEL32.dll
 0002:00000090       __imp_DecodePointer        0000000180023090     kernel32:KERNEL32.dll
 0002:00000098       __imp_MultiByteToWideChar  0000000180023098     kernel32:KERNEL32.dll
 0002:000000a0       __imp_CompareStringW       00000001800230a0     kernel32:KERNEL32.dll
 0002:000000a8       __imp_LCMapStringW         00000001800230a8     kernel32:KERNEL32.dll
 0002:000000b0       __imp_GetLocaleInfoW       00000001800230b0     kernel32:KERNEL32.dll
 0002:000000b8       __imp_GetStringTypeW       00000001800230b8     kernel32:KERNEL32.dll
 0002:000000c0       __imp_GetCPInfo            00000001800230c0     kernel32:KERNEL32.dll
 0002:000000c8       __imp_RtlCaptureContext    00000001800230c8     kernel32:KERNEL32.dll
 0002:000000d0       __imp_RtlLookupFunctionEntry 00000001800230d0     kernel32:KERNEL32.dll
 0002:000000d8       __imp_RtlVirtualUnwind     00000001800230d8     kernel32:KERNEL32.dll
 0002:000000e0       __imp_UnhandledExceptionFilter 00000001800230e0     kernel32:KERNEL32.dll
 0002:000000e8       __imp_SetUnhandledExceptionFilter 00000001800230e8     kernel32:KERNEL32.dll
 0002:000000f0       __imp_GetCurrentProcess    00000001800230f0     kernel32:KERNEL32.dll
 0002:000000f8       __imp_TerminateProcess     00000001800230f8     kernel32:KERNEL32.dll
 0002:00000100       __imp_IsProcessorFeaturePresent 0000000180023100     kernel32:KERNEL32.dll
 0002:00000108       __imp_IsDebuggerPresent    0000000180023108     kernel32:KERNEL32.dll
 0002:00000110       __imp_GetStartupInfoW      0000000180023110     kernel32:KERNEL32.dll
 0002:00000118       __imp_QueryPerformanceCounter 0000000180023118     kernel32:KERNEL32.dll
 0002:00000120       __imp_GetCurrentProcessId  0000000180023120     kernel32:KERNEL32.dll
 0002:00000128       __imp_GetCurrentThreadId   0000000180023128     kernel32:KERNEL32.dll
 0002:00000130       __imp_InitializeSListHead  0000000180023130     kernel32:KERNEL32.dll
 0002:00000138       __imp_RtlPcToFileHeader    0000000180023138     kernel32:KERNEL32.dll
 0002:00000140       __imp_RaiseException       0000000180023140     kernel32:KERNEL32.dll
 0002:00000148       __imp_RtlUnwindEx          0000000180023148     kernel32:KERNEL32.dll
 0002:00000150       __imp_InterlockedFlushSList 0000000180023150     kernel32:KERNEL32.dll
 0002:00000158       __imp_FreeLibrary          0000000180023158     kernel32:KERNEL32.dll
 0002:00000160       __imp_LoadLibraryExW       0000000180023160     kernel32:KERNEL32.dll
 0002:00000168       __imp_HeapAlloc            0000000180023168     kernel32:KERNEL32.dll
 0002:00000170       __imp_HeapReAlloc          0000000180023170     kernel32:KERNEL32.dll
 0002:00000178       __imp_HeapFree             0000000180023178     kernel32:KERNEL32.dll
 0002:00000180       __imp_ExitProcess          0000000180023180     kernel32:KERNEL32.dll
 0002:00000188       __imp_GetModuleHandleExW   0000000180023188     kernel32:KERNEL32.dll
 0002:00000190       __imp_GetModuleFileNameA   0000000180023190     kernel32:KERNEL32.dll
 0002:00000198       __imp_GetStdHandle         0000000180023198     kernel32:KERNEL32.dll
 0002:000001a0       __imp_GetFileType          00000001800231a0     kernel32:KERNEL32.dll
 0002:000001a8       __imp_FlushFileBuffers     00000001800231a8     kernel32:KERNEL32.dll
 0002:000001b0       __imp_WriteFile            00000001800231b0     kernel32:KERNEL32.dll
 0002:000001b8       __imp_GetConsoleCP         00000001800231b8     kernel32:KERNEL32.dll
 0002:000001c0       __imp_GetConsoleMode       00000001800231c0     kernel32:KERNEL32.dll
 0002:000001c8       __imp_CloseHandle          00000001800231c8     kernel32:KERNEL32.dll
 0002:000001d0       __imp_WaitForSingleObject  00000001800231d0     kernel32:KERNEL32.dll
 0002:000001d8       __imp_GetExitCodeProcess   00000001800231d8     kernel32:KERNEL32.dll
 0002:000001e0       __imp_CreateProcessA       00000001800231e0     kernel32:KERNEL32.dll
 0002:000001e8       __imp_GetFileAttributesExW 00000001800231e8     kernel32:KERNEL32.dll
 0002:000001f0       __imp_IsValidLocale        00000001800231f0     kernel32:KERNEL32.dll
 0002:000001f8       __imp_GetUserDefaultLCID   00000001800231f8     kernel32:KERNEL32.dll
 0002:00000200       __imp_EnumSystemLocalesW   0000000180023200     kernel32:KERNEL32.dll
 0002:00000208       __imp_ReadFile             0000000180023208     kernel32:KERNEL32.dll
 0002:00000210       __imp_SetFilePointerEx     0000000180023210     kernel32:KERNEL32.dll
 0002:00000218       __imp_GetACP               0000000180023218     kernel32:KERNEL32.dll
 0002:00000220       __imp_GetProcessHeap       0000000180023220     kernel32:KERNEL32.dll
 0002:00000228       __imp_FindClose            0000000180023228     kernel32:KERNEL32.dll
 0002:00000230       __imp_FindFirstFileExA     0000000180023230     kernel32:KERNEL32.dll
 0002:00000238       __imp_FindNextFileA        0000000180023238     kernel32:KERNEL32.dll
 0002:00000240       __imp_IsValidCodePage      0000000180023240     kernel32:KERNEL32.dll
 0002:00000248       __imp_GetOEMCP             0000000180023248     kernel32:KERNEL32.dll
 0002:00000250       __imp_GetCommandLineA      0000000180023250     kernel32:KERNEL32.dll
 0002:00000258       __imp_GetCommandLineW      0000000180023258     kernel32:KERNEL32.dll
 0002:00000260       __imp_GetEnvironmentStringsW 0000000180023260     kernel32:KERNEL32.dll
 0002:00000268       __imp_FreeEnvironmentStringsW 0000000180023268     kernel32:KERNEL32.dll
 0002:00000270       __imp_SetEnvironmentVariableA 0000000180023270     kernel32:KERNEL32.dll
 0002:00000278       __imp_SetStdHandle         0000000180023278     kernel32:KERNEL32.dll
 0002:00000280       __imp_ReadConsoleW         0000000180023280     kernel32:KERNEL32.dll
 0002:00000288       __imp_CreateFileW          0000000180023288     kernel32:KERNEL32.dll
 0002:00000290       __imp_HeapSize             0000000180023290     kernel32:KERNEL32.dll
 0002:00000298       __imp_WriteConsoleW        0000000180023298     kernel32:KERNEL32.dll
 0002:000002a0       __imp_SetEndOfFile         00000001800232a0     kernel32:KERNEL32.dll
 0002:000002a8       __imp_GetSystemInfo        00000001800232a8     kernel32:KERNEL32.dll
 0002:000002b0       __imp_VirtualProtect       00000001800232b0     kernel32:KERNEL32.dll
 0002:000002b8       __imp_LoadLibraryExA       00000001800232b8     kernel32:KERNEL32.dll
 0002:000002c0       \177KERNEL32_NULL_THUNK_DATA 00000001800232c0     kernel32:KERNEL32.dll
 0002:000002c8       __guard_check_icall_fptr   00000001800232c8     LIBCMT:guard_support.obj
 0002:000002d0       __guard_dispatch_icall_fptr 00000001800232d0     LIBCMT:guard_support.obj
 0002:000002d8       __guard_ss_verify_failure_fptr 00000001800232d8     LIBCMT:guard_support.obj
 0002:000002e0       __guard_ss_verify_sp_fptr  00000001800232e0     LIBCMT:guard_support.obj
 0002:000002e8       __xc_a                     00000001800232e8     LIBCMT:initializers.obj
 0002:00000348       _register_addon_           0000000180023348     curtaincontrol.obj
 0002:00000350       __xc_z                     0000000180023350     LIBCMT:initializers.obj
 0002:00000358       __xi_a                     0000000180023358     LIBCMT:initializers.obj
 0002:00000368       __acrt_stdio_initializer   0000000180023368     libucrt:stdio_initializer.obj
 0002:00000370       __acrt_tran_fma3_initializer 0000000180023370     libucrt:fma3_initializer.obj
 0002:00000378       __acrt_timeset_initializer 0000000180023378     libucrt:timeset_initializer.obj
 0002:00000380       __acrt_multibyte_initializer 0000000180023380     libucrt:multibyte_initializer.obj
 0002:00000388       __xi_z                     0000000180023388     LIBCMT:initializers.obj
 0002:00000390       __xp_a                     0000000180023390     LIBCMT:initializers.obj
 0002:00000398       __acrt_locale_terminator   0000000180023398     libucrt:locale_initializer.obj
 0002:000003a0       __dcrt_console_output_terminator 00000001800233a0     libucrt:console_output_initializer.obj
 0002:000003a8       __acrt_stdio_terminator    00000001800233a8     libucrt:stdio_initializer.obj
 0002:000003b0       __xp_z                     00000001800233b0     LIBCMT:initializers.obj
 0002:000003b8       __xt_a                     00000001800233b8     LIBCMT:initializers.obj
 0002:000003c0       __xt_z                     00000001800233c0     LIBCMT:initializers.obj
 0002:000003d0       __sz_node_exe              00000001800233d0     node:node.exe
 0002:000003e8       ??_7exception@std@@6B@     00000001800233e8     libcpmt:xonce.obj
 0002:000003f8       ??_C@_0BC@EOODALEL@Unknown?5exception?$AA@ 00000001800233f8     libcpmt:xonce.obj
 0002:00000418       ??_7runtime_error@std@@6B@ 0000000180023418     libcpmt:xonce.obj
 0002:00000430       ??_7error_category@std@@6B@ 0000000180023430     libcpmt:xonce.obj
 0002:00000468       ??_7_System_error@std@@6B@ 0000000180023468     libcpmt:xonce.obj
 0002:00000478       ??_C@_0O@BFJCFAAK@unknown?5error?$AA@ 0000000180023478     libcpmt:xonce.obj
 0002:000004b8       ??_7_Facet_base@std@@6B@   00000001800234b8     libcpmt:cout.obj
 0002:000004d8       ??_7?$ctype@D@std@@6B@     00000001800234d8     libcpmt:cout.obj
 0002:00000538       ??_7_Iostream_error_category@std@@6B@ 0000000180023538     libcpmt:cout.obj
 0002:00000570       ??_7failure@ios_base@std@@6B@ 0000000180023570     libcpmt:cout.obj
 0002:00000588       ??_7ios_base@std@@6B@      0000000180023588     libcpmt:cout.obj
 0002:00000598       ??_7?$basic_streambuf@DU?$char_traits@D@std@@@std@@6B@ 0000000180023598     libcpmt:cout.obj
[...]
 0004:00001b78       $pdata$LangCountryEnumProcEx 000000018003bb78     libucrt:get_qualified_locale.obj
 0004:00001b84       $pdata$LanguageEnumProcEx  000000018003bb84     libucrt:get_qualified_locale.obj
 0004:00001b90       $pdata$ProcessCodePage     000000018003bb90     libucrt:get_qualified_locale.obj
 0004:00001b9c       $pdata$TestDefaultCountry  000000018003bb9c     libucrt:get_qualified_locale.obj
 0004:00001ba8       $pdata$TranslateName       000000018003bba8     libucrt:get_qualified_locale.obj
 0004:00001bb4       $pdata$__acrt_get_qualified_locale 000000018003bbb4     libucrt:get_qualified_locale.obj
 0004:00001bc0       $pdata$CountryEnumProc     000000018003bbc0     libucrt:getqloc_downlevel.obj
 0004:00001bcc       $pdata$GetLcidFromLangCountry 000000018003bbcc     libucrt:getqloc_downlevel.obj
 0004:00001bd8       $pdata$GetLcidFromLanguage 000000018003bbd8     libucrt:getqloc_downlevel.obj
 0004:00001be4       $pdata$LangCountryEnumProc 000000018003bbe4     libucrt:getqloc_downlevel.obj
 0004:00001bf0       $pdata$LanguageEnumProc    000000018003bbf0     libucrt:getqloc_downlevel.obj
 0004:00001bfc       $pdata$ProcessCodePage     000000018003bbfc     libucrt:getqloc_downlevel.obj
 0004:00001c08       $pdata$TestDefaultLanguage 000000018003bc08     libucrt:getqloc_downlevel.obj
 0004:00001c14       $pdata$TranslateName       000000018003bc14     libucrt:getqloc_downlevel.obj
 0004:00001c20       $pdata$__acrt_get_qualified_locale_downlevel 000000018003bc20     libucrt:getqloc_downlevel.obj
 0004:00001c2c       $pdata$_wcsnicmp           000000018003bc2c     libucrt:wcsnicmp.obj
 0004:00001c38       $pdata$_wcsnicmp_l         000000018003bc38     libucrt:wcsnicmp.obj
 0004:00001c50       $pdata$__ascii_strnicmp    000000018003bc50     libucrt:strnicmp.obj
 0004:00001c5c       $pdata$_strnicmp           000000018003bc5c     libucrt:strnicmp.obj
 0004:00001c68       $pdata$_strnicmp_l         000000018003bc68     libucrt:strnicmp.obj
 0004:00001c74       $pdata$??$common_sopen_dispatch@D@@YAHQEBDHHHQEAHH@Z 000000018003bc74     libucrt:open.obj
 0004:00001c80       $pdata$?configure_text_mode@@YAHHUfile_options@?A0xa9d50aae@@HAEAW4__crt_lowio_text_mode@@@Z 000000018003bc80     libucrt:open.obj
 0004:00001c8c       $pdata$?decode_options@@YA?AUfile_options@?A0xa9d50aae@@HHH@Z 000000018003bc8c     libucrt:open.obj
 0004:00001c98       $pdata$?truncate_ctrl_z_if_present@@YAHH@Z 000000018003bc98     libucrt:open.obj
 0004:00001ca4       $pdata$_sopen_nolock       000000018003bca4     libucrt:open.obj
 0004:00001cb0       $pdata$_sopen_s            000000018003bcb0     libucrt:open.obj
 0004:00001cbc       $pdata$_wsopen_nolock      000000018003bcbc     libucrt:open.obj
 0004:00001cc8       $pdata$strncpy_s           000000018003bcc8     libucrt:strncpy_s.obj
 0004:00001ce0       $pdata$_call_matherr       000000018003bce0     libucrt:libm_error.obj
 0004:00001cec       $pdata$_exception_enabled  000000018003bcec     libucrt:libm_error.obj
 0004:00001cf8       $pdata$_handle_error       000000018003bcf8     libucrt:libm_error.obj
 0004:00001d04       $pdata$_handle_errorf      000000018003bd04     libucrt:libm_error.obj
 0004:00001d10       $pdata$_towlower_l         000000018003bd10     libucrt:towlower.obj
 0004:00001d1c       $pdata$qsort               000000018003bd1c     libucrt:qsort.obj
 0004:00001d28       $pdata$4$qsort             000000018003bd28     libucrt:qsort.obj
 0004:00001d34       $pdata$5$qsort             000000018003bd34     libucrt:qsort.obj
 0004:00001d40       $pdata$fallbackMethod      000000018003bd40     libucrt:strpbrk.obj
 0004:00001d4c       $pdata$strpbrk             000000018003bd4c     libucrt:strpbrk.obj
 0004:00001d58       $pdata$_mbsdec_l           000000018003bd58     libucrt:mbsdec.obj
 0004:00001d64       $pdata$?initialize_multibyte@@YAHXZ 000000018003bd64     libucrt:multibyte_initializer.obj
 0004:00001d70       $pdata$_msize_base         000000018003bd70     libucrt:msize.obj
 0004:00001d7c       $pdata$__dcrt_lowio_ensure_console_output_initialized 000000018003bd7c     libucrt:initcon.obj
 0004:00001d88       $pdata$__dcrt_terminate_console_output 000000018003bd88     libucrt:initcon.obj
 0004:00001d94       $pdata$__dcrt_write_console_w 000000018003bd94     libucrt:initcon.obj
 0004:00001da0       $pdata$?InternalCompareStringA@@YAHPEAU__crt_locale_pointers@@PEB_WKPEBDH2HH@Z 000000018003bda0     libucrt:comparestringa.obj
 0004:00001dac       $pdata$__acrt_CompareStringA 000000018003bdac     libucrt:comparestringa.obj
 0004:00001db8       $pdata$??$common_xtox@K_W@@YAHKQEA_W_KI_N@Z 000000018003bdb8     libucrt:xtoa.obj
 0004:00001dc4       $pdata$??$common_xtox_s@K_W@@YAHKQEA_W_KI_N@Z 000000018003bdc4     libucrt:xtoa.obj
 0004:00001dd0       $pdata$_itow_s             000000018003bdd0     libucrt:xtoa.obj
 0004:00001ddc       $pdata$_get_fmode          000000018003bddc     libucrt:setmode.obj
 0004:00001de8       $pdata$_setmode_nolock     000000018003bde8     libucrt:setmode.obj
 0004:00001df4       $pdata$_chsize_nolock      000000018003bdf4     libucrt:chsize.obj
 0004:00001e0c       $pdata$__acrt_LCMapStringW 000000018003be0c     libucrt:lcmapstringw.obj
 0004:00001e18       $pdata$_log10_special      000000018003be18     libucrt:log_special.obj
 0004:00001e24       $pdata$_log_special_common 000000018003be24     libucrt:log_special.obj
 0004:00001e30       $pdata$?DloadAcquireSectionWriteAccess@@YAXXZ 000000018003be30     DelayImp:delayhlp.obj
 0004:00001e3c       $pdata$?DloadGetSRWLockFunctionPointers@@YAEXZ 000000018003be3c     DelayImp:delayhlp.obj
 0004:00001e48       $pdata$?DloadMakePermanentImageCommit@@YAXPEAX_K@Z 000000018003be48     DelayImp:delayhlp.obj
 0004:00001e54       $pdata$?DloadObtainSection@@YAPEAXPEAK0@Z 000000018003be54     DelayImp:delayhlp.obj
 0004:00001e60       $pdata$?DloadProtectSection@@YAXKPEAK@Z 000000018003be60     DelayImp:delayhlp.obj
 0004:00001e6c       $pdata$?DloadReleaseSectionWriteAccess@@YAXXZ 000000018003be6c     DelayImp:delayhlp.obj
 0004:00001e78       $pdata$__delayLoadHelper2  000000018003be78     DelayImp:delayhlp.obj
 0004:00001e84       $pdata$_IsNonwritableInCurrentImage 000000018003be84     LIBCMT:pesect.obj
 0004:00001e90       $pdata$strrchr             000000018003be90     libvcruntime:strrchr.obj
 0004:00001e9c       $pdata$strchr              000000018003be9c     libvcruntime:strchr.obj
 0004:00001ea8       $pdata$wcschr              000000018003bea8     libvcruntime:wcschr.obj
 0004:00001ef0       $pdata$__scrt_is_nonwritable_in_current_image$filt$0 000000018003bef0     LIBCMT:utility.obj
 0004:00001efc       $pdata$?fin$0@?0??dllmain_crt_process_attach@@YAHQEAUHINSTANCE__@@QEAX@Z@4HA 000000018003befc     LIBCMT:dll_dllmain.obj
 0004:00001f08       $pdata$?fin$0@?0??dllmain_crt_process_detach@@YAH_N@Z@4HA 000000018003bf08     LIBCMT:dll_dllmain.obj
 0004:00001f14       $pdata$?filt$0@?0??dllmain_dispatch@@YAHQEAUHINSTANCE__@@KQEAX@Z@4HA 000000018003bf14     LIBCMT:dll_dllmain.obj
 0004:00001f20       $pdata$_CallSETranslator$filt$0 000000018003bf20     libvcruntime:risctrnsctrl.obj
 0004:00001f2c       $pdata$__DestructExceptionObject$filt$0 000000018003bf2c     libvcruntime:ehhelpers.obj
 0004:00001f38       $pdata$__CxxCallCatchBlock$filt$0 000000018003bf38     libvcruntime:frame.obj
 0004:00001f44       $pdata$__CxxCallCatchBlock$fin$1 000000018003bf44     libvcruntime:frame.obj
 0004:00001f50       $pdata$__FrameUnwindToState$filt$0 000000018003bf50     libvcruntime:frame.obj
 0004:00001f5c       $pdata$__FrameUnwindToState$fin$1 000000018003bf5c     libvcruntime:frame.obj
 0004:00001f68       $pdata$fputc$fin$0         000000018003bf68     libucrt:fputc.obj
 0004:00001f74       $pdata$?fin$0@?0???$?RV<lambda_886d6c58226a84441f68b9f2b8217b83>@@AEAV<lambda_ab61a845afdef5b7c387490eaf3616ee>@@V<lambda_f7f22ab5edc0698d5f6905b0d3f44752>@@@?$__crt_seh_guarded_call@X@@QEAAX$$QEAV<lambda_886d6c58226a84441f68b9f2b8217b83>@@AEAV<lambda_ab61a845afdef5b7c387490eaf3616ee>@@$$QEAV<lambda_f7f22ab5edc0698d5f6905b0d3f44752>@@@Z@4HA 000000018003bf74     libucrt:fflush.obj
 0004:00001f80       $pdata$fgetc$fin$0         000000018003bf80     libucrt:fgetc.obj
 0004:00001f8c       $pdata$?fin$0@?0???$?RV<lambda_84ec643ea9557e2f7dc01bb0e9624395>@@AEAV<lambda_ca71763b3c0644891230e4f79ea54fa6>@@V<lambda_439a761618c59b0600e24586724d733b>@@@?$__crt_seh_guarded_call@H@@QEAAH$$QEAV<lambda_84ec643ea9557e2f7dc01bb0e9624395>@@AEAV<lambda_ca71763b3c0644891230e4f79ea54fa6>@@$$QEAV<lambda_439a761618c59b0600e24586724d733b>@@@Z@4HA 000000018003bf8c     libucrt:setvbuf.obj
 0004:00001f8c       $pdata$?fin$0@?0???$?RV<lambda_842d9ff0dc9ef11c61343bbaebe7f885>@@AEAV<lambda_c5860995281e5c4ce005b3de8f5874ee>@@V<lambda_d90129c13df834fdcbf8d2b88dafcf2d>@@@?$__crt_seh_guarded_call@X@@QEAAX$$QEAV<lambda_842d9ff0dc9ef11c61343bbaebe7f885>@@AEAV<lambda_c5860995281e5c4ce005b3de8f5874ee>@@$$QEAV<lambda_d90129c13df834fdcbf8d2b88dafcf2d>@@@Z@4HA 000000018003bf8c     libucrt:fflush.obj
 0004:00001f8c       $pdata$?fin$0@?0???$?RV<lambda_c376a267cfb53b6959b3b692ec76b120>@@AEAV<lambda_9a32fed5bf61b6b509b2d3f6003082a1>@@V<lambda_572fbb9fa0ab338edf41edfd4b5fcc8d>@@@?$__crt_seh_guarded_call@H@@QEAAH$$QEAV<lambda_c376a267cfb53b6959b3b692ec76b120>@@AEAV<lambda_9a32fed5bf61b6b509b2d3f6003082a1>@@$$QEAV<lambda_572fbb9fa0ab338edf41edfd4b5fcc8d>@@@Z@4HA 000000018003bf8c     libucrt:fflush.obj
 0004:00001f8c       $pdata$?fin$0@?0???$?RV<lambda_bdbcead8b570fa3d5ec6d9679862a6e5>@@AEAV<lambda_96f4279ff90247a4c5c5d9824f56f8c1>@@V<lambda_4606be27f17b5e5579e09050fab91818>@@@?$__crt_seh_guarded_call@_K@@QEAA_K$$QEAV<lambda_bdbcead8b570fa3d5ec6d9679862a6e5>@@AEAV<lambda_96f4279ff90247a4c5c5d9824f56f8c1>@@$$QEAV<lambda_4606be27f17b5e5579e09050fab91818>@@@Z@4HA 000000018003bf8c     libucrt:fwrite.obj
 0004:00001f98       $pdata$ungetc$fin$0        000000018003bf98     libucrt:ungetc.obj
 0004:00001fa4       $pdata$?fin$0@?0???$?RV<lambda_d80eeec6fff315bfe5c115232f3240e3>@@AEAV<lambda_6e4b09c48022b2350581041d5f6b0c4c>@@V<lambda_2358e3775559c9db80273638284d5e45>@@@?$__crt_seh_guarded_call@X@@QEAAX$$QEAV<lambda_d80eeec6fff315bfe5c115232f3240e3>@@AEAV<lambda_6e4b09c48022b2350581041d5f6b0c4c>@@$$QEAV<lambda_2358e3775559c9db80273638284d5e45>@@@Z@4HA 000000018003bfa4     libucrt:exit.obj
 0004:00001fa4       $pdata$?fin$0@?0???$?RV<lambda_a22f0c497e5168315e06dae667770027>@@AEAV<lambda_a094494068278ba5130ab06e1292f60a>@@V<lambda_24dc10c13f43218c635520766e23e324>@@@?$__crt_seh_guarded_call@_N@@QEAA_N$$QEAV<lambda_a22f0c497e5168315e06dae667770027>@@AEAV<lambda_a094494068278ba5130ab06e1292f60a>@@$$QEAV<lambda_24dc10c13f43218c635520766e23e324>@@@Z@4HA 000000018003bfa4     libucrt:spawnv.obj
 0004:00001fa4       $pdata$?fin$0@?0???$?RV<lambda_f2e299630e499de9f9a165e60fcd3db5>@@AEAV<lambda_2ae9d31cdba2644fcbeaf08da7c24588>@@V<lambda_40d01ff24d0e7b3814fdbdcee8eab3c7>@@@?$__crt_seh_guarded_call@X@@QEAAX$$QEAV<lambda_f2e299630e499de9f9a165e60fcd3db5>@@AEAV<lambda_2ae9d31cdba2644fcbeaf08da7c24588>@@$$QEAV<lambda_40d01ff24d0e7b3814fdbdcee8eab3c7>@@@Z@4HA 000000018003bfa4     libucrt:per_thread_data.obj
 0004:00001fa4       $pdata$?fin$0@?0???$?RV<lambda_9bd929c17696992ce54f1d748594fc62>@@AEAV<lambda_082c17da81b0962e08c0587ee0fac50c>@@V<lambda_9c08ac857f4975304d44e9f601d9b878>@@@?$__crt_seh_guarded_call@PEAD@@QEAAPEAD$$QEAV<lambda_9bd929c17696992ce54f1d748594fc62>@@AEAV<lambda_082c17da81b0962e08c0587ee0fac50c>@@$$QEAV<lambda_9c08ac857f4975304d44e9f601d9b878>@@@Z@4HA 000000018003bfa4     libucrt:setlocale.obj
 0004:00001fa4       $pdata$?fin$0@?0???$?RV<lambda_2d41944a1d46af3157314b8a01080d33>@@AEAV<lambda_8f455de75cd7d7f24b4096f044d8b9e6>@@V<lambda_aa500f224e6afead328df44964fe2772>@@@?$__crt_seh_guarded_call@X@@QEAAX$$QEAV<lambda_2d41944a1d46af3157314b8a01080d33>@@AEAV<lambda_8f455de75cd7d7f24b4096f044d8b9e6>@@$$QEAV<lambda_aa500f224e6afead328df44964fe2772>@@@Z@4HA 000000018003bfa4     libucrt:per_thread_data.obj
 0004:00001fa4       $pdata$?fin$0@?0???$?RV<lambda_aa87e3671a710a21b5dc78c0bdf72e11>@@AEAV<lambda_92619d2358a28f41a33ba319515a20b9>@@V<lambda_6992ecaafeb10aed2b74cb1fae11a551>@@@?$__crt_seh_guarded_call@X@@QEAAX$$QEAV<lambda_aa87e3671a710a21b5dc78c0bdf72e11>@@AEAV<lambda_92619d2358a28f41a33ba319515a20b9>@@$$QEAV<lambda_6992ecaafeb10aed2b74cb1fae11a551>@@@Z@4HA 000000018003bfa4     libucrt:per_thread_data.obj
 0004:00001fa4       $pdata$?fin$0@?0???$?RV<lambda_bd00b5aa228bd7e7e5b2b5db5fd2933b>@@AEAV<lambda_777d11615145f89ee95b9466d285deeb>@@V<lambda_6e5e48fbd24f9f8f81b203eb3d877683>@@@?$__crt_seh_guarded_call@H@@QEAAH$$QEAV<lambda_bd00b5aa228bd7e7e5b2b5db5fd2933b>@@AEAV<lambda_777d11615145f89ee95b9466d285deeb>@@$$QEAV<lambda_6e5e48fbd24f9f8f81b203eb3d877683>@@@Z@4HA 000000018003bfa4     libucrt:winapi_thunks.obj
 0004:00001fa4       $pdata$?fin$0@?0???$?RV<lambda_9529fede68560d7205a1271ab16b352e>@@AEAV<lambda_ebf8c556deb379764da826e7bb46e993>@@V<lambda_db92443d3c9ace7c8a20b950bb983b5a>@@@?$__crt_seh_guarded_call@X@@QEAAX$$QEAV<lambda_9529fede68560d7205a1271ab16b352e>@@AEAV<lambda_ebf8c556deb379764da826e7bb46e993>@@$$QEAV<lambda_db92443d3c9ace7c8a20b950bb983b5a>@@@Z@4HA 000000018003bfa4     libucrt:wsetlocale.obj
 0004:00001fa4       $pdata$?fin$0@?0???$?RV<lambda_450d765d439847d4c735a33c368b5fc0>@@AEAV<lambda_44731a7d0e6d81c3e6aa82d741081786>@@V<lambda_601a2a7da3b7a96e9554ac7215c4b07c>@@@?$__crt_seh_guarded_call@P6AXH@Z@@QEAAP6AXH@Z$$QEAV<lambda_450d765d439847d4c735a33c368b5fc0>@@AEAV<lambda_44731a7d0e6d81c3e6aa82d741081786>@@$$QEAV<lambda_601a2a7da3b7a96e9554ac7215c4b07c>@@@Z@4HA 000000018003bfa4     libucrt:signal.obj
 0004:00001fa4       $pdata$?fin$0@?0???$?RV<lambda_7777bce6b2f8c936911f934f8298dc43>@@AEAV<lambda_f03950bc5685219e0bcd2087efbe011e>@@V<lambda_3883c3dff614d5e0c5f61bb1ac94921c>@@@?$__crt_seh_guarded_call@H@@QEAAH$$QEAV<lambda_7777bce6b2f8c936911f934f8298dc43>@@AEAV<lambda_f03950bc5685219e0bcd2087efbe011e>@@$$QEAV<lambda_3883c3dff614d5e0c5f61bb1ac94921c>@@@Z@4HA 000000018003bfa4     libucrt:onexit.obj
 0004:00001fa4       $pdata$?fin$0@?0???$?RV<lambda_efdfa57d1f175319df784efa44bb7b81>@@AEAV<lambda_5f0a4c1567f8adc6734073e5d1e1b35c>@@V<lambda_2e8a7d3640ea6ccb4c2413664c2db6fd>@@@?$__crt_seh_guarded_call@X@@QEAAX$$QEAV<lambda_efdfa57d1f175319df784efa44bb7b81>@@AEAV<lambda_5f0a4c1567f8adc6734073e5d1e1b35c>@@$$QEAV<lambda_2e8a7d3640ea6ccb4c2413664c2db6fd>@@@Z@4HA 000000018003bfa4     libucrt:mbctype.obj
 0004:00001fa4       $pdata$?fin$0@?0???$?RV<lambda_8369fcb7c4df1e85de37618bd2b85f07>@@AEAV<lambda_a10e4b102d4a2c3aac6f4f48bbdf488f>@@V<lambda_5b7707bd6d7a0c4713179f36c7fd995d>@@@?$__crt_seh_guarded_call@H@@QEAAH$$QEAV<lambda_8369fcb7c4df1e85de37618bd2b85f07>@@AEAV<lambda_a10e4b102d4a2c3aac6f4f48bbdf488f>@@$$QEAV<lambda_5b7707bd6d7a0c4713179f36c7fd995d>@@@Z@4HA 000000018003bfa4     libucrt:onexit.obj
 0004:00001fa4       $pdata$?fin$0@?0???$?RV<lambda_0ae27a3a962d80f24befdcbee591983d>@@AEAV<lambda_8d0ee55de4b1038c4002e0adecdf1839>@@V<lambda_dc504788e8f1664fe9b84e20bfb512f2>@@@?$__crt_seh_guarded_call@X@@QEAAX$$QEAV<lambda_0ae27a3a962d80f24befdcbee591983d>@@AEAV<lambda_8d0ee55de4b1038c4002e0adecdf1839>@@$$QEAV<lambda_dc504788e8f1664fe9b84e20bfb512f2>@@@Z@4HA 000000018003bfa4     libucrt:per_thread_data.obj
 0004:00001fb0       $pdata$?fin$0@?0???$common_fsopen@D@@YAPEAU_iobuf@@QEBD0H@Z@4HA 000000018003bfb0     libucrt:fopen.obj
 0004:00001fbc       $pdata$_query_new_handler$fin$0 000000018003bfbc     libucrt:new_handler.obj
 0004:00001fc8       $pdata$?filt$0@?0???R<lambda_6e4b09c48022b2350581041d5f6b0c4c>@@QEBA@XZ@4HA 000000018003bfc8     libucrt:exit.obj
 0004:00001fd4       $pdata$raise$fin$0         000000018003bfd4     libucrt:signal.obj
 0004:00001fe0       $pdata$?fin$0@?0???$?RV<lambda_751a882b2c74d4b022dec766aa51a29a>@@AEAV<lambda_628dfdc04ba53c8bfc02c9951375f3f5>@@V<lambda_f6c7be5f7998530c34de24c7437d6b54>@@@?$__crt_seh_guarded_call@H@@QEAAH$$QEAV<lambda_751a882b2c74d4b022dec766aa51a29a>@@AEAV<lambda_628dfdc04ba53c8bfc02c9951375f3f5>@@$$QEAV<lambda_f6c7be5f7998530c34de24c7437d6b54>@@@Z@4HA 000000018003bfe0     libucrt:close.obj
 0004:00001fe0       $pdata$?fin$0@?0???$?RV<lambda_a37b2b86f63e897a80ea819b0eb08c01>@@AEAV<lambda_38ce7e780aa69e748d6df282ebc68efe>@@V<lambda_99fb1378e971ab6e7edea83e3a7a83a2>@@@?$__crt_seh_guarded_call@H@@QEAAH$$QEAV<lambda_a37b2b86f63e897a80ea819b0eb08c01>@@AEAV<lambda_38ce7e780aa69e748d6df282ebc68efe>@@$$QEAV<lambda_99fb1378e971ab6e7edea83e3a7a83a2>@@@Z@4HA 000000018003bfe0     libucrt:commit.obj
 0004:00001fec       $pdata$_write$fin$0        000000018003bfec     libucrt:write.obj
 0004:00001fec       $pdata$?fin$0@?0???$common_lseek@_J@@YA_JH_JH@Z@4HA 000000018003bfec     libucrt:lseek.obj
 0004:00001ff8       $pdata$?fin$0@?0???$common_dupenv_s@D@@YAHQEAPEADQEA_KQEBDH2H@Z@4HA 000000018003bff8     libucrt:getenv.obj
 0004:00002004       $pdata$?fin$0@?0??__acrt_stdio_allocate_stream@@YA?AV__crt_stdio_stream@@XZ@4HA 000000018003c004     libucrt:stream.obj
 0004:00002004       $pdata$_fcloseall$fin$0    000000018003c004     libucrt:closeall.obj
 0004:00002010       $pdata$?fin$0@?0???$common_ftell@_J@@YA_JV__crt_stdio_stream@@@Z@4HA 000000018003c010     libucrt:ftell.obj
 0004:00002010       $pdata$fclose$fin$0        000000018003c010     libucrt:fclose.obj
 0004:00002010       $pdata$?fin$0@?0??common_fseek@@YAHV__crt_stdio_stream@@_JH@Z@4HA 000000018003c010     libucrt:fseek.obj
 0004:0000201c       $pdata$?fin$0@?0???$?RV<lambda_410d79af7f07d98d83a3f525b3859a53>@@AEAV<lambda_3e16ef9562a7dcce91392c22ab16ea36>@@V<lambda_38119f0e861e05405d8a144b9b982f0a>@@@?$__crt_seh_guarded_call@X@@QEAAX$$QEAV<lambda_410d79af7f07d98d83a3f525b3859a53>@@AEAV<lambda_3e16ef9562a7dcce91392c22ab16ea36>@@$$QEAV<lambda_38119f0e861e05405d8a144b9b982f0a>@@@Z@4HA 000000018003c01c     libucrt:wsetlocale.obj
 0004:00002028       $pdata$?fin$0@?0???$?RV<lambda_d8a01803c7231904df012bb083be9e3a>@@AEAV<lambda_b163b37eafe0a13f2c371fafeb0365c9>@@AEAV<lambda_8dff2cf36a5417162780cd64fa2883ef>@@@?$__crt_seh_guarded_call@X@@QEAAX$$QEAV<lambda_d8a01803c7231904df012bb083be9e3a>@@AEAV<lambda_b163b37eafe0a13f2c371fafeb0365c9>@@AEAV<lambda_8dff2cf36a5417162780cd64fa2883ef>@@@Z@4HA 000000018003c028     libucrt:wsetlocale.obj
 0004:00002034       $pdata$_ctrlfp$filt$0      000000018003c034     libucrt:fpctrl.obj
 0004:00002040       $pdata$?fin$0@?0??update_thread_multibyte_data_internal@@YAPEAU__crt_multibyte_data@@QEAU__acrt_ptd@@QEAPEAU1@@Z@4HA 000000018003c040     libucrt:mbctype.obj
 0004:0000204c       $pdata$__acrt_initialize_lowio$fin$0 000000018003c04c     libucrt:ioinit.obj
 0004:0000204c       $pdata$_alloc_osfhnd$fin$0 000000018003c04c     libucrt:osfinfo.obj
 0004:0000204c       $pdata$__acrt_lowio_ensure_fh_exists$fin$0 000000018003c04c     libucrt:osfinfo.obj
 0004:00002058       $pdata$__acrt_update_thread_locale_data$fin$0 000000018003c058     libucrt:locale_refcounting.obj
 0004:00002064       $pdata$_read$fin$0         000000018003c064     libucrt:read.obj
 0004:00002070       $pdata$?fin$0@?0???$common_sopen_dispatch@D@@YAHQEBDHHHQEAHH@Z@4HA 000000018003c070     libucrt:open.obj
 0004:0000207c       $pdata$_IsNonwritableInCurrentImage$filt$0 000000018003c07c     LIBCMT:pesect.obj
 0004:00002088       $pdata$??__FcurtainCommand@demo@@YAXXZ 000000018003c088     curtaincontrol.obj
 0004:00002094       $pdata$??__FmyFile@demo@@YAXXZ 000000018003c094     curtaincontrol.obj
 0004:000020a0       $pdata$??__Fcout@std@@YAXXZ 000000018003c0a0     libcpmt:cout.obj
 0004:000020ac       $pdata$??__F_Fac_tidy_reg@std@@YAXXZ 000000018003c0ac     libcpmt:locale0.obj
 0004:000020b8       $pdata$??__Fclassic_locale@std@@YAXXZ 000000018003c0b8     libcpmt:locale0.obj
 0004:000020c4       $pdata$??__Finit_atexit@@YAXXZ 000000018003c0c4     libcpmt:iosptrs.obj
 0005:00000060       $R000000                   000000018003d060     * linker generated manifest res *

 Exports

  ordinal    name

        1    _register_addon_
