 addon

 Timestamp is 5b6e116f (Sat Aug 11 00:27:59 2018)

 Preferred load address is 0000000180000000

 Start         Length     Name                   Class
 0001:00000000 00000190H .text$di                CODE
 0001:00000190 000202c0H .text$mn                CODE
 0001:00020450 00000020H .text$mn$00             CODE
 0001:00020470 000004f0H .text$x                 CODE
 0001:00020960 00000254H .text$yd                CODE
 0002:00000000 000002e0H .idata$5                DATA
 0002:000002e0 00000010H .00cfg                  DATA
 0002:000002f0 00000008H .CRT$XCA                DATA
 0002:000002f8 00000038H .CRT$XCC                DATA
 0002:00000330 00000010H .CRT$XCL                DATA
 0002:00000340 00000018H .CRT$XCU                DATA
 0002:00000358 00000008H .CRT$XCZ                DATA
 0002:00000360 00000008H .CRT$XIA                DATA
 0002:00000368 00000030H .CRT$XIC                DATA
 0002:00000398 00000008H .CRT$XIZ                DATA
 0002:000003a0 00000008H .CRT$XLA                DATA
 0002:000003a8 00000008H .CRT$XLZ                DATA
 0002:000003b0 00000008H .CRT$XPA                DATA
 0002:000003b8 00000010H .CRT$XPX                DATA
 0002:000003c8 00000008H .CRT$XPXA               DATA
 0002:000003d0 00000008H .CRT$XPZ                DATA
 0002:000003d8 00000008H .CRT$XTA                DATA
 0002:000003e0 00000010H .CRT$XTZ                DATA
 0002:000003f0 0000ee98H .rdata                  DATA
 0002:0000f288 00000028H .rdata$T                DATA
 0002:0000f2b0 00000ec4H .rdata$r                DATA
 0002:00010174 0000049cH .rdata$zzzdbg           DATA
 0002:00010610 00000008H .rtc$IAA                DATA
 0002:00010618 00000008H .rtc$IZZ                DATA
 0002:00010620 00000008H .rtc$TAA                DATA
 0002:00010628 00000008H .rtc$TZZ                DATA
 0002:00010630 00001c28H .xdata                  DATA
 0002:00012258 00000244H .xdata$x                DATA
 0002:0001249c 00000020H .didat$2                DATA
 0002:000124bc 00000024H .didat$3                DATA
 0002:000124e0 00000050H .didat$4                DATA
 0002:00012530 00000270H .didat$6                DATA
 0002:000127a0 00000050H .didat$7                DATA
 0002:000127f0 00000050H .edata                  DATA
 0002:00012840 00000014H .idata$2                DATA
 0002:00012854 00000014H .idata$3                DATA
 0002:00012868 000002e0H .idata$4                DATA
 0002:00012b48 000006acH .idata$6                DATA
 0003:00000000 00000bb0H .data                   DATA
 0003:00000bb0 00000560H .data$r                 DATA
 0003:00001110 00000050H .didat$5                DATA
 0003:00001160 00001abcH .bss                    DATA
 0004:00000000 00001f74H .pdata                  DATA
 0005:00000000 000000b4H .gfids$x                DATA
 0005:000000b4 000001e4H .gfids$y                DATA
 0006:00000000 00000004H .tls                    DATA
 0006:00000004 00000004H .tls$                   DATA
 0006:00000008 00000001H .tls$ZZZ                DATA
 0007:00000000 00000060H .rsrc$01                DATA
 0007:00000060 00000180H .rsrc$02                DATA

  Address         Publics by Value              Rva+Base               Lib:Object

 0000:00000000       __guard_iat_count          0000000000000000     <absolute>
 0000:00000000       __dynamic_value_reloc_table 0000000000000000     <absolute>
 0000:00000000       __guard_iat_table          0000000000000000     <absolute>
 0000:00000000       __guard_longjmp_table      0000000000000000     <absolute>
 0000:00000000       __guard_longjmp_count      0000000000000000     <absolute>
 0000:00000000       __guard_fids_count         0000000000000000     <absolute>
 0000:00000000       ___safe_se_handler_table   0000000000000000     <absolute>
 0000:00000000       ___safe_se_handler_count   0000000000000000     <absolute>
 0000:00000000       __guard_fids_table         0000000000000000     <absolute>
 0000:00000100       __guard_flags              0000000000000100     <absolute>
 0000:00000000       __ImageBase                0000000180000000     <linker-defined>
 0001:00000190       ?what@exception@stdext@@UEBAPEBDXZ 0000000180001190 f i curtaincontrol.obj
 0001:000001b0       ?imbue@?$basic_streambuf@DU?$char_traits@D@std@@@std@@MEAAXAEBVlocale@2@@Z 00000001800011b0 f i curtaincontrol.obj
 0001:000001b0       ?_Lock@?$basic_streambuf@DU?$char_traits@D@std@@@std@@UEAAXXZ 00000001800011b0 f i curtaincontrol.obj
 0001:000001b0       ??1?$_String_alloc@U?$_String_base_types@DV?$allocator@D@std@@@std@@@std@@QEAA@XZ 00000001800011b0 f i curtaincontrol.obj
 0001:000001b0       ??$destroy@PEAD@?$_Wrap_alloc@V?$allocator@D@std@@@std@@QEAAXPEAPEAD@Z 00000001800011b0 f i curtaincontrol.obj
 0001:000001b0       ?_Unlock@?$basic_streambuf@DU?$char_traits@D@std@@@std@@UEAAXXZ 00000001800011b0 f i curtaincontrol.obj
 0001:000001b0       __except_validate_context_record 00000001800011b0 f i libvcruntime:jbcxrval.obj
 0001:000001b0       _guard_check_icall_nop     00000001800011b0 f i LIBCMT:guard_support.obj
 0001:000001b0       ?_Doraise@exception@stdext@@MEBAXXZ 00000001800011b0 f i curtaincontrol.obj
 0001:000001c0       ??_Gexception@stdext@@UEAAPEAXI@Z 00000001800011c0 f i curtaincontrol.obj
 0001:000001c0       ??_Gruntime_error@std@@UEAAPEAXI@Z 00000001800011c0 f i curtaincontrol.obj
 0001:000001c0       ??_Eexception@stdext@@UEAAPEAXI@Z 00000001800011c0 f i * CIL library *:* CIL module *
 0001:000001c0       ??_Eruntime_error@std@@UEAAPEAXI@Z 00000001800011c0 f i * CIL library *:* CIL module *
 0001:000001f0       ?NODE_SET_METHOD@node@@YAXV?$Local@VObject@v8@@@v8@@PEBDP6AXAEBV?$FunctionCallbackInfo@VValue@v8@@@3@@Z@Z 00000001800011f0 f i curtaincontrol.obj
 0001:000002d0       ??0_Locinfo@std@@QEAA@PEBD@Z 00000001800012d0 f i curtaincontrol.obj
 0001:00000390       ??1_Locinfo@std@@QEAA@XZ   0000000180001390 f i curtaincontrol.obj
 0001:00000430       ??_G_Facet_base@std@@UEAAPEAXI@Z 0000000180001430 f i curtaincontrol.obj
 0001:00000430       ??_E_Facet_base@std@@UEAAPEAXI@Z 0000000180001430 f i * CIL library *:* CIL module *
 0001:00000460       ?_Incref@facet@locale@std@@UEAAXXZ 0000000180001460 f i curtaincontrol.obj
 0001:00000470       ?_Decref@facet@locale@std@@UEAAPEAV_Facet_base@3@XZ 0000000180001470 f i curtaincontrol.obj
 0001:00000480       ?do_encoding@codecvt_base@std@@MEBAHXZ 0000000180001480 f i curtaincontrol.obj
 0001:00000480       ?do_max_length@codecvt_base@std@@MEBAHXZ 0000000180001480 f i curtaincontrol.obj
 0001:00000480       DllMain                    0000000180001480 f i LIBCMT:dll_dllmain_stub.obj
 0001:00000480       _get_startup_argv_mode     0000000180001480 f i LIBCMT:argv_mode.obj
 0001:00000490       ?_Getcat@?$ctype@D@std@@SA_KPEAPEBVfacet@locale@2@PEBV42@@Z 0000000180001490 f i curtaincontrol.obj
 0001:00000550       ?do_tolower@?$ctype@D@std@@MEBADD@Z 0000000180001550 f i curtaincontrol.obj
 0001:00000560       ?do_tolower@?$ctype@D@std@@MEBAPEBDPEADPEBD@Z 0000000180001560 f i curtaincontrol.obj
 0001:000005c0       ?do_toupper@?$ctype@D@std@@MEBADD@Z 00000001800015c0 f i curtaincontrol.obj
 0001:000005d0       ?do_toupper@?$ctype@D@std@@MEBAPEBDPEADPEBD@Z 00000001800015d0 f i curtaincontrol.obj
 0001:00000630       ?do_widen@?$ctype@D@std@@MEBADD@Z 0000000180001630 f i curtaincontrol.obj
 0001:00000630       ?do_narrow@?$ctype@D@std@@MEBADDD@Z 0000000180001630 f i curtaincontrol.obj
 0001:00000640       ?do_widen@?$ctype@D@std@@MEBAPEBDPEBD0PEAD@Z 0000000180001640 f i curtaincontrol.obj
 0001:00000660       ?do_narrow@?$ctype@D@std@@MEBAPEBDPEBD0DPEAD@Z 0000000180001660 f i curtaincontrol.obj
 0001:00000680       ??_E?$ctype@D@std@@MEAAPEAXI@Z 0000000180001680 f i * CIL library *:* CIL module *
 0001:00000680       ??_G?$ctype@D@std@@MEAAPEAXI@Z 0000000180001680 f i curtaincontrol.obj
 0001:000006f0       ??_E_Iostream_error_category@std@@UEAAPEAXI@Z 00000001800016f0 f i * CIL library *:* CIL module *
 0001:000006f0       ??_Eerror_category@std@@UEAAPEAXI@Z 00000001800016f0 f i * CIL library *:* CIL module *
 0001:000006f0       ??_Gerror_category@std@@UEAAPEAXI@Z 00000001800016f0 f i curtaincontrol.obj
 0001:000006f0       ??_G_Iostream_error_category@std@@UEAAPEAXI@Z 00000001800016f0 f i curtaincontrol.obj
 0001:00000720       ?default_error_condition@error_category@std@@UEBA?AVerror_condition@2@H@Z 0000000180001720 f i curtaincontrol.obj
 0001:00000730       ?equivalent@error_category@std@@UEBA_NHAEBVerror_condition@2@@Z 0000000180001730 f i curtaincontrol.obj
 0001:00000790       ?equivalent@error_category@std@@UEBA_NAEBVerror_code@2@H@Z 0000000180001790 f i curtaincontrol.obj
 0001:000007b0       ??0_System_error@std@@IEAA@Verror_code@1@AEBV?$basic_string@DU?$char_traits@D@std@@V?$allocator@D@2@@1@@Z 00000001800017b0 f i curtaincontrol.obj
 0001:000009d0       ??_G_System_error@std@@UEAAPEAXI@Z 00000001800019d0 f i curtaincontrol.obj
 0001:000009d0       ??_Gfailure@ios_base@std@@UEAAPEAXI@Z 00000001800019d0 f i curtaincontrol.obj
 0001:000009d0       ??_E_System_error@std@@UEAAPEAXI@Z 00000001800019d0 f i * CIL library *:* CIL module *
 0001:000009d0       ??_Efailure@ios_base@std@@UEAAPEAXI@Z 00000001800019d0 f i * CIL library *:* CIL module *
 0001:00000a00       ?name@_Iostream_error_category@std@@UEBAPEBDXZ 0000000180001a00 f i curtaincontrol.obj
 0001:00000a10       ?message@_Iostream_error_category@std@@UEBA?AV?$basic_string@DU?$char_traits@D@std@@V?$allocator@D@2@@2@H@Z 0000000180001a10 f i curtaincontrol.obj
 0001:00000a90       ?clear@ios_base@std@@QEAAXH_N@Z 0000000180001a90 f i curtaincontrol.obj
 0001:00000e10       ??_Gios_base@std@@UEAAPEAXI@Z 0000000180001e10 f i curtaincontrol.obj
 0001:00000e10       ??_Eios_base@std@@UEAAPEAXI@Z 0000000180001e10 f i * CIL library *:* CIL module *
 0001:00000e50       ?writeMessege@demo@@YAXQEAD@Z 0000000180001e50 f   curtaincontrol.obj
 0001:00000f10       ?callPythonScript@demo@@YAXV?$basic_string@DU?$char_traits@D@std@@V?$allocator@D@2@@std@@@Z 0000000180001f10 f   curtaincontrol.obj
 0001:00001040       ?closeCurtain@demo@@YAXAEBV?$FunctionCallbackInfo@VValue@v8@@@v8@@@Z 0000000180002040 f   curtaincontrol.obj
 0001:000010b0       ?openCurtain@demo@@YAXAEBV?$FunctionCallbackInfo@VValue@v8@@@v8@@@Z 00000001800020b0 f   curtaincontrol.obj
 0001:00001120       ?init@demo@@YAXV?$Local@VObject@v8@@@v8@@@Z 0000000180002120 f   curtaincontrol.obj
 0001:00001170       ??1?$basic_string@DU?$char_traits@D@std@@V?$allocator@D@2@@std@@QEAA@XZ 0000000180002170 f i curtaincontrol.obj
 0001:00001200       ??1?$basic_ofstream@DU?$char_traits@D@std@@@std@@UEAA@XZ 0000000180002200 f i curtaincontrol.obj
 0001:00001280       ??0?$basic_ofstream@DU?$char_traits@D@std@@@std@@QEAA@XZ 0000000180002280 f i curtaincontrol.obj
 0001:00001470       ?imbue@?$basic_filebuf@DU?$char_traits@D@std@@@std@@MEAAXAEBVlocale@2@@Z 0000000180002470 f i curtaincontrol.obj
 0001:000014a0       ?sync@?$basic_filebuf@DU?$char_traits@D@std@@@std@@MEAAHXZ 00000001800024a0 f i curtaincontrol.obj
 0001:000014f0       ?setbuf@?$basic_filebuf@DU?$char_traits@D@std@@@std@@MEAAPEAV?$basic_streambuf@DU?$char_traits@D@std@@@2@PEAD_J@Z 00000001800024f0 f i curtaincontrol.obj
 0001:00001550       ?seekpos@?$basic_filebuf@DU?$char_traits@D@std@@@std@@MEAA?AV?$fpos@U_Mbstatet@@@2@V32@H@Z 0000000180002550 f i curtaincontrol.obj
 0001:00001630       ?seekoff@?$basic_filebuf@DU?$char_traits@D@std@@@std@@MEAA?AV?$fpos@U_Mbstatet@@@2@_JHH@Z 0000000180002630 f i curtaincontrol.obj
 0001:00001720       ?uflow@?$basic_filebuf@DU?$char_traits@D@std@@@std@@MEAAHXZ 0000000180002720 f i curtaincontrol.obj
 0001:00001b10       ?underflow@?$basic_filebuf@DU?$char_traits@D@std@@@std@@MEAAHXZ 0000000180002b10 f i curtaincontrol.obj
 0001:00001b80       ?pbackfail@?$basic_filebuf@DU?$char_traits@D@std@@@std@@MEAAHH@Z 0000000180002b80 f i curtaincontrol.obj
 0001:00001c30       ?overflow@?$basic_filebuf@DU?$char_traits@D@std@@@std@@MEAAHH@Z 0000000180002c30 f i curtaincontrol.obj
 0001:00001fe0       ?_Unlock@?$basic_filebuf@DU?$char_traits@D@std@@@std@@UEAAXXZ 0000000180002fe0 f i curtaincontrol.obj
 0001:00002000       ?_Lock@?$basic_filebuf@DU?$char_traits@D@std@@@std@@UEAAXXZ 0000000180003000 f i curtaincontrol.obj
 0001:00002020       ??1?$basic_filebuf@DU?$char_traits@D@std@@@std@@UEAA@XZ 0000000180003020 f i curtaincontrol.obj
 0001:000020d0       ?write@?$basic_ostream@DU?$char_traits@D@std@@@std@@QEAAAEAV12@PEBD_J@Z 00000001800030d0 f i curtaincontrol.obj
 0001:00002210       ?showmanyc@?$basic_streambuf@DU?$char_traits@D@std@@@std@@MEAA_JXZ 0000000180003210 f i curtaincontrol.obj
 0001:00002210       ?sync@?$basic_streambuf@DU?$char_traits@D@std@@@std@@MEAAHXZ 0000000180003210 f i curtaincontrol.obj
 0001:00002220       ??0?$_Wrap_alloc@V?$allocator@D@std@@@std@@QEAA@XZ 0000000180003220 f i curtaincontrol.obj
 0001:00002220       ?setbuf@?$basic_streambuf@DU?$char_traits@D@std@@@std@@MEAAPEAV12@PEAD_J@Z 0000000180003220 f i curtaincontrol.obj
 0001:00002230       ?seekoff@?$basic_streambuf@DU?$char_traits@D@std@@@std@@MEAA?AV?$fpos@U_Mbstatet@@@2@_JHH@Z 0000000180003230 f i curtaincontrol.obj
 0001:00002230       ?seekpos@?$basic_streambuf@DU?$char_traits@D@std@@@std@@MEAA?AV?$fpos@U_Mbstatet@@@2@V32@H@Z 0000000180003230 f i curtaincontrol.obj
 0001:00002250       ?xsputn@?$basic_streambuf@DU?$char_traits@D@std@@@std@@MEAA_JPEBD_J@Z 0000000180003250 f i curtaincontrol.obj
 0001:00002310       ?xsgetn@?$basic_streambuf@DU?$char_traits@D@std@@@std@@MEAA_JPEAD_J@Z 0000000180003310 f i curtaincontrol.obj
 0001:000023d0       ?uflow@?$basic_streambuf@DU?$char_traits@D@std@@@std@@MEAAHXZ 00000001800033d0 f i curtaincontrol.obj
 0001:00002410       ?pbackfail@?$basic_streambuf@DU?$char_traits@D@std@@@std@@MEAAHH@Z 0000000180003410 f i curtaincontrol.obj
 0001:00002410       ?overflow@?$basic_streambuf@DU?$char_traits@D@std@@@std@@MEAAHH@Z 0000000180003410 f i curtaincontrol.obj
 0001:00002410       ?underflow@?$basic_streambuf@DU?$char_traits@D@std@@@std@@MEAAHXZ 0000000180003410 f i curtaincontrol.obj
 0001:00002420       ??_E?$basic_ofstream@DU?$char_traits@D@std@@@std@@UEAAPEAXI@Z 0000000180003420 f i * CIL library *:* CIL module *
 0001:00002420       ??_G?$basic_ofstream@DU?$char_traits@D@std@@@std@@UEAAPEAXI@Z 0000000180003420 f i curtaincontrol.obj
 0001:00002470       ??_E?$basic_filebuf@DU?$char_traits@D@std@@@std@@UEAAPEAXI@Z 0000000180003470 f i * CIL library *:* CIL module *
 0001:00002470       ??_G?$basic_filebuf@DU?$char_traits@D@std@@@std@@UEAAPEAXI@Z 0000000180003470 f i curtaincontrol.obj
 0001:000024b0       ??_G?$basic_ostream@DU?$char_traits@D@std@@@std@@UEAAPEAXI@Z 00000001800034b0 f i curtaincontrol.obj
 0001:000024b0       ??_E?$basic_ostream@DU?$char_traits@D@std@@@std@@UEAAPEAXI@Z 00000001800034b0 f i * CIL library *:* CIL module *
 0001:00002520       ??_E?$basic_streambuf@DU?$char_traits@D@std@@@std@@UEAAPEAXI@Z 0000000180003520 f i * CIL library *:* CIL module *
 0001:00002520       ??_G?$basic_streambuf@DU?$char_traits@D@std@@@std@@UEAAPEAXI@Z 0000000180003520 f i curtaincontrol.obj
 0001:000025a0       ??_Glocale@std@@QEAAPEAXI@Z 00000001800035a0 f i curtaincontrol.obj
 0001:00002600       ??_G?$basic_ios@DU?$char_traits@D@std@@@std@@UEAAPEAXI@Z 0000000180003600 f i curtaincontrol.obj
 0001:00002600       ??_E?$basic_ios@DU?$char_traits@D@std@@@std@@UEAAPEAXI@Z 0000000180003600 f i * CIL library *:* CIL module *
 0001:00002640       ?do_length@?$codecvt@DDU_Mbstatet@@@std@@MEBAHAEAU_Mbstatet@@PEBD1_K@Z 0000000180003640 f i curtaincontrol.obj
 0001:00002660       ?do_unshift@?$codecvt@DDU_Mbstatet@@@std@@MEBAHAEAU_Mbstatet@@PEAD1AEAPEAD@Z 0000000180003660 f i curtaincontrol.obj
 0001:00002670       ?do_out@?$codecvt@DDU_Mbstatet@@@std@@MEBAHAEAU_Mbstatet@@PEBD1AEAPEBDPEAD3AEAPEAD@Z 0000000180003670 f i curtaincontrol.obj
 0001:00002670       ?do_in@?$codecvt@DDU_Mbstatet@@@std@@MEBAHAEAU_Mbstatet@@PEBD1AEAPEBDPEAD3AEAPEAD@Z 0000000180003670 f i curtaincontrol.obj
 0001:00002690       ?do_always_noconv@?$codecvt@DDU_Mbstatet@@@std@@MEBA_NXZ 0000000180003690 f i curtaincontrol.obj
 0001:00002690       __acrt_uninitialize_command_line 0000000180003690 f i libucrt:argv_data.obj
 0001:000026a0       ??0sentry@?$basic_ostream@DU?$char_traits@D@std@@@std@@QEAA@AEAV12@@Z 00000001800036a0 f i curtaincontrol.obj
 0001:00002710       ?erase@?$basic_string@DU?$char_traits@D@std@@V?$allocator@D@2@@std@@QEAAAEAV12@_K0@Z 0000000180003710 f i curtaincontrol.obj
 0001:000027e0       ?assign@?$basic_string@DU?$char_traits@D@std@@V?$allocator@D@2@@std@@QEAAAEAV12@AEBV12@_K1@Z 00000001800037e0 f i curtaincontrol.obj
 0001:00002910       ?append@?$basic_string@DU?$char_traits@D@std@@V?$allocator@D@2@@std@@QEAAAEAV12@PEBD_K@Z 0000000180003910 f i curtaincontrol.obj
 0001:00002a60       ?append@?$basic_string@DU?$char_traits@D@std@@V?$allocator@D@2@@std@@QEAAAEAV12@AEBV12@_K1@Z 0000000180003a60 f i curtaincontrol.obj
 0001:00002b90       ?_Set_back@?$basic_filebuf@DU?$char_traits@D@std@@@std@@AEAAXXZ 0000000180003b90 f i curtaincontrol.obj
 0001:00002be0       ?_Reset_back@?$basic_filebuf@DU?$char_traits@D@std@@@std@@AEAAXXZ 0000000180003be0 f i curtaincontrol.obj
 0001:00002c10       ?_Initcvt@?$basic_filebuf@DU?$char_traits@D@std@@@std@@IEAAXPEBV?$codecvt@DDU_Mbstatet@@@2@@Z 0000000180003c10 f i curtaincontrol.obj
 0001:00002cb0       ?_Endwrite@?$basic_filebuf@DU?$char_traits@D@std@@@std@@IEAA_NXZ 0000000180003cb0 f i curtaincontrol.obj
 0001:00002f60       ?_Init@?$basic_filebuf@DU?$char_traits@D@std@@@std@@IEAAXPEAU_iobuf@@W4_Initfl@12@@Z 0000000180003f60 f i curtaincontrol.obj
 0001:00003050       ?close@?$basic_filebuf@DU?$char_traits@D@std@@@std@@QEAAPEAV12@XZ 0000000180004050 f i curtaincontrol.obj
 0001:00003120       ?open@?$basic_filebuf@DU?$char_traits@D@std@@@std@@QEAAPEAV12@PEBDHH@Z 0000000180004120 f i curtaincontrol.obj
 0001:000031d0       ??0?$basic_ostream@DU?$char_traits@D@std@@@std@@QEAA@PEAV?$basic_streambuf@DU?$char_traits@D@std@@@1@_N@Z 00000001800041d0 f i curtaincontrol.obj
 0001:00003240       ?_Pnavail@?$basic_streambuf@DU?$char_traits@D@std@@@std@@IEBA_JXZ 0000000180004240 f i curtaincontrol.obj
 0001:00003260       ?_Gnavail@?$basic_streambuf@DU?$char_traits@D@std@@@std@@IEBA_JXZ 0000000180004260 f i curtaincontrol.obj
 0001:00003280       ??_G?$codecvt@DDU_Mbstatet@@@std@@MEAAPEAXI@Z 0000000180004280 f i curtaincontrol.obj
 0001:00003280       ??_E?$codecvt@DDU_Mbstatet@@@std@@MEAAPEAXI@Z 0000000180004280 f i * CIL library *:* CIL module *
 0001:000032b0       ?assign@?$basic_string@DU?$char_traits@D@std@@V?$allocator@D@2@@std@@QEAAAEAV12@PEBD_K@Z 00000001800042b0 f i curtaincontrol.obj
 0001:000033e0       ?flush@?$basic_ostream@DU?$char_traits@D@std@@@std@@QEAAAEAV12@XZ 00000001800043e0 f i curtaincontrol.obj
 0001:000034d0       ??0?$basic_streambuf@DU?$char_traits@D@std@@@std@@IEAA@XZ 00000001800044d0 f i curtaincontrol.obj
 0001:00003570       ?init@?$basic_ios@DU?$char_traits@D@std@@@std@@IEAAXPEAV?$basic_streambuf@DU?$char_traits@D@std@@@2@_N@Z 0000000180004570 f i curtaincontrol.obj
 0001:00003640       ?_Copy@?$basic_string@DU?$char_traits@D@std@@V?$allocator@D@2@@std@@QEAAX_K0@Z 0000000180004640 f i curtaincontrol.obj
 0001:000037c0       ?widen@?$basic_ios@DU?$char_traits@D@std@@@std@@QEBADD@Z 00000001800047c0 f i curtaincontrol.obj
 0001:00003860       ??$use_facet@V?$ctype@D@std@@@std@@YAAEBV?$ctype@D@0@AEBVlocale@0@@Z 0000000180004860 f i curtaincontrol.obj
 0001:00003990       ??$_Immortalize@V_Iostream_error_category@std@@@std@@YAAEAV_Iostream_error_category@0@XZ 0000000180004990 f i curtaincontrol.obj
 0001:00003a10       ??$?6U?$char_traits@D@std@@@std@@YAAEAV?$basic_ostream@DU?$char_traits@D@std@@@0@AEAV10@PEBD@Z 0000000180004a10 f i curtaincontrol.obj
 0001:00003c70       ??$use_facet@V?$codecvt@DDU_Mbstatet@@@std@@@std@@YAAEBV?$codecvt@DDU_Mbstatet@@@0@AEBVlocale@0@@Z 0000000180004c70 f i curtaincontrol.obj
 0001:00003df0       ?put@?$basic_ostream@DU?$char_traits@D@std@@@std@@QEAAAEAV12@D@Z 0000000180004df0 f i curtaincontrol.obj
 0001:00003f3c       ??_E?$basic_ostream@DU?$char_traits@D@std@@@std@@$4PPPPPPPM@A@EAAPEAXI@Z 0000000180004f3c f i curtaincontrol.obj
 0001:00003f48       ??_E?$basic_ofstream@DU?$char_traits@D@std@@@std@@$4PPPPPPPM@A@EAAPEAXI@Z 0000000180004f48 f i curtaincontrol.obj
 0001:00003fac       __imp_load_?GetCurrent@Isolate@v8@@SAPEAV12@XZ 0000000180004fac f   node:node.exe
 0001:00003fb8       __tailMerge_node_exe       0000000180004fb8 f i node:node.exe
 0001:00004031       __imp_load_??1HandleScope@v8@@QEAA@XZ 0000000180005031 f   node:node.exe
 0001:0000403d       __imp_load_??0HandleScope@v8@@QEAA@PEAVIsolate@1@@Z 000000018000503d f   node:node.exe
 0001:00004049       __imp_load_?GetFunction@FunctionTemplate@v8@@QEAA?AV?$Local@VFunction@v8@@@2@XZ 0000000180005049 f   node:node.exe
 0001:00004055       __imp_load_?New@FunctionTemplate@v8@@SA?AV?$Local@VFunctionTemplate@v8@@@2@PEAVIsolate@2@P6AXAEBV?$FunctionCallbackInfo@VValue@v8@@@2@@ZV?$Local@VValue@v8@@@2@V?$Local@VSignature@v8@@@2@HW4ConstructorBehavior@2@@Z 0000000180005055 f   node:node.exe
 0001:00004061       __imp_load_?NewFromUtf8@String@v8@@SA?AV?$Local@VString@v8@@@2@PEAVIsolate@2@PEBDW4NewStringType@12@H@Z 0000000180005061 f   node:node.exe
 0001:0000406d       __imp_load_?Set@Object@v8@@QEAA_NV?$Local@VValue@v8@@@2@0@Z 000000018000506d f   node:node.exe
 0001:00004079       __imp_load_?SetName@Function@v8@@QEAAXV?$Local@VString@v8@@@2@@Z 0000000180005079 f   node:node.exe
 0001:00004085       __imp_load_node_module_register 0000000180005085 f   node:node.exe
 0001:00004094       ??0_Init_locks@std@@QEAA@XZ 0000000180005094 f   libcpmt:xlock.obj
 0001:000040e0       ??0_Lockit@std@@QEAA@H@Z   00000001800050e0 f   libcpmt:xlock.obj
 0001:0000411c       ??1_Init_locks@std@@QEAA@XZ 000000018000511c f   libcpmt:xlock.obj
 0001:00004160       ??1_Lockit@std@@QEAA@XZ    0000000180005160 f   libcpmt:xlock.obj
 0001:00004194       ??0_Init_cout@std@@QEAA@XZ 0000000180005194 f i libcpmt:cout.obj
 0001:00004200       ??0exception@std@@QEAA@AEBV01@@Z 0000000180005200 f i libcpmt:cout.obj
 0001:00004238       ??_Glogic_error@std@@UEAAPEAXI@Z 0000000180005238 f i libcpmt:xthrow.obj
 0001:00004238       ??_Gbad_alloc@std@@UEAAPEAXI@Z 0000000180005238 f i libcpmt:xthrow.obj
 0001:00004238       ??_Elogic_error@std@@UEAAPEAXI@Z 0000000180005238 f i libcpmt:xthrow.obj
 0001:00004238       ??_Gout_of_range@std@@UEAAPEAXI@Z 0000000180005238 f i libcpmt:xthrow.obj
 0001:00004238       ??_Elength_error@std@@UEAAPEAXI@Z 0000000180005238 f i libcpmt:xthrow.obj
 0001:00004238       ??_Ebad_alloc@std@@UEAAPEAXI@Z 0000000180005238 f i libcpmt:xthrow.obj
 0001:00004238       ??_Gexception@std@@UEAAPEAXI@Z 0000000180005238 f i libcpmt:cout.obj
 0001:00004238       ??_Gbad_array_new_length@std@@UEAAPEAXI@Z 0000000180005238 f i LIBCMT:throw_bad_alloc.obj
 0001:00004238       ??_Glength_error@std@@UEAAPEAXI@Z 0000000180005238 f i libcpmt:xthrow.obj
 0001:00004238       ??_Ebad_exception@std@@UEAAPEAXI@Z 0000000180005238 f i libvcruntime:frame.obj
 0001:00004238       ??_Ebad_array_new_length@std@@UEAAPEAXI@Z 0000000180005238 f i LIBCMT:throw_bad_alloc.obj
 0001:00004238       ??_Gbad_exception@std@@UEAAPEAXI@Z 0000000180005238 f i libvcruntime:frame.obj
 0001:00004238       ??_Eexception@std@@UEAAPEAXI@Z 0000000180005238 f i libcpmt:cout.obj
 0001:00004238       ??_Eout_of_range@std@@UEAAPEAXI@Z 0000000180005238 f i libcpmt:xthrow.obj
 0001:0000427c       ?what@exception@std@@UEBAPEBDXZ 000000018000527c f i libcpmt:cout.obj
 0001:00004290       ??4?$_Yarn@D@std@@QEAAAEAV01@PEBD@Z 0000000180005290 f i libcpmt:locale0.obj
 0001:00004308       ??_G_Fac_node@std@@QEAAPEAXI@Z 0000000180005308 f i libcpmt:locale0.obj
 0001:00004394       ??_G_Locimp@locale@std@@MEAAPEAXI@Z 0000000180005394 f i libcpmt:locale0.obj
 0001:00004394       ??_E_Locimp@locale@std@@MEAAPEAXI@Z 0000000180005394 f i libcpmt:locale0.obj
 0001:00004400       ?_Facet_Register@std@@YAXPEAV_Facet_base@1@@Z 0000000180005400 f   libcpmt:locale0.obj
 0001:00004438       ?_Getgloballocale@locale@std@@CAPEAV_Locimp@12@XZ 0000000180005438 f   libcpmt:locale0.obj
 0001:00004440       ?_Init@locale@std@@CAPEAV_Locimp@12@_N@Z 0000000180005440 f   libcpmt:locale0.obj
 0001:000044fc       ?_Locimp_dtor@_Locimp@locale@std@@CAXPEAV123@@Z 00000001800054fc f   libcpmt:locale0.obj
 0001:000045a4       ?_Locinfo_ctor@_Locinfo@std@@SAXPEAV12@PEBD@Z 00000001800055a4 f   libcpmt:locale0.obj
 0001:00004610       ?_Locinfo_dtor@_Locinfo@std@@SAXPEAV12@@Z 0000000180005610 f   libcpmt:locale0.obj
 0001:00004634       ?_New_Locimp@_Locimp@locale@std@@CAPEAV123@_N@Z 0000000180005634 f   libcpmt:locale0.obj
 0001:000046a4       ?_Setgloballocale@locale@std@@CAXPEAX@Z 00000001800056a4 f   libcpmt:locale0.obj
 0001:000046d8       _Deletegloballocale        00000001800056d8 f   libcpmt:locale0.obj
 0001:00004760       ??0bad_alloc@std@@QEAA@AEBV01@@Z 0000000180005760 f i libcpmt:xthrow.obj
 0001:000047a0       ??0bad_alloc@std@@QEAA@XZ  00000001800057a0 f i libcpmt:xthrow.obj
 0001:000047c0       ??0length_error@std@@QEAA@AEBV01@@Z 00000001800057c0 f i libcpmt:xthrow.obj
 0001:00004800       ??0length_error@std@@QEAA@PEBD@Z 0000000180005800 f i libcpmt:xthrow.obj
 0001:0000484c       ??0logic_error@std@@QEAA@AEBV01@@Z 000000018000584c f i libcpmt:xthrow.obj
 0001:0000488c       ??0out_of_range@std@@QEAA@AEBV01@@Z 000000018000588c f i libcpmt:xthrow.obj
 0001:000048cc       ??0out_of_range@std@@QEAA@PEBD@Z 00000001800058cc f i libcpmt:xthrow.obj
 0001:00004918       ??1bad_exception@std@@UEAA@XZ 0000000180005918 f i libvcruntime:frame.obj
 0001:00004918       ??1bad_array_new_length@std@@UEAA@XZ 0000000180005918 f i LIBCMT:throw_bad_alloc.obj
 0001:00004918       ??1length_error@std@@UEAA@XZ 0000000180005918 f i libcpmt:xthrow.obj
 0001:00004918       ??1bad_alloc@std@@UEAA@XZ  0000000180005918 f i libcpmt:xthrow.obj
 0001:00004918       ??1out_of_range@std@@UEAA@XZ 0000000180005918 f i libcpmt:xthrow.obj
 0001:0000492c       ?_Xbad_alloc@std@@YAXXZ    000000018000592c f   libcpmt:xthrow.obj
 0001:0000492c       ?__scrt_throw_std_bad_alloc@@YAXXZ 000000018000592c f   LIBCMT:throw_bad_alloc.obj
 0001:0000494c       ?_Xlength_error@std@@YAXPEBD@Z 000000018000594c f   libcpmt:xthrow.obj
 0001:00004970       ?_Xout_of_range@std@@YAXPEBD@Z 0000000180005970 f   libcpmt:xthrow.obj
 0001:00004994       ?_Addstd@ios_base@std@@SAXPEAV12@@Z 0000000180005994 f   libcpmt:ios.obj
 0001:00004a04       ?_Ios_base_dtor@ios_base@std@@CAXPEAV12@@Z 0000000180005a04 f   libcpmt:ios.obj
 0001:00004a48       ?_Tidy@ios_base@std@@AEAAXXZ 0000000180005a48 f i libcpmt:ios.obj
 0001:00004ad8       ??$_Xfiopen@D@std@@YAPEAU_iobuf@@PEBDHH@Z 0000000180005ad8 f i libcpmt:fiopen.obj
 0001:00004be0       ?_Fiopen@std@@YAPEAU_iobuf@@PEBDHH@Z 0000000180005be0 f   libcpmt:fiopen.obj
 0001:00004be8       ?_Syserror_map@std@@YAPEBDH@Z 0000000180005be8 f   libcpmt:syserror.obj
 0001:00004c10       _Getctype                  0000000180005c10 f   libcpmt:_tolower.obj
 0001:00004cd0       _Tolower                   0000000180005cd0 f   libcpmt:_tolower.obj
 0001:00004df8       _Toupper                   0000000180005df8 f   libcpmt:_toupper.obj
 0001:00004f30       _Mtxdst                    0000000180005f30 f   libcpmt:xmtx.obj
 0001:00004f38       _Mtxinit                   0000000180005f38 f   libcpmt:xmtx.obj
 0001:00004f48       _Mtxlock                   0000000180005f48 f   libcpmt:xmtx.obj
 0001:00004f50       _Mtxunlock                 0000000180005f50 f   libcpmt:xmtx.obj
 0001:00004f58       ?_Atexit@@YAXP6AXXZ@Z      0000000180005f58 f   libcpmt:iosptrs.obj
 0001:00004f98       __local_stdio_printf_options 0000000180005f98 f i libcpmt:locale.obj
 0001:00004fa0       __crtLCMapStringA          0000000180005fa0 f   libcpmt:StlLCMapStringA.obj
 0001:0000575c       __crtInitializeCriticalSectionEx 000000018000675c f   libcpmt:winapisupp.obj
 0001:000057bc       GetTableIndexFromLocaleName 00000001800067bc f   libcpmt:winapinls.obj
 0001:00005848       __crtDownlevelLocaleNameToLCID 0000000180006848 f   libcpmt:winapinls.obj
 0001:0000587c       __crtLCMapStringEx         000000018000687c f   libcpmt:winapinls.obj
 0001:00005938       __wcsnicmp_ascii           0000000180006938 f   libcpmt:winapinls.obj
 0001:000059a0       __security_check_cookie    00000001800069a0 f   LIBCMT:_amdsecgs_.obj
 0001:00005b0c       _Init_thread_footer        0000000180006b0c f   LIBCMT:thread_safe_statics.obj
 0001:00005b6c       _Init_thread_header        0000000180006b6c f   LIBCMT:thread_safe_statics.obj
 0001:00005bd4       _Init_thread_notify        0000000180006bd4 f   LIBCMT:thread_safe_statics.obj
 0001:00005c30       _Init_thread_wait          0000000180006c30 f   LIBCMT:thread_safe_statics.obj
 0001:00005cc8       ??2@YAPEAX_K@Z             0000000180006cc8 f   LIBCMT:new_scalar.obj
 0001:00005d04       __scrt_acquire_startup_lock 0000000180006d04 f   LIBCMT:utility.obj
 0001:00005d40       __scrt_dllmain_after_initialize_c 0000000180006d40 f   LIBCMT:utility.obj
 0001:00005d74       __scrt_dllmain_before_initialize_c 0000000180006d74 f   LIBCMT:utility.obj
 0001:00005d8c       __scrt_dllmain_crt_thread_attach 0000000180006d8c f   LIBCMT:utility.obj
 0001:00005db4       __scrt_dllmain_crt_thread_detach 0000000180006db4 f   LIBCMT:utility.obj
 0001:00005dcc       __scrt_dllmain_exception_filter 0000000180006dcc f   LIBCMT:utility.obj
 0001:00005e30       __scrt_dllmain_uninitialize_c 0000000180006e30 f   LIBCMT:utility.obj
 0001:00005e60       __scrt_dllmain_uninitialize_critical 0000000180006e60 f   LIBCMT:utility.obj
 0001:00005e74       __scrt_initialize_crt      0000000180006e74 f   LIBCMT:utility.obj
 0001:00005ec0       __scrt_initialize_onexit_tables 0000000180006ec0 f   LIBCMT:utility.obj
 0001:00005f8c       __scrt_is_nonwritable_in_current_image 0000000180006f8c f   LIBCMT:utility.obj
 0001:00006028       __scrt_release_startup_lock 0000000180007028 f   LIBCMT:utility.obj
 0001:0000604c       __scrt_uninitialize_crt    000000018000704c f   LIBCMT:utility.obj
 0001:00006078       _onexit                    0000000180007078 f   LIBCMT:utility.obj
 0001:000060c8       atexit                     00000001800070c8 f   LIBCMT:utility.obj
 0001:000060e0       ??3@YAXPEAX@Z              00000001800070e0 f   LIBCMT:delete_scalar.obj
 0001:000060e8       ??3@YAXPEAX_K@Z            00000001800070e8 f   LIBCMT:delete_scalar_size.obj
 0001:000060e8       ??_V@YAXPEAX@Z             00000001800070e8 f   LIBCMT:delete_array.obj
 0001:0000643c       _DllMainCRTStartup         000000018000743c f   LIBCMT:dll_dllmain.obj
 0001:0000647c       __GSHandlerCheck           000000018000747c f   LIBCMT:_gshandler_.obj
 0001:0000649c       __GSHandlerCheckCommon     000000018000749c f   LIBCMT:_gshandler_.obj
 0001:000064f8       _guard_check_icall         00000001800074f8 f i LIBCMT:checkcfg.obj
 0001:00006500       ??_Etype_info@@UEAAPEAXI@Z 0000000180007500 f i LIBCMT:std_type_info_static.obj
 0001:00006500       ??_Gtype_info@@UEAAPEAXI@Z 0000000180007500 f i LIBCMT:std_type_info_static.obj
 0001:00006540       __chkstk                   0000000180007540 f   LIBCMT:_chkstk_.obj
 0001:00006540       _alloca_probe              0000000180007540 f   LIBCMT:_chkstk_.obj
 0001:00006594       __raise_securityfailure    0000000180007594 f   LIBCMT:gs_report.obj
 0001:000065c8       __report_gsfailure         00000001800075c8 f   LIBCMT:gs_report.obj
 0001:0000669c       __report_rangecheckfailure 000000018000769c f   LIBCMT:gs_report.obj
 0001:000066b0       __report_securityfailure   00000001800076b0 f   LIBCMT:gs_report.obj
 0001:00006830       __crt_debugger_hook        0000000180007830 f   LIBCMT:utility_desktop.obj
 0001:00006838       __scrt_fastfail            0000000180007838 f   LIBCMT:utility_desktop.obj
 0001:00006980       ??0bad_array_new_length@std@@QEAA@AEBV01@@Z 0000000180007980 f i LIBCMT:throw_bad_alloc.obj
 0001:000069c0       ??0bad_array_new_length@std@@QEAA@XZ 00000001800079c0 f i LIBCMT:throw_bad_alloc.obj
 0001:000069e0       ?__scrt_throw_std_bad_array_new_length@@YAXXZ 00000001800079e0 f   LIBCMT:throw_bad_alloc.obj
 0001:00006a00       __isa_available_init       0000000180007a00 f   LIBCMT:_cpu_disp_.obj
 0001:00006bc8       __scrt_is_ucrt_dll_in_use  0000000180007bc8 f   LIBCMT:ucrt_detection.obj
 0001:00006bd4       __security_init_cookie     0000000180007bd4 f   LIBCMT:gs_support.obj
 0001:00006c80       ?__scrt_initialize_type_info@@YAXXZ 0000000180007c80 f   LIBCMT:tncleanup.obj
 0001:00006c90       ?__scrt_uninitialize_type_info@@YAXXZ 0000000180007c90 f   LIBCMT:tncleanup.obj
 0001:00006c9c       __local_stdio_scanf_options 0000000180007c9c f i LIBCMT:default_local_stdio_options.obj
 0001:00006ca4       __scrt_initialize_default_local_stdio_options 0000000180007ca4 f   LIBCMT:default_local_stdio_options.obj
 0001:00006cc0       __scrt_get_dyn_tls_init_callback 0000000180007cc0 f   LIBCMT:dyn_tls_init.obj
 0001:00006cc8       _RTC_Initialize            0000000180007cc8 f   LIBCMT:_initsect_.obj
 0001:00006d14       _RTC_Terminate             0000000180007d14 f   LIBCMT:_initsect_.obj
 0001:00006d70       memmove                    0000000180007d70 f   libvcruntime:memcpy.obj
 0001:00006d70       memcpy                     0000000180007d70 f   libvcruntime:memcpy.obj
 0001:000071a8       _purecall                  00000001800081a8 f   libvcruntime:purevirt.obj
 0001:000071e4       __DestructExceptionObject  00000001800081e4 f   libvcruntime:frame.obj
 0001:0000726c       ??0bad_exception@std@@QEAA@AEBV01@@Z 000000018000826c f i libvcruntime:frame.obj
 0001:000072ac       ??0bad_exception@std@@QEAA@XZ 00000001800082ac f i libvcruntime:frame.obj
 0001:00007c28       ?_CallMemberFunction0@@YAXPEAXP6AX0@Z@Z 0000000180008c28 f i libvcruntime:frame.obj
 0001:00007c2c       ?_CallMemberFunction1@@YAXPEAXP6AX0@Z0@Z 0000000180008c2c f i libvcruntime:frame.obj
 0001:00007c38       ?_CallMemberFunction2@@YAXPEAXP6AX0@Z0H@Z 0000000180008c38 f i libvcruntime:frame.obj
 0001:00007c48       __AdjustPointer            0000000180008c48 f   libvcruntime:frame.obj
 0001:00007c6c       __BuildCatchObject         0000000180008c6c f   libvcruntime:frame.obj
 0001:00007d30       __BuildCatchObjectHelper   0000000180008d30 f   libvcruntime:frame.obj
 0001:00007f10       __CxxCallCatchBlock        0000000180008f10 f   libvcruntime:frame.obj
 0001:000080fc       __FrameUnwindFilter        00000001800090fc f   libvcruntime:frame.obj
 0001:00008148       __FrameUnwindToState       0000000180009148 f   libvcruntime:frame.obj
 0001:000082dc       __InternalCxxFrameHandler  00000001800092dc f   libvcruntime:frame.obj
 0001:00008534       __TypeMatch                0000000180009534 f   libvcruntime:frame.obj
 0001:00008674       __std_terminate            0000000180009674 f   libvcruntime:frame.obj
 0001:00008680       __std_exception_copy       0000000180009680 f   libvcruntime:std_exception.obj
 0001:00008710       __std_exception_destroy    0000000180009710 f   libvcruntime:std_exception.obj
 0001:00008738       _CxxThrowException         0000000180009738 f   libvcruntime:throw.obj
 0001:00008810       ?_ExecutionInCatch@@YAHPEAU_xDISPATCHER_CONTEXT@@PEBU_s_FuncInfo@@@Z 0000000180009810 f   libvcruntime:trnsctrl.obj
 0001:00008884       ?_GetEstablisherFrame@@YAPEA_KPEA_KPEAU_xDISPATCHER_CONTEXT@@PEBU_s_FuncInfo@@0@Z 0000000180009884 f   libvcruntime:trnsctrl.obj
 0001:00008950       ?_GetRangeOfTrysToCheck@@YAPEBU_s_TryBlockMapEntry@@PEA_KPEBU_s_FuncInfo@@HHPEAI2PEAU_xDISPATCHER_CONTEXT@@@Z 0000000180009950 f   libvcruntime:trnsctrl.obj
 0001:00008a7c       ?__FrameUnwindToEmptyState@@YAXPEA_KPEAU_xDISPATCHER_CONTEXT@@PEBU_s_FuncInfo@@@Z 0000000180009a7c f   libvcruntime:trnsctrl.obj
 0001:00008b10       ?__SehTransFilter@@YAHPEAU_EXCEPTION_POINTERS@@PEAUEHExceptionRecord@@PEA_KPEAU_CONTEXT@@PEAU_xDISPATCHER_CONTEXT@@PEBU_s_FuncInfo@@PEAH@Z 0000000180009b10 f   libvcruntime:trnsctrl.obj
 0001:00008ba8       _CallSETranslator          0000000180009ba8 f   libvcruntime:trnsctrl.obj
 0001:00008c00       _CreateFrameInfo           0000000180009c00 f   libvcruntime:trnsctrl.obj
 0001:00008c3c       _FindAndUnlinkFrame        0000000180009c3c f   libvcruntime:trnsctrl.obj
 0001:00008c94       _GetImageBase              0000000180009c94 f   libvcruntime:trnsctrl.obj
 0001:00008ca8       _GetThrowImageBase         0000000180009ca8 f   libvcruntime:trnsctrl.obj
 0001:00008cbc       _IsExceptionObjectToBeDestroyed 0000000180009cbc f   libvcruntime:trnsctrl.obj
 0001:00008cec       _SetImageBase              0000000180009cec f   libvcruntime:trnsctrl.obj
 0001:00008d04       _SetThrowImageBase         0000000180009d04 f   libvcruntime:trnsctrl.obj
 0001:00008d1c       _UnwindNestedFrames        0000000180009d1c f   libvcruntime:trnsctrl.obj
 0001:00008e40       __CxxFrameHandler3         0000000180009e40 f   libvcruntime:trnsctrl.obj
 0001:00008ed0       memset                     0000000180009ed0 f   libvcruntime:memset.obj
 0001:00009080       memcmp                     000000018000a080 f   libvcruntime:memcmp.obj
 0001:00009310       __vcrt_FlsAlloc            000000018000a310 f   libvcruntime:winapi_downlevel.obj
 0001:00009364       __vcrt_FlsFree             000000018000a364 f   libvcruntime:winapi_downlevel.obj
 0001:000093b8       __vcrt_FlsGetValue         000000018000a3b8 f   libvcruntime:winapi_downlevel.obj
 0001:0000940c       __vcrt_FlsSetValue         000000018000a40c f   libvcruntime:winapi_downlevel.obj
 0001:00009474       __vcrt_InitializeCriticalSectionEx 000000018000a474 f   libvcruntime:winapi_downlevel.obj
 0001:000094ec       __vcrt_initialize_winapi_thunks 000000018000a4ec f   libvcruntime:winapi_downlevel.obj
 0001:00009538       __vcrt_uninitialize_winapi_thunks 000000018000a538 f   libvcruntime:winapi_downlevel.obj
 0001:00009578       __vcrt_initialize          000000018000a578 f   libvcruntime:initialization.obj
 0001:000095ac       __vcrt_thread_attach       000000018000a5ac f   libvcruntime:initialization.obj
 0001:000095c0       __vcrt_thread_detach       000000018000a5c0 f   libvcruntime:initialization.obj
 0001:000095d4       __vcrt_uninitialize        000000018000a5d4 f   libvcruntime:initialization.obj
 0001:000095f4       __vcrt_uninitialize_critical 000000018000a5f4 f   libvcruntime:initialization.obj
 0001:00009604       __C_specific_handler       000000018000a604 f   libvcruntime:_chandler_.obj
 0001:00009800       __std_type_info_compare    000000018000a800 f   libvcruntime:std_type_info.obj
 0001:00009828       __std_type_info_destroy_list 000000018000a828 f   libvcruntime:std_type_info.obj
 0001:00009854       __vcrt_initialize_pure_virtual_call_handler 000000018000a854 f   libvcruntime:purevirt_data.obj
 0001:00009878       __vcrt_freefls             000000018000a878 f   libvcruntime:per_thread_data.obj
 0001:00009898       __vcrt_freeptd             000000018000a898 f   libvcruntime:per_thread_data.obj
 0001:000098e8       __vcrt_getptd              000000018000a8e8 f   libvcruntime:per_thread_data.obj
 0001:00009904       __vcrt_getptd_noexit       000000018000a904 f   libvcruntime:per_thread_data.obj
 0001:000099bc       __vcrt_initialize_ptd      000000018000a9bc f   libvcruntime:per_thread_data.obj
 0001:000099fc       __vcrt_uninitialize_ptd    000000018000a9fc f   libvcruntime:per_thread_data.obj
 0001:00009a20       ?__GetCurrentState@@YAHPEA_KPEAU_xDISPATCHER_CONTEXT@@PEBU_s_FuncInfo@@@Z 000000018000aa20 f   libvcruntime:ehstate.obj
 0001:00009a48       ?__GetUnwindTryBlock@@YAHPEA_KPEAU_xDISPATCHER_CONTEXT@@PEBU_s_FuncInfo@@@Z 000000018000aa48 f   libvcruntime:ehstate.obj
 0001:00009a74       ?__SetState@@YAXPEA_KPEAU_xDISPATCHER_CONTEXT@@PEBU_s_FuncInfo@@H@Z 000000018000aa74 f   libvcruntime:ehstate.obj
 0001:00009a80       ?__SetUnwindTryBlock@@YAXPEA_KPEAU_xDISPATCHER_CONTEXT@@PEBU_s_FuncInfo@@H@Z 000000018000aa80 f   libvcruntime:ehstate.obj
 0001:00009abc       ?__StateFromControlPc@@YAHPEBU_s_FuncInfo@@PEAU_xDISPATCHER_CONTEXT@@@Z 000000018000aabc f   libvcruntime:ehstate.obj
 0001:00009ac4       ?__StateFromIp@@YAHPEBU_s_FuncInfo@@PEAU_xDISPATCHER_CONTEXT@@_J@Z 000000018000aac4 f   libvcruntime:ehstate.obj
 0001:00009b40       _CallSettingFrame          000000018000ab40 f   libvcruntime:handlers.obj
 0001:00009b90       _local_unwind              000000018000ab90 f   libvcruntime:_jmpuwind_.obj
 0001:00009bc0       _NLG_Notify                000000018000abc0 f   libvcruntime:_jmpuwind_.obj
 0001:00009be0       __NLG_Dispatch2            000000018000abe0 f   libvcruntime:_jmpuwind_.obj
 0001:00009bf0       __NLG_Return2              000000018000abf0 f   libvcruntime:_jmpuwind_.obj
 0001:00009bf4       __vcrt_initialize_locks    000000018000abf4 f   libvcruntime:locks.obj
 0001:00009c3c       __vcrt_uninitialize_locks  000000018000ac3c f   libvcruntime:locks.obj
 0001:00009c74       abort                      000000018000ac74 f   libucrt:abort.obj
 0001:00009ccc       fputc                      000000018000accc f   libucrt:fputc.obj
 0001:00009dec       __acrt_call_reportfault    000000018000adec f   libucrt:invalid_parameter.obj
 0001:00009f48       __acrt_initialize_invalid_parameter_handler 000000018000af48 f   libucrt:invalid_parameter.obj
 0001:00009f50       _invalid_parameter         000000018000af50 f   libucrt:invalid_parameter.obj
 0001:00009ff8       _invalid_parameter_noinfo  000000018000aff8 f   libucrt:invalid_parameter.obj
 0001:0000a018       _invalid_parameter_noinfo_noreturn 000000018000b018 f   libucrt:invalid_parameter.obj
 0001:0000a048       _invoke_watson             000000018000b048 f   libucrt:invalid_parameter.obj
 0001:0000a090       __acrt_stdio_flush_nolock  000000018000b090 f   libucrt:fflush.obj
 0001:0000a108       _fflush_nolock             000000018000b108 f   libucrt:fflush.obj
 0001:0000a154       _flushall                  000000018000b154 f   libucrt:fflush.obj
 0001:0000a244       fflush                     000000018000b244 f   libucrt:fflush.obj
 0001:0000a288       _fclose_nolock             000000018000b288 f   libucrt:fclose.obj
 0001:0000a30c       fclose                     000000018000b30c f   libucrt:fclose.obj
 0001:0000a378       _fgetc_nolock              000000018000b378 f   libucrt:fgetc.obj
 0001:0000a3bc       fgetc                      000000018000b3bc f   libucrt:fgetc.obj
 0001:0000a4c0       system                     000000018000b4c0 f   libucrt:system.obj
 0001:0000a5fc       __acrt_initialize_stdio    000000018000b5fc f   libucrt:_file.obj
 0001:0000a71c       __acrt_iob_func            000000018000b71c f   libucrt:_file.obj
 0001:0000a730       __acrt_uninitialize_stdio  000000018000b730 f   libucrt:_file.obj
 0001:0000a78c       _get_stream_buffer_pointers 000000018000b78c f   libucrt:_file.obj
 0001:0000a7d4       _lock_file                 000000018000b7d4 f   libucrt:_file.obj
 0001:0000a7e0       _unlock_file               000000018000b7e0 f   libucrt:_file.obj
 0001:0000a7ec       ??$?RV<lambda_5d4c3fee44080f75d5d9762853974fe0>@@AEAV<lambda_532e024f4337e6fc7ad266c2bef9f4ed>@@V<lambda_c87bdc10097eb2402edb8ba9bdf0697b>@@@?$__crt_seh_guarded_call@_K@@QEAA_K$$QEAV<lambda_5d4c3fee44080f75d5d9762853974fe0>@@AEAV<lambda_532e024f4337e6fc7ad266c2bef9f4ed>@@$$QEAV<lambda_c87bdc10097eb2402edb8ba9bdf0697b>@@@Z 000000018000b7ec f i libucrt:fwrite.obj
 0001:0000a890       _fwrite_nolock             000000018000b890 f   libucrt:fwrite.obj
 0001:0000aa2c       fwrite                     000000018000ba2c f   libucrt:fwrite.obj
 0001:0000aab0       __acrt_errno_from_os_error 000000018000bab0 f   libucrt:errno.obj
 0001:0000aaf8       __acrt_errno_map_os_error  000000018000baf8 f   libucrt:errno.obj
 0001:0000ab48       __doserrno                 000000018000bb48 f   libucrt:errno.obj
 0001:0000ab68       _errno                     000000018000bb68 f   libucrt:errno.obj
 0001:0000ab88       fgetpos                    000000018000bb88 f   libucrt:fgetpos.obj
 0001:0000abd4       ??$?RV<lambda_7a5ef57ff966f610505f1d28a3d40618>@@AEAV<lambda_b721fa326cdb32351d23dfa67958c160>@@V<lambda_5e0fb27672408a07956fe59e48ccb2aa>@@@?$__crt_seh_guarded_call@H@@QEAAH$$QEAV<lambda_7a5ef57ff966f610505f1d28a3d40618>@@AEAV<lambda_b721fa326cdb32351d23dfa67958c160>@@$$QEAV<lambda_5e0fb27672408a07956fe59e48ccb2aa>@@@Z 000000018000bbd4 f i libucrt:setvbuf.obj
 0001:0000ad04       setvbuf                    000000018000bd04 f   libucrt:setvbuf.obj
 0001:0000ada4       free                       000000018000bda4 f   libucrt:free.obj
 0001:0000adac       _ungetc_nolock             000000018000bdac f   libucrt:ungetc.obj
 0001:0000aebc       ungetc                     000000018000bebc f   libucrt:ungetc.obj
 0001:0000af1c       fsetpos                    000000018000bf1c f   libucrt:fsetpos.obj
 0001:0000b1c8       _fseeki64                  000000018000c1c8 f   libucrt:fseek.obj
 0001:0000b1d0       fseek                      000000018000c1d0 f   libucrt:fseek.obj
 0001:0000b1d8       ??0_LocaleUpdate@@QEAA@QEAU__crt_locale_pointers@@@Z 000000018000c1d8 f i libucrt:stricmp.obj
 0001:0000b268       __ascii_stricmp            000000018000c268 f   libucrt:stricmp.obj
 0001:0000b2a4       _stricmp                   000000018000c2a4 f   libucrt:stricmp.obj
 0001:0000b2ec       _stricmp_l                 000000018000c2ec f   libucrt:stricmp.obj
 0001:0000b3a0       __acrt_initialize_locks    000000018000c3a0 f   libucrt:locks.obj
 0001:0000b3e8       __acrt_lock                000000018000c3e8 f   libucrt:locks.obj
 0001:0000b404       __acrt_uninitialize_locks  000000018000c404 f   libucrt:locks.obj
 0001:0000b43c       __acrt_unlock              000000018000c43c f   libucrt:locks.obj
 0001:0000b458       _lock_locales              000000018000c458 f   libucrt:locks.obj
 0001:0000b468       _unlock_locales            000000018000c468 f   libucrt:locks.obj
 0001:0000b478       malloc                     000000018000c478 f   libucrt:malloc.obj
 0001:0000b568       setlocale                  000000018000c568 f   libucrt:setlocale.obj
 0001:0000b804       _fsopen                    000000018000c804 f   libucrt:fopen.obj
 0001:0000b80c       _calloc_base               000000018000c80c f   libucrt:calloc_base.obj
 0001:0000b884       __pctype_func              000000018000c884 f   libucrt:ctype.obj
 0001:0000b8b4       islower                    000000018000c8b4 f i libucrt:_ctype.obj
 0001:0000b928       isupper                    000000018000c928 f i libucrt:_ctype.obj
 0001:0000b99c       _wcsdup                    000000018000c99c f   libucrt:wcsdup.obj
 0001:0000ba20       ___lc_codepage_func        000000018000ca20 f   libucrt:initctype.obj
 0001:0000ba50       ___lc_locale_name_func     000000018000ca50 f   libucrt:initctype.obj
 0001:0000ba84       __acrt_locale_initialize_ctype 000000018000ca84 f   libucrt:initctype.obj
 0001:0000c058       calloc                     000000018000d058 f   libucrt:calloc.obj
 0001:0000c060       _malloc_base               000000018000d060 f   libucrt:malloc_base.obj
 0001:0000c0c0       _realloc_base              000000018000d0c0 f   libucrt:realloc_base.obj
 0001:0000c150       pow                        000000018000d150 f   libucrt:pow.obj
 0001:0000d7f0       powf                       000000018000e7f0 f   libucrt:powf.obj
 0001:0000e6b8       __strncnt                  000000018000f6b8 f   libucrt:strncnt.obj
 0001:0000e6d0       _free_base                 000000018000f6d0 f   libucrt:free_base.obj
 0001:0000e788       _ismbblead                 000000018000f788 f   libucrt:ismbbyte.obj
 0001:0000e7ec       _tolower_l                 000000018000f7ec f   libucrt:tolower_toupper.obj
 0001:0000e92c       wcscpy_s                   000000018000f92c f   libucrt:wcscpy_s.obj
 0001:0000e994       wcsnlen                    000000018000f994 f   libucrt:strnlen.obj
 0001:0000eb84       __acrt_initialize_new_handler 000000018000fb84 f   libucrt:new_handler.obj
 0001:0000eb8c       _callnewh                  000000018000fb8c f   libucrt:new_handler.obj
 0001:0000ebcc       _query_new_handler         000000018000fbcc f   libucrt:new_handler.obj
 0001:0000ec00       _seh_filter_dll            000000018000fc00 f   libucrt:exception_filter.obj
 0001:0000ec14       _seh_filter_exe            000000018000fc14 f   libucrt:exception_filter.obj
 0001:0000efd4       __acrt_initialize_thread_local_exit_callback 000000018000ffd4 f   libucrt:exit.obj
 0001:0000efdc       _cexit                     000000018000ffdc f   libucrt:exit.obj
 0001:0000efec       _exit                      000000018000ffec f   libucrt:exit.obj
 0001:0000eff8       _is_c_termination_complete 000000018000fff8 f   libucrt:exit.obj
 0001:0000f1bc       __acrt_allocate_buffer_for_argv 00000001800101bc f   libucrt:argv_parsing.obj
 0001:0000f220       _configure_narrow_argv     0000000180010220 f   libucrt:argv_parsing.obj
 0001:0000f698       __dcrt_get_or_create_narrow_environment_nolock 0000000180010698 f   libucrt:environment_initialization.obj
 0001:0000f6a0       __dcrt_uninitialize_environments_nolock 00000001800106a0 f   libucrt:environment_initialization.obj
 0001:0000f6d8       _initialize_narrow_environment 00000001800106d8 f   libucrt:environment_initialization.obj
 0001:0000f6e0       ??$?RV<lambda_b8c45f8f788dd370798f47cfe8ac3a86>@@AEAV<lambda_4e60a939b0d047cfe11ddc22648dfba9>@@V<lambda_332c3edc96d0294ec56c57d38c1cdfd5>@@@?$__crt_seh_guarded_call@H@@QEAAH$$QEAV<lambda_b8c45f8f788dd370798f47cfe8ac3a86>@@AEAV<lambda_4e60a939b0d047cfe11ddc22648dfba9>@@$$QEAV<lambda_332c3edc96d0294ec56c57d38c1cdfd5>@@@Z 00000001800106e0 f i libucrt:onexit.obj
 0001:0000f71c       ??$?RV<lambda_e24bbb7b643b32fcea6fa61b31d4c984>@@AEAV<lambda_275893d493268fdec8709772e3fcec0e>@@V<lambda_9d71df4d7cf3f480f8d633942495c3b0>@@@?$__crt_seh_guarded_call@H@@QEAAH$$QEAV<lambda_e24bbb7b643b32fcea6fa61b31d4c984>@@AEAV<lambda_275893d493268fdec8709772e3fcec0e>@@$$QEAV<lambda_9d71df4d7cf3f480f8d633942495c3b0>@@@Z 000000018001071c f i libucrt:onexit.obj
 0001:0000fa98       _crt_atexit                0000000180010a98 f   libucrt:onexit.obj
 0001:0000faa8       _execute_onexit_table      0000000180010aa8 f   libucrt:onexit.obj
 0001:0000fae4       _initialize_onexit_table   0000000180010ae4 f   libucrt:onexit.obj
 0001:0000fb24       _register_onexit_function  0000000180010b24 f   libucrt:onexit.obj
 0001:0000fca0       __acrt_initialize          0000000180010ca0 f   libucrt:initialization.obj
 0001:0000fcb4       __acrt_thread_attach       0000000180010cb4 f   libucrt:initialization.obj
 0001:0000fcc8       __acrt_thread_detach       0000000180010cc8 f   libucrt:initialization.obj
 0001:0000fcd8       __acrt_uninitialize        0000000180010cd8 f   libucrt:initialization.obj
 0001:0000fcec       __acrt_uninitialize_critical 0000000180010cec f   libucrt:initialization.obj
 0001:0000fcfc       _initterm                  0000000180010cfc f   libucrt:initterm.obj
 0001:0000fd74       _initterm_e                0000000180010d74 f   libucrt:initterm.obj
 0001:0000fdc0       terminate                  0000000180010dc0 f   libucrt:terminate.obj
 0001:0000fde8       strcpy_s                   0000000180010de8 f   libucrt:strcpy_s.obj
 0001:0000fe48       ??$is_overflow_condition@K@__crt_strtox@@YA_NIK@Z 0000000180010e48 f i libucrt:atox.obj
 0001:0000fe74       ??$make_c_string_character_source@_W$$T@__crt_strtox@@YA?AV?$c_string_character_source@_W@0@QEB_W$$T@Z 0000000180010e74 f i libucrt:atox.obj
 0001:0000fe88       ??$parse_integer@KV?$c_string_character_source@_W@__crt_strtox@@@__crt_strtox@@YAKQEAU__crt_locale_pointers@@V?$c_string_character_source@_W@0@H_N@Z 0000000180010e88 f i libucrt:atox.obj
 0001:0001055c       _wtol                      000000018001155c f   libucrt:atox.obj
 0001:00010588       ??$?RV<lambda_c36588078e9f5dfd39652860aa6b3aaf>@@AEAV<lambda_ec61778202f4f5fc7e7711acc23c3bca>@@V<lambda_dc9d2797ccde5d239b4a0efae8ebd7db>@@@?$__crt_seh_guarded_call@P6AXH@Z@@QEAAP6AXH@Z$$QEAV<lambda_c36588078e9f5dfd39652860aa6b3aaf>@@AEAV<lambda_ec61778202f4f5fc7e7711acc23c3bca>@@$$QEAV<lambda_dc9d2797ccde5d239b4a0efae8ebd7db>@@@Z 0000000180011588 f i libucrt:signal.obj
 0001:000105d0       __acrt_get_sigabrt_handler 00000001800115d0 f   libucrt:signal.obj
 0001:00010600       __acrt_initialize_signal_handlers 0000000180011600 f   libucrt:signal.obj
 0001:00010620       raise                      0000000180011620 f   libucrt:signal.obj
 0001:000108bc       _fileno                    00000001800118bc f   libucrt:fileno.obj
 0001:000109e8       __acrt_stdio_flush_and_write_narrow_nolock 00000001800119e8 f   libucrt:_flsbuf.obj
 0001:00010cb8       __acrt_initialize_lowio    0000000180011cb8 f   libucrt:ioinit.obj
 0001:00010cf4       __acrt_uninitialize_lowio  0000000180011cf4 f   libucrt:ioinit.obj
 0001:00010d34       ??$?RV<lambda_46352004c1216016012b18bd6f87e700>@@AEAV<lambda_3bd07e1a1191394380780325891bf33f>@@V<lambda_334532d3f185bcaa59b5be82d7d22bff>@@@?$__crt_seh_guarded_call@X@@QEAAX$$QEAV<lambda_46352004c1216016012b18bd6f87e700>@@AEAV<lambda_3bd07e1a1191394380780325891bf33f>@@$$QEAV<lambda_334532d3f185bcaa59b5be82d7d22bff>@@@Z 0000000180011d34 f i libucrt:per_thread_data.obj
 0001:00010d94       ??$?RV<lambda_5e887d1dcbef67a5eb4283622ba103bf>@@AEAV<lambda_4466841279450cc726390878d4a41900>@@V<lambda_341c25c0346d94847f1f3c463c57e077>@@@?$__crt_seh_guarded_call@X@@QEAAX$$QEAV<lambda_5e887d1dcbef67a5eb4283622ba103bf>@@AEAV<lambda_4466841279450cc726390878d4a41900>@@$$QEAV<lambda_341c25c0346d94847f1f3c463c57e077>@@@Z 0000000180011d94 f i libucrt:per_thread_data.obj
 0001:00010ddc       ??$?RV<lambda_72d1df2b273a38828b1ce30cbf4cdab5>@@AEAV<lambda_876a65b173b8412d3a47c70a915b0cf4>@@V<lambda_41932305e351933ebe8f8be3ed8bb5dc>@@@?$__crt_seh_guarded_call@X@@QEAAX$$QEAV<lambda_72d1df2b273a38828b1ce30cbf4cdab5>@@AEAV<lambda_876a65b173b8412d3a47c70a915b0cf4>@@$$QEAV<lambda_41932305e351933ebe8f8be3ed8bb5dc>@@@Z 0000000180011ddc f i libucrt:per_thread_data.obj
 0001:00010e1c       ??$?RV<lambda_fb3a7dec4e47f37f22dae91bb15c9095>@@AEAV<lambda_698284760c8add0bfb0756c19673e34b>@@V<lambda_dfb8eca1e75fef3034a8fb18dd509707>@@@?$__crt_seh_guarded_call@X@@QEAAX$$QEAV<lambda_fb3a7dec4e47f37f22dae91bb15c9095>@@AEAV<lambda_698284760c8add0bfb0756c19673e34b>@@$$QEAV<lambda_dfb8eca1e75fef3034a8fb18dd509707>@@@Z 0000000180011e1c f i libucrt:per_thread_data.obj
 0001:000110ac       __acrt_freeptd             00000001800120ac f   libucrt:per_thread_data.obj
 0001:000110f0       __acrt_getptd              00000001800120f0 f   libucrt:per_thread_data.obj
 0001:00011184       __acrt_getptd_noexit       0000000180012184 f   libucrt:per_thread_data.obj
 0001:00011224       __acrt_initialize_ptd      0000000180012224 f   libucrt:per_thread_data.obj
 0001:00011260       __acrt_uninitialize_ptd    0000000180012260 f   libucrt:per_thread_data.obj
 0001:00011284       ??$?RV<lambda_b521505b218e5242e90febf6bfebc422>@@AEAV<lambda_6978c1fb23f02e42e1d9e99668cc68aa>@@V<lambda_314360699dd331753a4119843814e9a7>@@@?$__crt_seh_guarded_call@H@@QEAAH$$QEAV<lambda_b521505b218e5242e90febf6bfebc422>@@AEAV<lambda_6978c1fb23f02e42e1d9e99668cc68aa>@@$$QEAV<lambda_314360699dd331753a4119843814e9a7>@@@Z 0000000180012284 f i libucrt:commit.obj
 0001:00011310       _commit                    0000000180012310 f   libucrt:commit.obj
 0001:00011944       _write                     0000000180012944 f   libucrt:write.obj
 0001:00011a30       _write_nolock              0000000180012a30 f   libucrt:write.obj
 0001:00011d14       ??$?RV<lambda_bfedae4ebbf01fab1bb6dcc6a9e276e0>@@AEAV<lambda_2fe9b910cf3cbf4a0ab98a02ba45b3ec>@@V<lambda_237c231691f317818eb88cc1d5d642d6>@@@?$__crt_seh_guarded_call@H@@QEAAH$$QEAV<lambda_bfedae4ebbf01fab1bb6dcc6a9e276e0>@@AEAV<lambda_2fe9b910cf3cbf4a0ab98a02ba45b3ec>@@$$QEAV<lambda_237c231691f317818eb88cc1d5d642d6>@@@Z 0000000180012d14 f i libucrt:close.obj
 0001:00011d88       _close                     0000000180012d88 f   libucrt:close.obj
 0001:00011e2c       _close_nolock              0000000180012e2c f   libucrt:close.obj
 0001:00011ee8       ?__acrt_stdio_allocate_stream@@YA?AV__crt_stdio_stream@@XZ 0000000180012ee8 f   libucrt:stream.obj
 0001:00011f44       ?__acrt_stdio_free_stream@@YAXV__crt_stdio_stream@@@Z 0000000180012f44 f   libucrt:stream.obj
 0001:00012074       __acrt_stdio_free_buffer_nolock 0000000180013074 f   libucrt:_freebuf.obj
 0001:0001225c       __acrt_stdio_refill_and_read_narrow_nolock 000000018001325c f   libucrt:_filbuf.obj
 0001:000123f0       _dupenv_s                  00000001800133f0 f   libucrt:getenv.obj
 0001:00012410       ??$?RV<lambda_fb01e4b6cb0b58be62120d2a518119ce>@@AEAV<lambda_45edfab556fcff821d8a41c06e3d46c0>@@V<lambda_8a9bf702b7f902ca2f9107a173e0fbe3>@@@?$__crt_seh_guarded_call@_N@@QEAA_N$$QEAV<lambda_fb01e4b6cb0b58be62120d2a518119ce>@@AEAV<lambda_45edfab556fcff821d8a41c06e3d46c0>@@$$QEAV<lambda_8a9bf702b7f902ca2f9107a173e0fbe3>@@@Z 0000000180013410 f i libucrt:spawnv.obj
 0001:00012b08       _spawnve                   0000000180013b08 f   libucrt:spawnv.obj
 0001:00012e3c       _spawnvpe                  0000000180013e3c f   libucrt:spawnvp.obj
 0001:00012e44       _waccess_s                 0000000180013e44 f   libucrt:waccess.obj
 0001:00012ef0       _access_s                  0000000180013ef0 f   libucrt:access.obj
 0001:00012f84       ??$?RV<lambda_630b2aca97f6d20d5b5ea6529ea6b6af>@@AEAV<lambda_af91936f1d075d609f72d9d8cba980af>@@V<lambda_e82fa975f615b5c7c7b0e4d178fdae67>@@@?$__crt_seh_guarded_call@H@@QEAAH$$QEAV<lambda_630b2aca97f6d20d5b5ea6529ea6b6af>@@AEAV<lambda_af91936f1d075d609f72d9d8cba980af>@@$$QEAV<lambda_e82fa975f615b5c7c7b0e4d178fdae67>@@@Z 0000000180013f84 f i libucrt:winapi_thunks.obj
 0001:000131bc       __acrt_AreFileApisANSI     00000001800141bc f   libucrt:winapi_thunks.obj
 0001:00013208       __acrt_CompareStringEx     0000000180014208 f   libucrt:winapi_thunks.obj
 0001:000132f8       __acrt_EnumSystemLocalesEx 00000001800142f8 f   libucrt:winapi_thunks.obj
 0001:000133a0       __acrt_FlsAlloc            00000001800143a0 f   libucrt:winapi_thunks.obj
 0001:000133f8       __acrt_FlsFree             00000001800143f8 f   libucrt:winapi_thunks.obj
 0001:00013450       __acrt_FlsGetValue         0000000180014450 f   libucrt:winapi_thunks.obj
 0001:000134a8       __acrt_FlsSetValue         00000001800144a8 f   libucrt:winapi_thunks.obj
 0001:00013510       __acrt_GetLocaleInfoEx     0000000180014510 f   libucrt:winapi_thunks.obj
 0001:000135a8       __acrt_GetUserDefaultLocaleName 00000001800145a8 f   libucrt:winapi_thunks.obj
 0001:0001361c       __acrt_InitializeCriticalSectionEx 000000018001461c f   libucrt:winapi_thunks.obj
 0001:00013694       __acrt_IsValidLocaleName   0000000180014694 f   libucrt:winapi_thunks.obj
 0001:000136fc       __acrt_LCIDToLocaleName    00000001800146fc f   libucrt:winapi_thunks.obj
 0001:00013788       __acrt_LCMapStringEx       0000000180014788 f   libucrt:winapi_thunks.obj
 0001:00013878       __acrt_LocaleNameToLCID    0000000180014878 f   libucrt:winapi_thunks.obj
 0001:000138e0       __acrt_can_use_vista_locale_apis 00000001800148e0 f   libucrt:winapi_thunks.obj
 0001:00013910       __acrt_initialize_winapi_thunks 0000000180014910 f   libucrt:winapi_thunks.obj
 0001:00013948       __acrt_is_packaged_app     0000000180014948 f   libucrt:winapi_thunks.obj
 0001:000139d0       __acrt_uninitialize_winapi_thunks 00000001800149d0 f   libucrt:winapi_thunks.obj
 0001:00013a14       _fcloseall                 0000000180014a14 f   libucrt:closeall.obj
 0001:00013ac8       __acrt_stdio_begin_temporary_buffering_nolock 0000000180014ac8 f   libucrt:_sftbuf.obj
 0001:00013b98       __acrt_stdio_end_temporary_buffering_nolock 0000000180014b98 f   libucrt:_sftbuf.obj
 0001:00014090       _ftelli64                  0000000180015090 f   libucrt:ftell.obj
 0001:00014098       _ftelli64_nolock           0000000180015098 f   libucrt:ftell.obj
 0001:000140a0       __acrt_stdio_allocate_buffer_nolock 00000001800150a0 f   libucrt:_getbuf.obj
 0001:00014290       _lseeki64                  0000000180015290 f   libucrt:lseek.obj
 0001:00014298       _lseeki64_nolock           0000000180015298 f   libucrt:lseek.obj
 0001:000142a0       __acrt_update_locale_info  00000001800152a0 f   libucrt:locale_update.obj
 0001:000142d4       __acrt_update_multibyte_info 00000001800152d4 f   libucrt:locale_update.obj
 0001:00014308       ??$?RV<lambda_5df02c53a8f32f81fd64e5bbb78039f1>@@AEAV<lambda_2af78c5f5901b1372d98f9ab3177dfa6>@@AEAV<lambda_f51fe5fd7c79a33db34fc9310f277369>@@@?$__crt_seh_guarded_call@X@@QEAAX$$QEAV<lambda_5df02c53a8f32f81fd64e5bbb78039f1>@@AEAV<lambda_2af78c5f5901b1372d98f9ab3177dfa6>@@AEAV<lambda_f51fe5fd7c79a33db34fc9310f277369>@@@Z 0000000180015308 f i libucrt:wsetlocale.obj
 0001:00014334       ??$?RV<lambda_d67e8342c384adda8f857579ab50b2ae>@@AEAV<lambda_30712929f77e709619002f448b6a9510>@@V<lambda_4525336fd7e478d965fb7ca7a337cad8>@@@?$__crt_seh_guarded_call@X@@QEAAX$$QEAV<lambda_d67e8342c384adda8f857579ab50b2ae>@@AEAV<lambda_30712929f77e709619002f448b6a9510>@@$$QEAV<lambda_4525336fd7e478d965fb7ca7a337cad8>@@@Z 0000000180015334 f i libucrt:wsetlocale.obj
 0001:00014500       __acrt_copy_locale_name    0000000180015500 f   libucrt:wsetlocale.obj
 0001:00014584       __acrt_set_locale_changed  0000000180015584 f   libucrt:wsetlocale.obj
 0001:00014590       __acrt_uninitialize_locale 0000000180015590 f   libucrt:wsetlocale.obj
 0001:000145d8       __lc_lctowcs               00000001800155d8 f   libucrt:wsetlocale.obj
 0001:0001467c       __lc_wcstolc               000000018001567c f   libucrt:wsetlocale.obj
 0001:000148f4       _expandlocale              00000001800158f4 f   libucrt:wsetlocale.obj
 0001:00014cf0       _wcscats                   0000000180015cf0 f   libucrt:wsetlocale.obj
 0001:00014d58       _wsetlocale                0000000180015d58 f   libucrt:wsetlocale.obj
 0001:00015780       _mbstowcs_s_l              0000000180016780 f   libucrt:mbstowcs.obj
 0001:000158b0       mbstowcs_s                 00000001800168b0 f   libucrt:mbstowcs.obj
 0001:00015c04       _wcstombs_s_l              0000000180016c04 f   libucrt:wcstombs.obj
 0001:00015cf0       ??$__acrt_stdio_parse_mode@D@@YA?AU__acrt_stdio_stream_mode@@QEBD@Z 0000000180016cf0 f i libucrt:openfile.obj
 0001:00015f8c       _openfile                  0000000180016f8c f   libucrt:openfile.obj
 0001:00016028       _query_new_mode            0000000180017028 f   libucrt:new_mode.obj
 0001:00016030       __acrt_initialize_heap     0000000180017030 f   libucrt:heap_handle.obj
 0001:0001604c       __acrt_uninitialize_heap   000000018001704c f   libucrt:heap_handle.obj
 0001:00016058       _isctype_l                 0000000180017058 f   libucrt:isctype.obj
 0001:00016308       __acrt_GetLocaleInfoA      0000000180017308 f   libucrt:getlocaleinfoa.obj
 0001:000164d0       __acrt_GetStringTypeA      00000001800174d0 f   libucrt:getstringtypea.obj
 0001:000169e0       __acrt_LCMapStringA        00000001800179e0 f   libucrt:lcmapstringa.obj
 0001:00016a78       iswctype                   0000000180017a78 f   libucrt:iswctype.obj
 0001:00016ae8       _raise_exc                 0000000180017ae8 f   libucrt:fpexcept.obj
 0001:00016b10       _raise_exc_ex              0000000180017b10 f   libucrt:fpexcept.obj
 0001:00016e18       _raise_excf                0000000180017e18 f   libucrt:fpexcept.obj
 0001:00016e44       _set_errno_from_matherr    0000000180017e44 f   libucrt:fpexcept.obj
 0001:00016e74       _clrfp                     0000000180017e74 f   libucrt:fpctrl.obj
 0001:00016e94       _ctrlfp                    0000000180017e94 f   libucrt:fpctrl.obj
 0001:00016f10       _set_statfp                0000000180017f10 f   libucrt:fpctrl.obj
 0001:00016f30       _statfp                    0000000180017f30 f   libucrt:fpctrl.obj
 0001:00016f44       _mbtowc_l                  0000000180017f44 f   libucrt:mbtowc.obj
 0001:0001708c       mbtowc                     000000018001808c f   libucrt:mbtowc.obj
 0001:000170a0       __acrt_initialize_fma3     00000001800180a0 f   libucrt:fma3_available.obj
 0001:00017110       _pow_special               0000000180018110 f   libucrt:pow_special.obj
 0001:00017234       _powf_special              0000000180018234 f   libucrt:pow_special.obj
 0001:000173c0       _wcsicmp                   00000001800183c0 f   libucrt:wcsicmp.obj
 0001:00017448       _wcsicmp_l                 0000000180018448 f   libucrt:wcsicmp.obj
 0001:00017538       __acrt_initialize_timeset  0000000180018538 f   libucrt:timeset.obj
 0001:00017568       _isleadbyte_l              0000000180018568 f i libucrt:_wctype.obj
 0001:00017a84       ?expand_if_necessary@?$argument_list@D@?A0xca0879c4@@AEAAHXZ 0000000180018a84 f i libucrt:argv_wildcards.obj
 0001:00017b4c       __acrt_expand_narrow_argv_wildcards 0000000180018b4c f   libucrt:argv_wildcards.obj
 0001:00017b54       ??$?RV<lambda_99476a1ad63dd22509b5d3e65b0ffc95>@@AEAV<lambda_ad1ced32f4ac17aa236e5ef05d6b3b7c>@@V<lambda_f7424dd8d45958661754dc4f2697e9c3>@@@?$__crt_seh_guarded_call@X@@QEAAX$$QEAV<lambda_99476a1ad63dd22509b5d3e65b0ffc95>@@AEAV<lambda_ad1ced32f4ac17aa236e5ef05d6b3b7c>@@$$QEAV<lambda_f7424dd8d45958661754dc4f2697e9c3>@@@Z 0000000180018b54 f i libucrt:mbctype.obj
 0001:00018250       __acrt_initialize_multibyte 0000000180019250 f   libucrt:mbctype.obj
 0001:00018278       __acrt_update_thread_multibyte_data 0000000180019278 f   libucrt:mbctype.obj
 0001:00018338       _setmbcp_nolock            0000000180019338 f   libucrt:mbctype.obj
 0001:000185e0       __acrt_initialize_command_line 00000001800195e0 f   libucrt:argv_data.obj
 0001:00018608       __dcrt_get_narrow_environment_from_os 0000000180019608 f   libucrt:get_environment_from_os.obj
 0001:00018ae8       __dcrt_set_variable_in_narrow_environment_nolock 0000000180019ae8 f   libucrt:setenv.obj
 0001:00018af0       _recalloc                  0000000180019af0 f   libucrt:recalloc.obj
 0001:00018af8       _recalloc_base             0000000180019af8 f   libucrt:recalloc.obj
 0001:00018b90       __acrt_execute_initializers 0000000180019b90 f   libucrt:shared_initialization.obj
 0001:00018c24       __acrt_execute_uninitializers 0000000180019c24 f   libucrt:shared_initialization.obj
 0001:00018c74       __acrt_has_user_matherr    0000000180019c74 f   libucrt:matherr.obj
 0001:00018c94       __acrt_initialize_user_matherr 0000000180019c94 f   libucrt:matherr.obj
 0001:00018c9c       __acrt_invoke_user_matherr 0000000180019c9c f   libucrt:matherr.obj
 0001:00018ce4       _isatty                    0000000180019ce4 f   libucrt:isatty.obj
 0001:00018d44       __acrt_lowio_create_handle_array 0000000180019d44 f   libucrt:osfinfo.obj
 0001:00018ddc       __acrt_lowio_destroy_handle_array 0000000180019ddc f   libucrt:osfinfo.obj
 0001:00018e2c       __acrt_lowio_ensure_fh_exists 0000000180019e2c f   libucrt:osfinfo.obj
 0001:00018ee4       __acrt_lowio_lock_fh       0000000180019ee4 f   libucrt:osfinfo.obj
 0001:00018f08       __acrt_lowio_set_os_handle 0000000180019f08 f   libucrt:osfinfo.obj
 0001:00018fc8       __acrt_lowio_unlock_fh     0000000180019fc8 f   libucrt:osfinfo.obj
 0001:00018fec       _alloc_osfhnd              0000000180019fec f   libucrt:osfinfo.obj
 0001:0001911c       _free_osfhnd               000000018001a11c f   libucrt:osfinfo.obj
 0001:000191d8       _get_osfhandle             000000018001a1d8 f   libucrt:osfinfo.obj
 0001:00019250       __acrt_add_locale_ref      000000018001a250 f   libucrt:locale_refcounting.obj
 0001:000192dc       __acrt_free_locale         000000018001a2dc f   libucrt:locale_refcounting.obj
 0001:00019454       __acrt_locale_add_lc_time_reference 000000018001a454 f   libucrt:locale_refcounting.obj
 0001:0001947c       __acrt_locale_free_lc_time_if_unreferenced 000000018001a47c f   libucrt:locale_refcounting.obj
 0001:000194b4       __acrt_locale_release_lc_time_reference 000000018001a4b4 f   libucrt:locale_refcounting.obj
 0001:000194dc       __acrt_release_locale_ref  000000018001a4dc f   libucrt:locale_refcounting.obj
 0001:00019584       __acrt_update_thread_locale_data 000000018001a584 f   libucrt:locale_refcounting.obj
 0001:000195f4       _updatetlocinfoEx_nolock   000000018001a5f4 f   libucrt:locale_refcounting.obj
 0001:0001965c       _putwch_nolock             000000018001a65c f   libucrt:putwch.obj
 0001:00019be8       _read                      000000018001abe8 f   libucrt:read.obj
 0001:00019d00       _read_nolock               000000018001ad00 f   libucrt:read.obj
 0001:0001a168       _strnicoll                 000000018001b168 f   libucrt:strnicol.obj
 0001:0001a180       _strnicoll_l               000000018001b180 f   libucrt:strnicol.obj
 0001:0001a280       wcscat_s                   000000018001b280 f   libucrt:wcscat_s.obj
 0001:0001a300       strcat_s                   000000018001b300 f   libucrt:strcat_s.obj
 0001:0001a6a8       __acrt_pack_narrow_command_line_and_environment 000000018001b6a8 f   libucrt:cenvarg.obj
 0001:0001a80c       __acrt_getpath             000000018001b80c f   libucrt:getpath.obj
 0001:0001a8bc       __acrt_copy_path_to_wide_string 000000018001b8bc f   libucrt:string_utilities.obj
 0001:0001aa7c       __acrt_DownlevelLCIDToLocaleName 000000018001ba7c f   libucrt:lcidtoname_downlevel.obj
 0001:0001ab60       __acrt_DownlevelLocaleNameToLCID 000000018001bb60 f   libucrt:lcidtoname_downlevel.obj
 0001:0001ab94       __acrt_locale_free_monetary 000000018001bb94 f   libucrt:initmon.obj
 0001:0001aca0       __acrt_locale_initialize_monetary 000000018001bca0 f   libucrt:initmon.obj
 0001:0001b1d8       __acrt_locale_free_numeric 000000018001c1d8 f   libucrt:initnum.obj
 0001:0001b244       __acrt_locale_initialize_numeric 000000018001c244 f   libucrt:initnum.obj
 0001:0001b8c8       __acrt_locale_free_time    000000018001c8c8 f   libucrt:inittime.obj
 0001:0001b9d0       __acrt_locale_initialize_time 000000018001c9d0 f   libucrt:inittime.obj
 0001:0001ba64       wcsncpy_s                  000000018001ca64 f   libucrt:wcsncpy_s.obj
 0001:0001bb48       wcscspn                    000000018001cb48 f   libucrt:wcscspn.obj
 0001:0001bb88       wcsncmp                    000000018001cb88 f   libucrt:wcsncmp.obj
 0001:0001bbb4       wcspbrk                    000000018001cbb4 f   libucrt:wcspbrk.obj
 0001:0001c458       __acrt_get_qualified_locale 000000018001d458 f   libucrt:get_qualified_locale.obj
 0001:0001ce44       __acrt_get_qualified_locale_downlevel 000000018001de44 f   libucrt:getqloc_downlevel.obj
 0001:0001d0d4       _wcsnicmp                  000000018001e0d4 f   libucrt:wcsnicmp.obj
 0001:0001d170       _wcsnicmp_l                000000018001e170 f   libucrt:wcsnicmp.obj
 0001:0001d2a0       strncmp                    000000018001e2a0 f   libucrt:strncmp.obj
 0001:0001d320       __ascii_strnicmp           000000018001e320 f   libucrt:strnicmp.obj
 0001:0001d368       _strnicmp                  000000018001e368 f   libucrt:strnicmp.obj
 0001:0001d3b8       _strnicmp_l                000000018001e3b8 f   libucrt:strnicmp.obj
 0001:0001dad8       _sopen_nolock              000000018001ead8 f   libucrt:open.obj
 0001:0001db68       _sopen_s                   000000018001eb68 f   libucrt:open.obj
 0001:0001db9c       _wsopen_nolock             000000018001eb9c f   libucrt:open.obj
 0001:0001df8c       strncpy_s                  000000018001ef8c f   libucrt:strncpy_s.obj
 0001:0001e070       _get_fpsr                  000000018001f070 f   libucrt:fpsr.obj
 0001:0001e080       _set_fpsr                  000000018001f080 f   libucrt:fpsr.obj
 0001:0001e08a       _fclrf                     000000018001f08a f   libucrt:fpsr.obj
 0001:0001e09e       _frnd                      000000018001f09e f   libucrt:fpsr.obj
 0001:0001e1e4       _handle_error              000000018001f1e4 f   libucrt:libm_error.obj
 0001:0001e30c       _handle_errorf             000000018001f30c f   libucrt:libm_error.obj
 0001:0001e440       _handle_nan                000000018001f440 f   libucrt:libm_error.obj
 0001:0001e45c       _handle_nanf               000000018001f45c f   libucrt:libm_error.obj
 0001:0001e46c       _towlower_l                000000018001f46c f   libucrt:towlower.obj
 0001:0001e600       qsort                      000000018001f600 f   libucrt:qsort.obj
 0001:0001e934       strpbrk                    000000018001f934 f   libucrt:strpbrk.obj
 0001:0001e9d4       _mbsdec                    000000018001f9d4 f   libucrt:mbsdec.obj
 0001:0001e9dc       _mbsdec_l                  000000018001f9dc f   libucrt:mbsdec.obj
 0001:0001ea8c       _msize                     000000018001fa8c f   libucrt:msize.obj
 0001:0001eac8       _query_app_type            000000018001fac8 f   libucrt:report_runtime_error.obj
 0001:0001ead0       __dcrt_lowio_initialize_console_output 000000018001fad0 f   libucrt:initcon.obj
 0001:0001eb0c       __dcrt_terminate_console_output 000000018001fb0c f   libucrt:initcon.obj
 0001:0001eec0       __acrt_CompareStringA      000000018001fec0 f   libucrt:comparestringa.obj
 0001:0001f074       _itow_s                    0000000180020074 f   libucrt:xtoa.obj
 0001:0001f094       wcscmp                     0000000180020094 f   libucrt:wcscmp.obj
 0001:0001f0cc       _get_fmode                 00000001800200cc f   libucrt:setmode.obj
 0001:0001f0fc       _setmode_nolock            00000001800200fc f   libucrt:setmode.obj
 0001:0001f1dc       _chsize_nolock             00000001800201dc f   libucrt:chsize.obj
 0001:0001f360       log10                      0000000180020360 f   libucrt:log10.obj
 0001:0001f90c       __acrt_LCMapStringW        000000018002090c f   libucrt:lcmapstringw.obj
 0001:0001f9a0       _log10_special             00000001800209a0 f   libucrt:log_special.obj
 0001:0001fa56       IsProcessorFeaturePresent  0000000180020a56 f   kernel32:KERNEL32.dll
 0001:0001fa5c       RtlUnwindEx                0000000180020a5c f   kernel32:KERNEL32.dll
 0001:0001fa64       ?DloadAcquireSectionWriteAccess@@YAXXZ 0000000180020a64 f i DelayImp:delayhlp.obj
 0001:0001fb20       ?DloadGetSRWLockFunctionPointers@@YAEXZ 0000000180020b20 f i DelayImp:delayhlp.obj
 0001:0001fbbc       ?DloadMakePermanentImageCommit@@YAXPEAX_K@Z 0000000180020bbc f i DelayImp:delayhlp.obj
 0001:0001fc54       ?DloadObtainSection@@YAPEAXPEAK0@Z 0000000180020c54 f i DelayImp:delayhlp.obj
 0001:0001fcec       ?DloadProtectSection@@YAXKPEAK@Z 0000000180020cec f i DelayImp:delayhlp.obj
 0001:0001fd7c       ?DloadReleaseSectionWriteAccess@@YAXXZ 0000000180020d7c f i DelayImp:delayhlp.obj
 0001:0001fe20       __delayLoadHelper2         0000000180020e20 f   DelayImp:delayhlp.obj
 0001:00020120       _FindPESection             0000000180021120 f   LIBCMT:pesect.obj
 0001:00020170       _IsNonwritableInCurrentImage 0000000180021170 f   LIBCMT:pesect.obj
 0001:000201c0       _ValidateImageBase         00000001800211c0 f   LIBCMT:pesect.obj
 0001:000201f0       strrchr                    00000001800211f0 f   libvcruntime:strrchr.obj
 0001:00020330       strchr                     0000000180021330 f   libvcruntime:strchr.obj
 0001:000203bc       wcschr                     00000001800213bc f   libvcruntime:wcschr.obj
 0001:00020460       _guard_dispatch_icall_nop  0000000180021460 f   LIBCMT:_guard_dispatch_.obj
 0001:00020a40       ??__F_Static@?1???$_Immortalize@V_Iostream_error_category@std@@@std@@YAAEAV_Iostream_error_category@0@XZ@YAXXZ 0000000180021a40 f i curtaincontrol.obj
 0002:00000000       __imp_GetModuleHandleA     0000000180022000     kernel32:KERNEL32.dll
 0002:00000008       __imp_WideCharToMultiByte  0000000180022008     kernel32:KERNEL32.dll
 0002:00000010       __imp_EnterCriticalSection 0000000180022010     kernel32:KERNEL32.dll
 0002:00000018       __imp_LeaveCriticalSection 0000000180022018     kernel32:KERNEL32.dll
 0002:00000020       __imp_DeleteCriticalSection 0000000180022020     kernel32:KERNEL32.dll
 0002:00000028       __imp_EncodePointer        0000000180022028     kernel32:KERNEL32.dll
 0002:00000030       __imp_DecodePointer        0000000180022030     kernel32:KERNEL32.dll
 0002:00000038       __imp_MultiByteToWideChar  0000000180022038     kernel32:KERNEL32.dll
 0002:00000040       __imp_SetLastError         0000000180022040     kernel32:KERNEL32.dll
 0002:00000048       __imp_InitializeCriticalSectionAndSpinCount 0000000180022048     kernel32:KERNEL32.dll
 0002:00000050       __imp_CreateEventW         0000000180022050     kernel32:KERNEL32.dll
 0002:00000058       __imp_TlsAlloc             0000000180022058     kernel32:KERNEL32.dll
 0002:00000060       __imp_TlsGetValue          0000000180022060     kernel32:KERNEL32.dll
 0002:00000068       __imp_TlsSetValue          0000000180022068     kernel32:KERNEL32.dll
 0002:00000070       __imp_TlsFree              0000000180022070     kernel32:KERNEL32.dll
 0002:00000078       __imp_GetSystemTimeAsFileTime 0000000180022078     kernel32:KERNEL32.dll
 0002:00000080       __imp_GetModuleHandleW     0000000180022080     kernel32:KERNEL32.dll
 0002:00000088       __imp_GetProcAddress       0000000180022088     kernel32:KERNEL32.dll
 0002:00000090       __imp_CompareStringW       0000000180022090     kernel32:KERNEL32.dll
 0002:00000098       __imp_LCMapStringW         0000000180022098     kernel32:KERNEL32.dll
 0002:000000a0       __imp_GetLocaleInfoW       00000001800220a0     kernel32:KERNEL32.dll
 0002:000000a8       __imp_GetStringTypeW       00000001800220a8     kernel32:KERNEL32.dll
 0002:000000b0       __imp_GetCPInfo            00000001800220b0     kernel32:KERNEL32.dll
 0002:000000b8       __imp_CloseHandle          00000001800220b8     kernel32:KERNEL32.dll
 0002:000000c0       __imp_SetEvent             00000001800220c0     kernel32:KERNEL32.dll
 0002:000000c8       __imp_ResetEvent           00000001800220c8     kernel32:KERNEL32.dll
 0002:000000d0       __imp_WaitForSingleObjectEx 00000001800220d0     kernel32:KERNEL32.dll
 0002:000000d8       __imp_RtlCaptureContext    00000001800220d8     kernel32:KERNEL32.dll
 0002:000000e0       __imp_RtlLookupFunctionEntry 00000001800220e0     kernel32:KERNEL32.dll
 0002:000000e8       __imp_RtlVirtualUnwind     00000001800220e8     kernel32:KERNEL32.dll
 0002:000000f0       __imp_UnhandledExceptionFilter 00000001800220f0     kernel32:KERNEL32.dll
 0002:000000f8       __imp_SetUnhandledExceptionFilter 00000001800220f8     kernel32:KERNEL32.dll
 0002:00000100       __imp_GetCurrentProcess    0000000180022100     kernel32:KERNEL32.dll
 0002:00000108       __imp_TerminateProcess     0000000180022108     kernel32:KERNEL32.dll
 0002:00000110       __imp_IsProcessorFeaturePresent 0000000180022110     kernel32:KERNEL32.dll
 0002:00000118       __imp_IsDebuggerPresent    0000000180022118     kernel32:KERNEL32.dll
 0002:00000120       __imp_GetStartupInfoW      0000000180022120     kernel32:KERNEL32.dll
 0002:00000128       __imp_QueryPerformanceCounter 0000000180022128     kernel32:KERNEL32.dll
 0002:00000130       __imp_GetCurrentProcessId  0000000180022130     kernel32:KERNEL32.dll
 0002:00000138       __imp_GetCurrentThreadId   0000000180022138     kernel32:KERNEL32.dll
 0002:00000140       __imp_InitializeSListHead  0000000180022140     kernel32:KERNEL32.dll
 0002:00000148       __imp_RtlPcToFileHeader    0000000180022148     kernel32:KERNEL32.dll
 0002:00000150       __imp_RaiseException       0000000180022150     kernel32:KERNEL32.dll
 0002:00000158       __imp_RtlUnwindEx          0000000180022158     kernel32:KERNEL32.dll
 0002:00000160       __imp_GetLastError         0000000180022160     kernel32:KERNEL32.dll
 0002:00000168       __imp_FreeLibrary          0000000180022168     kernel32:KERNEL32.dll
 0002:00000170       __imp_LoadLibraryExW       0000000180022170     kernel32:KERNEL32.dll
[...]
 0004:00001c8c       $pdata$_get_fmode          000000018003ac8c     libucrt:setmode.obj
 0004:00001c98       $pdata$_setmode_nolock     000000018003ac98     libucrt:setmode.obj
 0004:00001ca4       $pdata$_chsize_nolock      000000018003aca4     libucrt:chsize.obj
 0004:00001cbc       $pdata$__acrt_LCMapStringW 000000018003acbc     libucrt:lcmapstringw.obj
 0004:00001cc8       $pdata$_log10_special      000000018003acc8     libucrt:log_special.obj
 0004:00001cd4       $pdata$_log_special_common 000000018003acd4     libucrt:log_special.obj
 0004:00001ce0       $pdata$?DloadAcquireSectionWriteAccess@@YAXXZ 000000018003ace0     DelayImp:delayhlp.obj
 0004:00001cec       $pdata$?DloadGetSRWLockFunctionPointers@@YAEXZ 000000018003acec     DelayImp:delayhlp.obj
 0004:00001cf8       $pdata$?DloadMakePermanentImageCommit@@YAXPEAX_K@Z 000000018003acf8     DelayImp:delayhlp.obj
 0004:00001d04       $pdata$?DloadObtainSection@@YAPEAXPEAK0@Z 000000018003ad04     DelayImp:delayhlp.obj
 0004:00001d10       $pdata$?DloadProtectSection@@YAXKPEAK@Z 000000018003ad10     DelayImp:delayhlp.obj
 0004:00001d1c       $pdata$?DloadReleaseSectionWriteAccess@@YAXXZ 000000018003ad1c     DelayImp:delayhlp.obj
 0004:00001d28       $pdata$__delayLoadHelper2  000000018003ad28     DelayImp:delayhlp.obj
 0004:00001d34       $pdata$_IsNonwritableInCurrentImage 000000018003ad34     LIBCMT:pesect.obj
 0004:00001d40       $pdata$strrchr             000000018003ad40     libvcruntime:strrchr.obj
 0004:00001d4c       $pdata$strchr              000000018003ad4c     libvcruntime:strchr.obj
 0004:00001d58       $pdata$wcschr              000000018003ad58     libvcruntime:wcschr.obj
 0004:00001d70       $pdata$__scrt_is_nonwritable_in_current_image$filt$0 000000018003ad70     LIBCMT:utility.obj
 0004:00001d7c       $pdata$?fin$0@?0??dllmain_crt_process_attach@@YAHQEAUHINSTANCE__@@QEAX@Z@4HA 000000018003ad7c     LIBCMT:dll_dllmain.obj
 0004:00001d88       $pdata$?fin$0@?0??dllmain_crt_process_detach@@YAH_N@Z@4HA 000000018003ad88     LIBCMT:dll_dllmain.obj
 0004:00001d94       $pdata$?filt$0@?0??dllmain_dispatch@@YAHQEAUHINSTANCE__@@KQEAX@Z@4HA 000000018003ad94     LIBCMT:dll_dllmain.obj
 0004:00001da0       $pdata$__CxxCallCatchBlock$filt$0 000000018003ada0     libvcruntime:frame.obj
 0004:00001dac       $pdata$__CxxCallCatchBlock$fin$1 000000018003adac     libvcruntime:frame.obj
 0004:00001db8       $pdata$__DestructExceptionObject$filt$0 000000018003adb8     libvcruntime:frame.obj
 0004:00001dc4       $pdata$__FrameUnwindToState$filt$0 000000018003adc4     libvcruntime:frame.obj
 0004:00001dd0       $pdata$__FrameUnwindToState$fin$1 000000018003add0     libvcruntime:frame.obj
 0004:00001ddc       $pdata$_CallSETranslator$filt$0 000000018003addc     libvcruntime:trnsctrl.obj
 0004:00001de8       $pdata$fputc$fin$0         000000018003ade8     libucrt:fputc.obj
 0004:00001df4       $pdata$common_flush_all$fin$0 000000018003adf4     libucrt:fflush.obj
 0004:00001e00       $pdata$common_flush_all$fin$1 000000018003ae00     libucrt:fflush.obj
 0004:00001e0c       $pdata$fflush$fin$0        000000018003ae0c     libucrt:fflush.obj
 0004:00001e0c       $pdata$fclose$fin$0        000000018003ae0c     libucrt:fclose.obj
 0004:00001e18       $pdata$fgetc$fin$0         000000018003ae18     libucrt:fgetc.obj
 0004:00001e24       $pdata$?fin$0@?0???$?RV<lambda_5d4c3fee44080f75d5d9762853974fe0>@@AEAV<lambda_532e024f4337e6fc7ad266c2bef9f4ed>@@V<lambda_c87bdc10097eb2402edb8ba9bdf0697b>@@@?$__crt_seh_guarded_call@_K@@QEAA_K$$QEAV<lambda_5d4c3fee44080f75d5d9762853974fe0>@@AEAV<lambda_532e024f4337e6fc7ad266c2bef9f4ed>@@$$QEAV<lambda_c87bdc10097eb2402edb8ba9bdf0697b>@@@Z@4HA 000000018003ae24     libucrt:fwrite.obj
 0004:00001e24       $pdata$?fin$0@?0???$?RV<lambda_7a5ef57ff966f610505f1d28a3d40618>@@AEAV<lambda_b721fa326cdb32351d23dfa67958c160>@@V<lambda_5e0fb27672408a07956fe59e48ccb2aa>@@@?$__crt_seh_guarded_call@H@@QEAAH$$QEAV<lambda_7a5ef57ff966f610505f1d28a3d40618>@@AEAV<lambda_b721fa326cdb32351d23dfa67958c160>@@$$QEAV<lambda_5e0fb27672408a07956fe59e48ccb2aa>@@@Z@4HA 000000018003ae24     libucrt:setvbuf.obj
 0004:00001e30       $pdata$ungetc$fin$0        000000018003ae30     libucrt:ungetc.obj
 0004:00001e3c       $pdata$setlocale$fin$0     000000018003ae3c     libucrt:setlocale.obj
 0004:00001e48       $pdata$?fin$0@?0???$common_fsopen@D@@YAPEAU_iobuf@@QEBD0H@Z@4HA 000000018003ae48     libucrt:fopen.obj
 0004:00001e54       $pdata$_query_new_handler$fin$0 000000018003ae54     libucrt:new_handler.obj
 0004:00001e60       $pdata$?filt$0@?0??common_exit@@YAXHW4_crt_exit_cleanup_mode@@W4_crt_exit_return_mode@@@Z@4HA 000000018003ae60     libucrt:exit.obj
 0004:00001e6c       $pdata$?fin$1@?0??common_exit@@YAXHW4_crt_exit_cleanup_mode@@W4_crt_exit_return_mode@@@Z@4HA 000000018003ae6c     libucrt:exit.obj
 0004:00001e78       $pdata$?fin$0@?0???$?RV<lambda_e24bbb7b643b32fcea6fa61b31d4c984>@@AEAV<lambda_275893d493268fdec8709772e3fcec0e>@@V<lambda_9d71df4d7cf3f480f8d633942495c3b0>@@@?$__crt_seh_guarded_call@H@@QEAAH$$QEAV<lambda_e24bbb7b643b32fcea6fa61b31d4c984>@@AEAV<lambda_275893d493268fdec8709772e3fcec0e>@@$$QEAV<lambda_9d71df4d7cf3f480f8d633942495c3b0>@@@Z@4HA 000000018003ae78     libucrt:onexit.obj
 0004:00001e84       $pdata$raise$fin$0         000000018003ae84     libucrt:signal.obj
 0004:00001e90       $pdata$_write$fin$0        000000018003ae90     libucrt:write.obj
 0004:00001e90       $pdata$_read$fin$0         000000018003ae90     libucrt:read.obj
 0004:00001e90       $pdata$?fin$0@?0???$common_lseek@_J@@YA_JH_JH@Z@4HA 000000018003ae90     libucrt:lseek.obj
 0004:00001e9c       $pdata$?fin$0@?0???$?RV<lambda_b521505b218e5242e90febf6bfebc422>@@AEAV<lambda_6978c1fb23f02e42e1d9e99668cc68aa>@@V<lambda_314360699dd331753a4119843814e9a7>@@@?$__crt_seh_guarded_call@H@@QEAAH$$QEAV<lambda_b521505b218e5242e90febf6bfebc422>@@AEAV<lambda_6978c1fb23f02e42e1d9e99668cc68aa>@@$$QEAV<lambda_314360699dd331753a4119843814e9a7>@@@Z@4HA 000000018003ae9c     libucrt:commit.obj
 0004:00001e9c       $pdata$?fin$0@?0???$?RV<lambda_bfedae4ebbf01fab1bb6dcc6a9e276e0>@@AEAV<lambda_2fe9b910cf3cbf4a0ab98a02ba45b3ec>@@V<lambda_237c231691f317818eb88cc1d5d642d6>@@@?$__crt_seh_guarded_call@H@@QEAAH$$QEAV<lambda_bfedae4ebbf01fab1bb6dcc6a9e276e0>@@AEAV<lambda_2fe9b910cf3cbf4a0ab98a02ba45b3ec>@@$$QEAV<lambda_237c231691f317818eb88cc1d5d642d6>@@@Z@4HA 000000018003ae9c     libucrt:close.obj
 0004:00001ea8       $pdata$?fin$0@?0???$common_dupenv_s@D@@YAHQEAPEADQEA_KQEBDH2H@Z@4HA 000000018003aea8     libucrt:getenv.obj
 0004:00001eb4       $pdata$?fin$0@?0???$?RV<lambda_72d1df2b273a38828b1ce30cbf4cdab5>@@AEAV<lambda_876a65b173b8412d3a47c70a915b0cf4>@@V<lambda_41932305e351933ebe8f8be3ed8bb5dc>@@@?$__crt_seh_guarded_call@X@@QEAAX$$QEAV<lambda_72d1df2b273a38828b1ce30cbf4cdab5>@@AEAV<lambda_876a65b173b8412d3a47c70a915b0cf4>@@$$QEAV<lambda_41932305e351933ebe8f8be3ed8bb5dc>@@@Z@4HA 000000018003aeb4     libucrt:per_thread_data.obj
 0004:00001eb4       $pdata$?fin$0@?0???$?RV<lambda_630b2aca97f6d20d5b5ea6529ea6b6af>@@AEAV<lambda_af91936f1d075d609f72d9d8cba980af>@@V<lambda_e82fa975f615b5c7c7b0e4d178fdae67>@@@?$__crt_seh_guarded_call@H@@QEAAH$$QEAV<lambda_630b2aca97f6d20d5b5ea6529ea6b6af>@@AEAV<lambda_af91936f1d075d609f72d9d8cba980af>@@$$QEAV<lambda_e82fa975f615b5c7c7b0e4d178fdae67>@@@Z@4HA 000000018003aeb4     libucrt:winapi_thunks.obj
 0004:00001eb4       $pdata$?fin$0@?0???$?RV<lambda_99476a1ad63dd22509b5d3e65b0ffc95>@@AEAV<lambda_ad1ced32f4ac17aa236e5ef05d6b3b7c>@@V<lambda_f7424dd8d45958661754dc4f2697e9c3>@@@?$__crt_seh_guarded_call@X@@QEAAX$$QEAV<lambda_99476a1ad63dd22509b5d3e65b0ffc95>@@AEAV<lambda_ad1ced32f4ac17aa236e5ef05d6b3b7c>@@$$QEAV<lambda_f7424dd8d45958661754dc4f2697e9c3>@@@Z@4HA 000000018003aeb4     libucrt:mbctype.obj
 0004:00001eb4       $pdata$?fin$0@?0???$?RV<lambda_5e887d1dcbef67a5eb4283622ba103bf>@@AEAV<lambda_4466841279450cc726390878d4a41900>@@V<lambda_341c25c0346d94847f1f3c463c57e077>@@@?$__crt_seh_guarded_call@X@@QEAAX$$QEAV<lambda_5e887d1dcbef67a5eb4283622ba103bf>@@AEAV<lambda_4466841279450cc726390878d4a41900>@@$$QEAV<lambda_341c25c0346d94847f1f3c463c57e077>@@@Z@4HA 000000018003aeb4     libucrt:per_thread_data.obj
 0004:00001eb4       $pdata$?fin$0@?0???$?RV<lambda_fb3a7dec4e47f37f22dae91bb15c9095>@@AEAV<lambda_698284760c8add0bfb0756c19673e34b>@@V<lambda_dfb8eca1e75fef3034a8fb18dd509707>@@@?$__crt_seh_guarded_call@X@@QEAAX$$QEAV<lambda_fb3a7dec4e47f37f22dae91bb15c9095>@@AEAV<lambda_698284760c8add0bfb0756c19673e34b>@@$$QEAV<lambda_dfb8eca1e75fef3034a8fb18dd509707>@@@Z@4HA 000000018003aeb4     libucrt:per_thread_data.obj
 0004:00001eb4       $pdata$?fin$0@?0???$?RV<lambda_fb01e4b6cb0b58be62120d2a518119ce>@@AEAV<lambda_45edfab556fcff821d8a41c06e3d46c0>@@V<lambda_8a9bf702b7f902ca2f9107a173e0fbe3>@@@?$__crt_seh_guarded_call@_N@@QEAA_N$$QEAV<lambda_fb01e4b6cb0b58be62120d2a518119ce>@@AEAV<lambda_45edfab556fcff821d8a41c06e3d46c0>@@$$QEAV<lambda_8a9bf702b7f902ca2f9107a173e0fbe3>@@@Z@4HA 000000018003aeb4     libucrt:spawnv.obj
 0004:00001eb4       $pdata$?fin$0@?0???$?RV<lambda_46352004c1216016012b18bd6f87e700>@@AEAV<lambda_3bd07e1a1191394380780325891bf33f>@@V<lambda_334532d3f185bcaa59b5be82d7d22bff>@@@?$__crt_seh_guarded_call@X@@QEAAX$$QEAV<lambda_46352004c1216016012b18bd6f87e700>@@AEAV<lambda_3bd07e1a1191394380780325891bf33f>@@$$QEAV<lambda_334532d3f185bcaa59b5be82d7d22bff>@@@Z@4HA 000000018003aeb4     libucrt:per_thread_data.obj
 0004:00001eb4       $pdata$?fin$0@?0???$?RV<lambda_d67e8342c384adda8f857579ab50b2ae>@@AEAV<lambda_30712929f77e709619002f448b6a9510>@@V<lambda_4525336fd7e478d965fb7ca7a337cad8>@@@?$__crt_seh_guarded_call@X@@QEAAX$$QEAV<lambda_d67e8342c384adda8f857579ab50b2ae>@@AEAV<lambda_30712929f77e709619002f448b6a9510>@@$$QEAV<lambda_4525336fd7e478d965fb7ca7a337cad8>@@@Z@4HA 000000018003aeb4     libucrt:wsetlocale.obj
 0004:00001eb4       $pdata$?fin$0@?0???$?RV<lambda_c36588078e9f5dfd39652860aa6b3aaf>@@AEAV<lambda_ec61778202f4f5fc7e7711acc23c3bca>@@V<lambda_dc9d2797ccde5d239b4a0efae8ebd7db>@@@?$__crt_seh_guarded_call@P6AXH@Z@@QEAAP6AXH@Z$$QEAV<lambda_c36588078e9f5dfd39652860aa6b3aaf>@@AEAV<lambda_ec61778202f4f5fc7e7711acc23c3bca>@@$$QEAV<lambda_dc9d2797ccde5d239b4a0efae8ebd7db>@@@Z@4HA 000000018003aeb4     libucrt:signal.obj
 0004:00001eb4       $pdata$?fin$0@?0???$?RV<lambda_b8c45f8f788dd370798f47cfe8ac3a86>@@AEAV<lambda_4e60a939b0d047cfe11ddc22648dfba9>@@V<lambda_332c3edc96d0294ec56c57d38c1cdfd5>@@@?$__crt_seh_guarded_call@H@@QEAAH$$QEAV<lambda_b8c45f8f788dd370798f47cfe8ac3a86>@@AEAV<lambda_4e60a939b0d047cfe11ddc22648dfba9>@@$$QEAV<lambda_332c3edc96d0294ec56c57d38c1cdfd5>@@@Z@4HA 000000018003aeb4     libucrt:onexit.obj
 0004:00001ec0       $pdata$?fin$0@?0??__acrt_stdio_allocate_stream@@YA?AV__crt_stdio_stream@@XZ@4HA 000000018003aec0     libucrt:stream.obj
 0004:00001ec0       $pdata$_fcloseall$fin$0    000000018003aec0     libucrt:closeall.obj
 0004:00001ecc       $pdata$?fin$0@?0??common_fseek@@YAHV__crt_stdio_stream@@_JH@Z@4HA 000000018003aecc     libucrt:fseek.obj
 0004:00001ecc       $pdata$?fin$0@?0???$common_ftell@_J@@YA_JV__crt_stdio_stream@@@Z@4HA 000000018003aecc     libucrt:ftell.obj
 0004:00001ed8       $pdata$?fin$0@?0???$?RV<lambda_5df02c53a8f32f81fd64e5bbb78039f1>@@AEAV<lambda_2af78c5f5901b1372d98f9ab3177dfa6>@@AEAV<lambda_f51fe5fd7c79a33db34fc9310f277369>@@@?$__crt_seh_guarded_call@X@@QEAAX$$QEAV<lambda_5df02c53a8f32f81fd64e5bbb78039f1>@@AEAV<lambda_2af78c5f5901b1372d98f9ab3177dfa6>@@AEAV<lambda_f51fe5fd7c79a33db34fc9310f277369>@@@Z@4HA 000000018003aed8     libucrt:wsetlocale.obj
 0004:00001ee4       $pdata$__acrt_update_thread_locale_data$fin$0 000000018003aee4     libucrt:locale_refcounting.obj
 0004:00001ee4       $pdata$__acrt_uninitialize_locale$fin$0 000000018003aee4     libucrt:wsetlocale.obj
 0004:00001ef0       $pdata$_ctrlfp$filt$0      000000018003aef0     libucrt:fpctrl.obj
 0004:00001efc       $pdata$__acrt_update_thread_multibyte_data$fin$0 000000018003aefc     libucrt:mbctype.obj
 0004:00001f08       $pdata$__acrt_lowio_ensure_fh_exists$fin$0 000000018003af08     libucrt:osfinfo.obj
 0004:00001f08       $pdata$__acrt_initialize_lowio$fin$0 000000018003af08     libucrt:ioinit.obj
 0004:00001f08       $pdata$_alloc_osfhnd$fin$0 000000018003af08     libucrt:osfinfo.obj
 0004:00001f14       $pdata$?fin$0@?0???$common_sopen_dispatch@D@@YAHQEBDHHHQEAHH@Z@4HA 000000018003af14     libucrt:open.obj
 0004:00001f20       $pdata$_IsNonwritableInCurrentImage$filt$0 000000018003af20     LIBCMT:pesect.obj
 0004:00001f2c       $pdata$??__FcurtainCommand@demo@@YAXXZ 000000018003af2c     curtaincontrol.obj
 0004:00001f38       $pdata$??__FmyFile@demo@@YAXXZ 000000018003af38     curtaincontrol.obj
 0004:00001f44       $pdata$??__Fcout@std@@YAXXZ 000000018003af44     libcpmt:cout.obj
 0004:00001f50       $pdata$??__F_Fac_tidy_reg@std@@YAXXZ 000000018003af50     libcpmt:locale0.obj
 0004:00001f5c       $pdata$??__Fclassic_locale@std@@YAXXZ 000000018003af5c     libcpmt:locale0.obj
 0004:00001f68       $pdata$??__Finit_atexit@@YAXXZ 000000018003af68     libcpmt:iosptrs.obj
 0005:00000000       __guard_fids__             000000018003b000     libucrt:initialization.obj
 0005:00000060       __guard_fids___acrt_initialize_ptd 000000018003b060     libucrt:per_thread_data.obj
 0005:00000064       __guard_fids__             000000018003b064     libucrt:stdio_initializer.obj
 0005:00000068       __guard_fids__             000000018003b068     libucrt:stdio_initializer.obj
 0005:0000006c       __guard_fids_??$?RV<lambda_630b2aca97f6d20d5b5ea6529ea6b6af>@@AEAV<lambda_af91936f1d075d609f72d9d8cba980af>@@V<lambda_e82fa975f615b5c7c7b0e4d178fdae67>@@@?$__crt_seh_guarded_call@H@@QEAAH$$QEAV<lambda_630b2aca97f6d20d5b5ea6529ea6b6af>@@AEAV<lambda_af91936f1d075d609f72d9d8cba980af>@@$$QEAV<lambda_e82fa975f615b5c7c7b0e4d178fdae67>@@@Z 000000018003b06c     libucrt:winapi_thunks.obj
 0005:00000070       __guard_fids__             000000018003b070     libucrt:wsetlocale.obj
 0005:00000088       __guard_fids_??$expand_argument_wildcards@D@@YAHQEAD0AEAV?$argument_list@D@?A0xca0879c4@@@Z 000000018003b088     libucrt:argv_wildcards.obj
 0005:0000008c       __guard_fids__             000000018003b08c     libucrt:locale_initializer.obj
 0005:00000090       __guard_fids_GetLocaleNameFromLangCountry 000000018003b090     libucrt:get_qualified_locale.obj
 0005:00000094       __guard_fids_GetLocaleNameFromLanguage 000000018003b094     libucrt:get_qualified_locale.obj
 0005:00000098       __guard_fids___acrt_get_qualified_locale_downlevel 000000018003b098     libucrt:getqloc_downlevel.obj
 0005:0000009c       __guard_fids_GetLcidFromLangCountry 000000018003b09c     libucrt:getqloc_downlevel.obj
 0005:000000a0       __guard_fids_GetLcidFromLanguage 000000018003b0a0     libucrt:getqloc_downlevel.obj
 0005:000000a4       __guard_fids__             000000018003b0a4     libucrt:fma3_initializer.obj
 0005:000000a8       __guard_fids__             000000018003b0a8     libucrt:timeset_initializer.obj
 0005:000000ac       __guard_fids__             000000018003b0ac     libucrt:multibyte_initializer.obj
 0005:000000b0       __guard_fids__             000000018003b0b0     libucrt:console_output_initializer.obj
 0005:000000b4       __guard_fids_??__Einitlocks@std@@YAXXZ 000000018003b0b4     libcpmt:xlock.obj
 0005:000000b8       __guard_fids__             000000018003b0b8     libcpmt:xlock.obj
 0005:000000bc       __guard_fids_??__Einitlocks@@YAXXZ 000000018003b0bc     libcpmt:cout.obj
 0005:000000c0       __guard_fids_??__Efout@std@@YAXXZ 000000018003b0c0     libcpmt:cout.obj
 0005:000000c4       __guard_fids_??__Ecout@std@@YAXXZ 000000018003b0c4     libcpmt:cout.obj
 0005:000000c8       __guard_fids__             000000018003b0c8     libcpmt:cout.obj
 0005:000000d0       __guard_fids__             000000018003b0d0     libcpmt:cout.obj
 0005:000000d8       __guard_fids__             000000018003b0d8     libcpmt:cout.obj
 0005:000000e4       __guard_fids__             000000018003b0e4     libcpmt:cout.obj
 0005:00000110       __guard_fids__             000000018003b110     libcpmt:cout.obj
 0005:00000128       __guard_fids__             000000018003b128     libcpmt:cout.obj
 0005:00000130       __guard_fids__             000000018003b130     libcpmt:cout.obj
 0005:00000148       __guard_fids__             000000018003b148     libcpmt:cout.obj
 0005:00000150       __guard_fids__             000000018003b150     libcpmt:cout.obj
 0005:00000154       __guard_fids__             000000018003b154     libcpmt:cout.obj
 0005:00000190       __guard_fids__             000000018003b190     libcpmt:cout.obj
 0005:000001cc       __guard_fids__             000000018003b1cc     libcpmt:cout.obj
 0005:000001d0       __guard_fids__             000000018003b1d0     libcpmt:cout.obj
 0005:000001d4       __guard_fids__             000000018003b1d4     libcpmt:cout.obj
 0005:000001fc       __guard_fids__             000000018003b1fc     libcpmt:cout.obj
 0005:00000200       __guard_fids__             000000018003b200     libcpmt:cout.obj
 0005:00000204       __guard_fids__             000000018003b204     libcpmt:cout.obj
 0005:00000208       __guard_fids__             000000018003b208     libcpmt:cout.obj
 0005:0000020c       __guard_fids_??__E_Fac_tidy_reg@std@@YAXXZ 000000018003b20c     libcpmt:locale0.obj
 0005:00000210       __guard_fids_?_Setgloballocale@locale@std@@CAXPEAX@Z 000000018003b210     libcpmt:locale0.obj
 0005:00000214       __guard_fids_??__Eclassic_locale@std@@YAXXZ 000000018003b214     libcpmt:locale0.obj
 0005:00000218       __guard_fids__             000000018003b218     libcpmt:locale0.obj
 0005:00000224       __guard_fids__             000000018003b224     libcpmt:locale0.obj
 0005:00000228       __guard_fids__             000000018003b228     libcpmt:locale0.obj
 0005:0000022c       __guard_fids__             000000018003b22c     libcpmt:xthrow.obj
 0005:00000234       __guard_fids__             000000018003b234     libcpmt:xthrow.obj
 0005:0000023c       __guard_fids__             000000018003b23c     libcpmt:xthrow.obj
 0005:00000244       __guard_fids__             000000018003b244     libcpmt:xthrow.obj
 0005:0000024c       __guard_fids_??__Einitlocks@std@@YAXXZ 000000018003b24c     libcpmt:iosptrs.obj
 0005:00000250       __guard_fids_??__Einit_atexit@@YAXXZ 000000018003b250     libcpmt:iosptrs.obj
 0005:00000254       __guard_fids__             000000018003b254     libcpmt:iosptrs.obj
 0005:00000258       __guard_fids__             000000018003b258     libcpmt:iosptrs.obj
 0005:0000025c       __guard_fids__             000000018003b25c     libcpmt:winapisupp.obj
 0005:00000260       __guard_fids__             000000018003b260     LIBCMT:thread_safe_statics.obj
 0005:00000264       __guard_fids_?__scrt_initialize_thread_safe_statics@@YAHXZ 000000018003b264     LIBCMT:thread_safe_statics.obj
 0005:00000268       __guard_fids_?dllmain_crt_process_attach@@YAHQEAUHINSTANCE__@@QEAX@Z 000000018003b268     LIBCMT:dll_dllmain.obj
 0005:00000270       __guard_fids_?dllmain_dispatch@@YAHQEAUHINSTANCE__@@KQEAX@Z 000000018003b270     LIBCMT:dll_dllmain.obj
 0005:00000274       __guard_fids__             000000018003b274     LIBCMT:std_type_info_static.obj
 0005:00000278       __guard_fids__             000000018003b278     LIBCMT:throw_bad_alloc.obj
 0005:00000280       __guard_fids__             000000018003b280     LIBCMT:guard_support.obj
 0005:00000284       __guard_fids__             000000018003b284     libvcruntime:frame.obj
 0005:00000288       __guard_fids__             000000018003b288     libvcruntime:frame.obj
 0005:00000290       __guard_fids__UnwindNestedFrames 000000018003b290     libvcruntime:trnsctrl.obj
 0005:00000294       __guard_fids___vcrt_initialize_ptd 000000018003b294     libvcruntime:per_thread_data.obj
 0007:00000060       $R000000                   000000018003d060     * linker generated manifest res *

 Exports

  ordinal    name

        1    _register_addon_
